Archive member included to satisfy reference by file (symbol)

C:/ST/STM32CubeIDE_1.14.1/STM32CubeIDE/plugins/com.st.stm32cube.ide.mcu.externaltools.gnu-tools-for-stm32.11.3.rel1.win32_1.1.100.202309141235/tools/bin/../lib/gcc/arm-none-eabi/11.3.1/../../../../arm-none-eabi/lib/thumb/v7e-m+fp/hard\libm.a(libm_a-s_floor.o)
                              ./Core/Src/TMC5160.o (floor)
C:/ST/STM32CubeIDE_1.14.1/STM32CubeIDE/plugins/com.st.stm32cube.ide.mcu.externaltools.gnu-tools-for-stm32.11.3.rel1.win32_1.1.100.202309141235/tools/bin/../lib/gcc/arm-none-eabi/11.3.1/../../../../arm-none-eabi/lib/thumb/v7e-m+fp/hard\libc_nano.a(libc_a-exit.o)
                              C:/ST/STM32CubeIDE_1.14.1/STM32CubeIDE/plugins/com.st.stm32cube.ide.mcu.externaltools.gnu-tools-for-stm32.11.3.rel1.win32_1.1.100.202309141235/tools/bin/../lib/gcc/arm-none-eabi/11.3.1/../../../../arm-none-eabi/lib/thumb/v7e-m+fp/hard/crt0.o (exit)
C:/ST/STM32CubeIDE_1.14.1/STM32CubeIDE/plugins/com.st.stm32cube.ide.mcu.externaltools.gnu-tools-for-stm32.11.3.rel1.win32_1.1.100.202309141235/tools/bin/../lib/gcc/arm-none-eabi/11.3.1/../../../../arm-none-eabi/lib/thumb/v7e-m+fp/hard\libc_nano.a(libc_a-findfp.o)
                              C:/ST/STM32CubeIDE_1.14.1/STM32CubeIDE/plugins/com.st.stm32cube.ide.mcu.externaltools.gnu-tools-for-stm32.11.3.rel1.win32_1.1.100.202309141235/tools/bin/../lib/gcc/arm-none-eabi/11.3.1/../../../../arm-none-eabi/lib/thumb/v7e-m+fp/hard\libc_nano.a(libc_a-exit.o) (__stdio_exit_handler)
C:/ST/STM32CubeIDE_1.14.1/STM32CubeIDE/plugins/com.st.stm32cube.ide.mcu.externaltools.gnu-tools-for-stm32.11.3.rel1.win32_1.1.100.202309141235/tools/bin/../lib/gcc/arm-none-eabi/11.3.1/../../../../arm-none-eabi/lib/thumb/v7e-m+fp/hard\libc_nano.a(libc_a-fwalk.o)
                              C:/ST/STM32CubeIDE_1.14.1/STM32CubeIDE/plugins/com.st.stm32cube.ide.mcu.externaltools.gnu-tools-for-stm32.11.3.rel1.win32_1.1.100.202309141235/tools/bin/../lib/gcc/arm-none-eabi/11.3.1/../../../../arm-none-eabi/lib/thumb/v7e-m+fp/hard\libc_nano.a(libc_a-findfp.o) (_fwalk_sglue)
C:/ST/STM32CubeIDE_1.14.1/STM32CubeIDE/plugins/com.st.stm32cube.ide.mcu.externaltools.gnu-tools-for-stm32.11.3.rel1.win32_1.1.100.202309141235/tools/bin/../lib/gcc/arm-none-eabi/11.3.1/../../../../arm-none-eabi/lib/thumb/v7e-m+fp/hard\libc_nano.a(libc_a-stdio.o)
                              C:/ST/STM32CubeIDE_1.14.1/STM32CubeIDE/plugins/com.st.stm32cube.ide.mcu.externaltools.gnu-tools-for-stm32.11.3.rel1.win32_1.1.100.202309141235/tools/bin/../lib/gcc/arm-none-eabi/11.3.1/../../../../arm-none-eabi/lib/thumb/v7e-m+fp/hard\libc_nano.a(libc_a-findfp.o) (__sread)
C:/ST/STM32CubeIDE_1.14.1/STM32CubeIDE/plugins/com.st.stm32cube.ide.mcu.externaltools.gnu-tools-for-stm32.11.3.rel1.win32_1.1.100.202309141235/tools/bin/../lib/gcc/arm-none-eabi/11.3.1/../../../../arm-none-eabi/lib/thumb/v7e-m+fp/hard\libc_nano.a(libc_a-memset.o)
                              C:/ST/STM32CubeIDE_1.14.1/STM32CubeIDE/plugins/com.st.stm32cube.ide.mcu.externaltools.gnu-tools-for-stm32.11.3.rel1.win32_1.1.100.202309141235/tools/bin/../lib/gcc/arm-none-eabi/11.3.1/../../../../arm-none-eabi/lib/thumb/v7e-m+fp/hard/crt0.o (memset)
C:/ST/STM32CubeIDE_1.14.1/STM32CubeIDE/plugins/com.st.stm32cube.ide.mcu.externaltools.gnu-tools-for-stm32.11.3.rel1.win32_1.1.100.202309141235/tools/bin/../lib/gcc/arm-none-eabi/11.3.1/../../../../arm-none-eabi/lib/thumb/v7e-m+fp/hard\libc_nano.a(libc_a-closer.o)
                              C:/ST/STM32CubeIDE_1.14.1/STM32CubeIDE/plugins/com.st.stm32cube.ide.mcu.externaltools.gnu-tools-for-stm32.11.3.rel1.win32_1.1.100.202309141235/tools/bin/../lib/gcc/arm-none-eabi/11.3.1/../../../../arm-none-eabi/lib/thumb/v7e-m+fp/hard\libc_nano.a(libc_a-stdio.o) (_close_r)
C:/ST/STM32CubeIDE_1.14.1/STM32CubeIDE/plugins/com.st.stm32cube.ide.mcu.externaltools.gnu-tools-for-stm32.11.3.rel1.win32_1.1.100.202309141235/tools/bin/../lib/gcc/arm-none-eabi/11.3.1/../../../../arm-none-eabi/lib/thumb/v7e-m+fp/hard\libc_nano.a(libc_a-reent.o)
                              C:/ST/STM32CubeIDE_1.14.1/STM32CubeIDE/plugins/com.st.stm32cube.ide.mcu.externaltools.gnu-tools-for-stm32.11.3.rel1.win32_1.1.100.202309141235/tools/bin/../lib/gcc/arm-none-eabi/11.3.1/../../../../arm-none-eabi/lib/thumb/v7e-m+fp/hard\libc_nano.a(libc_a-closer.o) (errno)
C:/ST/STM32CubeIDE_1.14.1/STM32CubeIDE/plugins/com.st.stm32cube.ide.mcu.externaltools.gnu-tools-for-stm32.11.3.rel1.win32_1.1.100.202309141235/tools/bin/../lib/gcc/arm-none-eabi/11.3.1/../../../../arm-none-eabi/lib/thumb/v7e-m+fp/hard\libc_nano.a(libc_a-impure.o)
                              C:/ST/STM32CubeIDE_1.14.1/STM32CubeIDE/plugins/com.st.stm32cube.ide.mcu.externaltools.gnu-tools-for-stm32.11.3.rel1.win32_1.1.100.202309141235/tools/bin/../lib/gcc/arm-none-eabi/11.3.1/../../../../arm-none-eabi/lib/thumb/v7e-m+fp/hard\libc_nano.a(libc_a-reent.o) (_impure_ptr)
[...]
Memory Configuration

Name             Origin             Length             Attributes
CCMRAM           0x0000000010000000 0x0000000000002000 xrw
RAM              0x0000000020000000 0x000000000000a000 xrw
FLASH            0x0000000008000000 0x0000000000040000 xr
*default*        0x0000000000000000 0xffffffffffffffff

Linker script and memory map

LOAD C:/ST/STM32CubeIDE_1.14.1/STM32CubeIDE/plugins/com.st.stm32cube.ide.mcu.externaltools.gnu-tools-for-stm32.11.3.rel1.win32_1.1.100.202309141235/tools/bin/../lib/gcc/arm-none-eabi/11.3.1/thumb/v7e-m+fp/hard/crti.o
LOAD C:/ST/STM32CubeIDE_1.14.1/STM32CubeIDE/plugins/com.st.stm32cube.ide.mcu.externaltools.gnu-tools-for-stm32.11.3.rel1.win32_1.1.100.202309141235/tools/bin/../lib/gcc/arm-none-eabi/11.3.1/thumb/v7e-m+fp/hard/crtbegin.o
LOAD C:/ST/STM32CubeIDE_1.14.1/STM32CubeIDE/plugins/com.st.stm32cube.ide.mcu.externaltools.gnu-tools-for-stm32.11.3.rel1.win32_1.1.100.202309141235/tools/bin/../lib/gcc/arm-none-eabi/11.3.1/../../../../arm-none-eabi/lib/thumb/v7e-m+fp/hard/crt0.o
LOAD ./Core/Src/TMC5160.o
LOAD ./Core/Src/TMC5160_SPI.o
LOAD ./Core/Src/main.o
LOAD ./Core/Src/stm32f3xx_hal_msp.o
LOAD ./Core/Src/stm32f3xx_it.o
LOAD ./Core/Src/syscalls.o
LOAD ./Core/Src/sysmem.o
LOAD ./Core/Src/system_stm32f3xx.o
LOAD ./Core/Startup/startup_stm32f303cctx.o
LOAD ./Drivers/STM32F3xx_HAL_Driver/Src/stm32f3xx_hal.o
LOAD ./Drivers/STM32F3xx_HAL_Driver/Src/stm32f3xx_hal_adc.o
LOAD ./Drivers/STM32F3xx_HAL_Driver/Src/stm32f3xx_hal_adc_ex.o
LOAD ./Drivers/STM32F3xx_HAL_Driver/Src/stm32f3xx_hal_can.o
LOAD ./Drivers/STM32F3xx_HAL_Driver/Src/stm32f3xx_hal_cortex.o
LOAD ./Drivers/STM32F3xx_HAL_Driver/Src/stm32f3xx_hal_dma.o
LOAD ./Drivers/STM32F3xx_HAL_Driver/Src/stm32f3xx_hal_exti.o
LOAD ./Drivers/STM32F3xx_HAL_Driver/Src/stm32f3xx_hal_flash.o
LOAD ./Drivers/STM32F3xx_HAL_Driver/Src/stm32f3xx_hal_flash_ex.o
LOAD ./Drivers/STM32F3xx_HAL_Driver/Src/stm32f3xx_hal_gpio.o
LOAD ./Drivers/STM32F3xx_HAL_Driver/Src/stm32f3xx_hal_i2c.o
LOAD ./Drivers/STM32F3xx_HAL_Driver/Src/stm32f3xx_hal_i2c_ex.o
LOAD ./Drivers/STM32F3xx_HAL_Driver/Src/stm32f3xx_hal_pwr.o
LOAD ./Drivers/STM32F3xx_HAL_Driver/Src/stm32f3xx_hal_pwr_ex.o
LOAD ./Drivers/STM32F3xx_HAL_Driver/Src/stm32f3xx_hal_rcc.o
LOAD ./Drivers/STM32F3xx_HAL_Driver/Src/stm32f3xx_hal_rcc_ex.o
LOAD ./Drivers/STM32F3xx_HAL_Driver/Src/stm32f3xx_hal_spi.o
LOAD ./Drivers/STM32F3xx_HAL_Driver/Src/stm32f3xx_hal_spi_ex.o
LOAD ./Drivers/STM32F3xx_HAL_Driver/Src/stm32f3xx_hal_tim.o
LOAD ./Drivers/STM32F3xx_HAL_Driver/Src/stm32f3xx_hal_tim_ex.o
START GROUP
LOAD C:/ST/STM32CubeIDE_1.14.1/STM32CubeIDE/plugins/com.st.stm32cube.ide.mcu.externaltools.gnu-tools-for-stm32.11.3.rel1.win32_1.1.100.202309141235/tools/bin/../lib/gcc/arm-none-eabi/11.3.1/../../../../arm-none-eabi/lib/thumb/v7e-m+fp/hard\libstdc++_nano.a
LOAD C:/ST/STM32CubeIDE_1.14.1/STM32CubeIDE/plugins/com.st.stm32cube.ide.mcu.externaltools.gnu-tools-for-stm32.11.3.rel1.win32_1.1.100.202309141235/tools/bin/../lib/gcc/arm-none-eabi/11.3.1/../../../../arm-none-eabi/lib/thumb/v7e-m+fp/hard\libsupc++_nano.a
END GROUP
LOAD C:/ST/STM32CubeIDE_1.14.1/STM32CubeIDE/plugins/com.st.stm32cube.ide.mcu.externaltools.gnu-tools-for-stm32.11.3.rel1.win32_1.1.100.202309141235/tools/bin/../lib/gcc/arm-none-eabi/11.3.1/../../../../arm-none-eabi/lib/thumb/v7e-m+fp/hard\libstdc++_nano.a
LOAD C:/ST/STM32CubeIDE_1.14.1/STM32CubeIDE/plugins/com.st.stm32cube.ide.mcu.externaltools.gnu-tools-for-stm32.11.3.rel1.win32_1.1.100.202309141235/tools/bin/../lib/gcc/arm-none-eabi/11.3.1/../../../../arm-none-eabi/lib/thumb/v7e-m+fp/hard\libm.a
LOAD C:/ST/STM32CubeIDE_1.14.1/STM32CubeIDE/plugins/com.st.stm32cube.ide.mcu.externaltools.gnu-tools-for-stm32.11.3.rel1.win32_1.1.100.202309141235/tools/bin/../lib/gcc/arm-none-eabi/11.3.1/../../../../arm-none-eabi/lib/thumb/v7e-m+fp/hard\libc_nano.a
START GROUP
LOAD C:/ST/STM32CubeIDE_1.14.1/STM32CubeIDE/plugins/com.st.stm32cube.ide.mcu.externaltools.gnu-tools-for-stm32.11.3.rel1.win32_1.1.100.202309141235/tools/bin/../lib/gcc/arm-none-eabi/11.3.1/thumb/v7e-m+fp/hard\libgcc.a
LOAD C:/ST/STM32CubeIDE_1.14.1/STM32CubeIDE/plugins/com.st.stm32cube.ide.mcu.externaltools.gnu-tools-for-stm32.11.3.rel1.win32_1.1.100.202309141235/tools/bin/../lib/gcc/arm-none-eabi/11.3.1/../../../../arm-none-eabi/lib/thumb/v7e-m+fp/hard\libc_nano.a
END GROUP
START GROUP
LOAD C:/ST/STM32CubeIDE_1.14.1/STM32CubeIDE/plugins/com.st.stm32cube.ide.mcu.externaltools.gnu-tools-for-stm32.11.3.rel1.win32_1.1.100.202309141235/tools/bin/../lib/gcc/arm-none-eabi/11.3.1/thumb/v7e-m+fp/hard\libgcc.a
LOAD C:/ST/STM32CubeIDE_1.14.1/STM32CubeIDE/plugins/com.st.stm32cube.ide.mcu.externaltools.gnu-tools-for-stm32.11.3.rel1.win32_1.1.100.202309141235/tools/bin/../lib/gcc/arm-none-eabi/11.3.1/../../../../arm-none-eabi/lib/thumb/v7e-m+fp/hard\libc_nano.a
LOAD C:/ST/STM32CubeIDE_1.14.1/STM32CubeIDE/plugins/com.st.stm32cube.ide.mcu.externaltools.gnu-tools-for-stm32.11.3.rel1.win32_1.1.100.202309141235/tools/bin/../lib/gcc/arm-none-eabi/11.3.1/../../../../arm-none-eabi/lib/thumb/v7e-m+fp/hard\libnosys.a
END GROUP
START GROUP
LOAD C:/ST/STM32CubeIDE_1.14.1/STM32CubeIDE/plugins/com.st.stm32cube.ide.mcu.externaltools.gnu-tools-for-stm32.11.3.rel1.win32_1.1.100.202309141235/tools/bin/../lib/gcc/arm-none-eabi/11.3.1/thumb/v7e-m+fp/hard\libgcc.a
LOAD C:/ST/STM32CubeIDE_1.14.1/STM32CubeIDE/plugins/com.st.stm32cube.ide.mcu.externaltools.gnu-tools-for-stm32.11.3.rel1.win32_1.1.100.202309141235/tools/bin/../lib/gcc/arm-none-eabi/11.3.1/../../../../arm-none-eabi/lib/thumb/v7e-m+fp/hard\libc_nano.a
LOAD C:/ST/STM32CubeIDE_1.14.1/STM32CubeIDE/plugins/com.st.stm32cube.ide.mcu.externaltools.gnu-tools-for-stm32.11.3.rel1.win32_1.1.100.202309141235/tools/bin/../lib/gcc/arm-none-eabi/11.3.1/../../../../arm-none-eabi/lib/thumb/v7e-m+fp/hard\libnosys.a
END GROUP
LOAD C:/ST/STM32CubeIDE_1.14.1/STM32CubeIDE/plugins/com.st.stm32cube.ide.mcu.externaltools.gnu-tools-for-stm32.11.3.rel1.win32_1.1.100.202309141235/tools/bin/../lib/gcc/arm-none-eabi/11.3.1/thumb/v7e-m+fp/hard/crtend.o
LOAD C:/ST/STM32CubeIDE_1.14.1/STM32CubeIDE/plugins/com.st.stm32cube.ide.mcu.externaltools.gnu-tools-for-stm32.11.3.rel1.win32_1.1.100.202309141235/tools/bin/../lib/gcc/arm-none-eabi/11.3.1/thumb/v7e-m+fp/hard/crtn.o
                0x000000002000a000                _estack = (ORIGIN (RAM) + LENGTH (RAM))
                0x0000000000000200                _Min_Heap_Size = 0x200
                0x0000000000000400                _Min_Stack_Size = 0x400

.isr_vector     0x0000000008000000      0x188
                0x0000000008000000                . = ALIGN (0x4)
 *(.isr_vector)
 .isr_vector    0x0000000008000000      0x188 ./Core/Startup/startup_stm32f303cctx.o
                0x0000000008000000                g_pfnVectors
                0x0000000008000188                . = ALIGN (0x4)

.text           0x0000000008000188     0x5e4c
                0x0000000008000188                . = ALIGN (0x4)
 *(.text)
 .text          0x0000000008000188       0x40 C:/ST/STM32CubeIDE_1.14.1/STM32CubeIDE/plugins/com.st.stm32cube.ide.mcu.externaltools.gnu-tools-for-stm32.11.3.rel1.win32_1.1.100.202309141235/tools/bin/../lib/gcc/arm-none-eabi/11.3.1/thumb/v7e-m+fp/hard/crtbegin.o
 .text          0x00000000080001c8      0x378 C:/ST/STM32CubeIDE_1.14.1/STM32CubeIDE/plugins/com.st.stm32cube.ide.mcu.externaltools.gnu-tools-for-stm32.11.3.rel1.win32_1.1.100.202309141235/tools/bin/../lib/gcc/arm-none-eabi/11.3.1/thumb/v7e-m+fp/hard\libgcc.a(_arm_addsubdf3.o)
                0x00000000080001c8                __aeabi_drsub
                0x00000000080001d0                __aeabi_dsub
                0x00000000080001d0                __subdf3
                0x00000000080001d4                __aeabi_dadd
                0x00000000080001d4                __adddf3
                0x000000000800044c                __floatunsidf
                0x000000000800044c                __aeabi_ui2d
                0x000000000800046c                __floatsidf
                0x000000000800046c                __aeabi_i2d
                0x0000000008000490                __aeabi_f2d
                0x0000000008000490                __extendsfdf2
                0x00000000080004d4                __floatundidf
                0x00000000080004d4                __aeabi_ul2d
                0x00000000080004e4                __floatdidf
                0x00000000080004e4                __aeabi_l2d
 .text          0x0000000008000540      0x424 C:/ST/STM32CubeIDE_1.14.1/STM32CubeIDE/plugins/com.st.stm32cube.ide.mcu.externaltools.gnu-tools-for-stm32.11.3.rel1.win32_1.1.100.202309141235/tools/bin/../lib/gcc/arm-none-eabi/11.3.1/thumb/v7e-m+fp/hard\libgcc.a(_arm_muldivdf3.o)
                0x0000000008000540                __aeabi_dmul
                0x0000000008000540                __muldf3
                0x0000000008000794                __divdf3
                0x0000000008000794                __aeabi_ddiv
 .text          0x0000000008000964       0x50 C:/ST/STM32CubeIDE_1.14.1/STM32CubeIDE/plugins/com.st.stm32cube.ide.mcu.externaltools.gnu-tools-for-stm32.11.3.rel1.win32_1.1.100.202309141235/tools/bin/../lib/gcc/arm-none-eabi/11.3.1/thumb/v7e-m+fp/hard\libgcc.a(_arm_fixdfsi.o)
                0x0000000008000964                __aeabi_d2iz
                0x0000000008000964                __fixdfsi
 *(.text*)
 .text._ZN7TMC516011speedFromHzEf
                0x00000000080009b4       0x4c ./Core/Src/TMC5160.o
                0x00000000080009b4                TMC5160::speedFromHz(float)
 .text._ZN7TMC516011accelFromHzEf
                0x0000000008000a00       0x94 ./Core/Src/TMC5160.o
                0x0000000008000a00                TMC5160::accelFromHz(float)
 .text._ZN7TMC5160C2Em
                0x0000000008000a94       0x34 ./Core/Src/TMC5160.o
                0x0000000008000a94                TMC5160::TMC5160(unsigned long)
                0x0000000008000a94                TMC5160::TMC5160(unsigned long)
 .text._ZN7TMC51605beginERKNS_20PowerStageParametersERKNS_15MotorParametersENS_14MotorDirectionENS_9MotorTypeE
                0x0000000008000ac8      0x4dc ./Core/Src/TMC5160.o
                0x0000000008000ac8                TMC5160::begin(TMC5160::PowerStageParameters const&, TMC5160::MotorParameters const&, TMC5160::MotorDirection, TMC5160::MotorType)
 .text._ZN7TMC516011setRampModeENS_8RampModeE
                0x0000000008000fa4       0x74 ./Core/Src/TMC5160.o
                0x0000000008000fa4                TMC5160::setRampMode(TMC5160::RampMode)
 .text._ZN7TMC516018getCurrentPositionEv
                0x0000000008001018       0x50 ./Core/Src/TMC5160.o
                0x0000000008001018                TMC5160::getCurrentPosition()
 .text._ZN7TMC516017getTargetPositionEv
                0x0000000008001068       0x50 ./Core/Src/TMC5160.o
                0x0000000008001068                TMC5160::getTargetPosition()
 .text._ZN7TMC516017setTargetPositionEf
                0x00000000080010b8       0x3c ./Core/Src/TMC5160.o
                0x00000000080010b8                TMC5160::setTargetPosition(float)
 .text._ZN7TMC516011setMaxSpeedEf
                0x00000000080010f4       0x84 ./Core/Src/TMC5160.o
                0x00000000080010f4                TMC5160::setMaxSpeed(float)
 .text._ZN7TMC516013setRampSpeedsEfff
                0x0000000008001178       0xec ./Core/Src/TMC5160.o
                0x0000000008001178                TMC5160::setRampSpeeds(float, float, float)
 .text._ZN7TMC516016setAccelerationsEffff
                0x0000000008001264      0x130 ./Core/Src/TMC5160.o
                0x0000000008001264                TMC5160::setAccelerations(float, float, float, float)
 .text._ZN7TMC51607disableEv
                0x0000000008001394       0x36 ./Core/Src/TMC5160.o
                0x0000000008001394                TMC5160::disable()
 .text._ZN7TMC51606enableEv
                0x00000000080013ca       0x22 ./Core/Src/TMC5160.o
                0x00000000080013ca                TMC5160::enable()
 .text._ZN7TMC516024setStallProtectionLevelsEiiiii
                0x00000000080013ec       0xdc ./Core/Src/TMC5160.o
                0x00000000080013ec                TMC5160::setStallProtectionLevels(int, int, int, int, int)
 .text._ZN8BitFieldILj0ELj1EEaSEb
                0x00000000080014c8       0x34 ./Core/Src/TMC5160.o
                0x00000000080014c8                BitField<0u, 1u>::operator=(bool)
 .text._ZN8BitFieldILj1ELj1EEaSEb
                0x00000000080014fc       0x36 ./Core/Src/TMC5160.o
                0x00000000080014fc                BitField<1u, 1u>::operator=(bool)
 .text._ZN8BitFieldILj2ELj1EEaSEb
                0x0000000008001532       0x36 ./Core/Src/TMC5160.o
                0x0000000008001532                BitField<2u, 1u>::operator=(bool)
 .text._ZN8BitFieldILj6ELj1EEaSEb
                0x0000000008001568       0x36 ./Core/Src/TMC5160.o
                0x0000000008001568                BitField<6u, 1u>::operator=(bool)
 .text._ZN8BitFieldILj7ELj1EEaSEb
                0x000000000800159e       0x36 ./Core/Src/TMC5160.o
                0x000000000800159e                BitField<7u, 1u>::operator=(bool)
 .text._ZN8BitFieldILj9ELj1EEaSEb
                0x00000000080015d4       0x36 ./Core/Src/TMC5160.o
                0x00000000080015d4                BitField<9u, 1u>::operator=(bool)
 .text._ZN8BitFieldILj3ELj1EEaSEb
                0x000000000800160a       0x36 ./Core/Src/TMC5160.o
                0x000000000800160a                BitField<3u, 1u>::operator=(bool)
 .text._ZN8BitFieldILj18ELj2EEaSIiEERS0_T_
                0x0000000008001640       0x2e ./Core/Src/TMC5160.o
                0x0000000008001640                BitField<18u, 2u>& BitField<18u, 2u>::operator=<int>(int)
 .text._ZN8BitFieldILj0ELj5EEaSIiEERS0_T_
                0x000000000800166e       0x38 ./Core/Src/TMC5160.o
                0x000000000800166e                BitField<0u, 5u>& BitField<0u, 5u>::operator=<int>(int)
 .text._ZN8BitFieldILj8ELj4EEaSIiEERS0_T_
                0x00000000080016a6       0x3c ./Core/Src/TMC5160.o
                0x00000000080016a6                BitField<8u, 4u>& BitField<8u, 4u>::operator=<int>(int)
 .text._ZN8BitFieldILj8ELj5EEaSIiEERS0_T_
                0x00000000080016e2       0x3c ./Core/Src/TMC5160.o
                0x00000000080016e2                BitField<8u, 5u>& BitField<8u, 5u>::operator=<int>(int)
 .text._ZN8BitFieldILj16ELj4EEaSIiEERS0_T_
                0x000000000800171e       0x2e ./Core/Src/TMC5160.o
                0x000000000800171e                BitField<16u, 4u>& BitField<16u, 4u>::operator=<int>(int)
 .text._ZN8BitFieldILj18ELj1EEaSEb
                0x000000000800174c       0x2c ./Core/Src/TMC5160.o
                0x000000000800174c                BitField<18u, 1u>::operator=(bool)
 .text._ZN8BitFieldILj16ELj2EEaSIiEERS0_T_
                0x0000000008001778       0x2e ./Core/Src/TMC5160.o
                0x0000000008001778                BitField<16u, 2u>& BitField<16u, 2u>::operator=<int>(int)
 .text._ZN8BitFieldILj8ELj8EEaSIhEERS0_T_
                0x00000000080017a6       0x34 ./Core/Src/TMC5160.o
                0x00000000080017a6                BitField<8u, 8u>& BitField<8u, 8u>::operator=<unsigned char>(unsigned char)
 .text._ZN8BitFieldILj0ELj8EEaSIhEERS0_T_
                0x00000000080017da       0x20 ./Core/Src/TMC5160.o
                0x00000000080017da                BitField<0u, 8u>& BitField<0u, 8u>::operator=<unsigned char>(unsigned char)
 .text._ZN8BitFieldILj20ELj2EEaSIN11TMC5160_Reg24PWMCONF_freewheel_ValuesEEERS0_T_
                0x00000000080017fa       0x30 ./Core/Src/TMC5160.o
                0x00000000080017fa                BitField<20u, 2u>& BitField<20u, 2u>::operator=<TMC5160_Reg::PWMCONF_freewheel_Values>(TMC5160_Reg::PWMCONF_freewheel_Values)
 .text._ZN8BitFieldILj19ELj1EEaSEb
                0x000000000800182a       0x2c ./Core/Src/TMC5160.o
                0x000000000800182a                BitField<19u, 1u>::operator=(bool)
 .text._ZN8BitFieldILj31ELj1EEaSEb
                0x0000000008001856       0x2c ./Core/Src/TMC5160.o
                0x0000000008001856                BitField<31u, 1u>::operator=(bool)
 .text._ZN8BitFieldILj30ELj1EEaSEb
                0x0000000008001882       0x2c ./Core/Src/TMC5160.o
                0x0000000008001882                BitField<30u, 1u>::operator=(bool)
 .text._ZN8BitFieldILj0ELj4EEaSIiEERS0_T_
                0x00000000080018ae       0x38 ./Core/Src/TMC5160.o
                0x00000000080018ae                BitField<0u, 4u>& BitField<0u, 4u>::operator=<int>(int)
 .text._ZN8BitFieldILj15ELj2EEaSIiEERS0_T_
                0x00000000080018e6       0x2e ./Core/Src/TMC5160.o
                0x00000000080018e6                BitField<15u, 2u>& BitField<15u, 2u>::operator=<int>(int)
 .text._ZN8BitFieldILj4ELj3EEaSIiEERS0_T_
                0x0000000008001914       0x3c ./Core/Src/TMC5160.o
                0x0000000008001914                BitField<4u, 3u>& BitField<4u, 3u>::operator=<int>(int)
 .text._ZN8BitFieldILj7ELj4EEaSIiEERS0_T_
                0x0000000008001950       0x3c ./Core/Src/TMC5160.o
                0x0000000008001950                BitField<7u, 4u>& BitField<7u, 4u>::operator=<int>(int)
 .text._ZN8BitFieldILj24ELj4EEaSIiEERS0_T_
                0x000000000800198c       0x2e ./Core/Src/TMC5160.o
                0x000000000800198c                BitField<24u, 4u>& BitField<24u, 4u>::operator=<int>(int)
 .text._ZN8BitFieldILj4ELj1EEaSEb
                0x00000000080019ba       0x36 ./Core/Src/TMC5160.o
                0x00000000080019ba                BitField<4u, 1u>::operator=(bool)
 .text._ZN8BitFieldILj0ELj8EEaSIiEERS0_T_
                0x00000000080019f0       0x20 ./Core/Src/TMC5160.o
                0x00000000080019f0                BitField<0u, 8u>& BitField<0u, 8u>::operator=<int>(int)
 .text._ZN8BitFieldILj8ELj8EEaSIiEERS0_T_
                0x0000000008001a10       0x34 ./Core/Src/TMC5160.o
                0x0000000008001a10                BitField<8u, 8u>& BitField<8u, 8u>::operator=<int>(int)
 .text._ZN8BitFieldILj16ELj1EEaSEb
                0x0000000008001a44       0x2c ./Core/Src/TMC5160.o
                0x0000000008001a44                BitField<16u, 1u>::operator=(bool)
 .text._ZN8BitFieldILj5ELj2EEaSIiEERS0_T_
                0x0000000008001a70       0x3c ./Core/Src/TMC5160.o
                0x0000000008001a70                BitField<5u, 2u>& BitField<5u, 2u>::operator=<int>(int)
 .text._ZN8BitFieldILj13ELj2EEaSIiEERS0_T_
                0x0000000008001aac       0x3c ./Core/Src/TMC5160.o
                0x0000000008001aac                BitField<13u, 2u>& BitField<13u, 2u>::operator=<int>(int)
 .text._ZN8BitFieldILj15ELj1EEaSEb
                0x0000000008001ae8       0x36 ./Core/Src/TMC5160.o
                0x0000000008001ae8                BitField<15u, 1u>::operator=(bool)
 .text._ZN8BitFieldILj16ELj7EEaSIiEERS0_T_
                0x0000000008001b1e       0x2e ./Core/Src/TMC5160.o
                0x0000000008001b1e                BitField<16u, 7u>& BitField<16u, 7u>::operator=<int>(int)
 .text._ZN8BitFieldILj24ELj1EEaSEb
                0x0000000008001b4c       0x2c ./Core/Src/TMC5160.o
                0x0000000008001b4c                BitField<24u, 1u>::operator=(bool)
 .text._ZN11TMC5160_SPIC2EP19__SPI_HandleTypeDeftP12GPIO_TypeDefmh
                0x0000000008001b78       0x68 ./Core/Src/TMC5160_SPI.o
                0x0000000008001b78                TMC5160_SPI::TMC5160_SPI(__SPI_HandleTypeDef*, unsigned short, GPIO_TypeDef*, unsigned long, unsigned char)
                0x0000000008001b78                TMC5160_SPI::TMC5160_SPI(__SPI_HandleTypeDef*, unsigned short, GPIO_TypeDef*, unsigned long, unsigned char)
 .text._ZN11TMC5160_SPI15_SPItransactionEv
                0x0000000008001be0       0x4c ./Core/Src/TMC5160_SPI.o
                0x0000000008001be0                TMC5160_SPI::_SPItransaction()
 .text._ZN11TMC5160_SPI12readRegisterEh
                0x0000000008001c2c       0x8c ./Core/Src/TMC5160_SPI.o
                0x0000000008001c2c                TMC5160_SPI::readRegister(unsigned char)
 .text._ZN11TMC5160_SPI13writeRegisterEhm
                0x0000000008001cb8       0x62 ./Core/Src/TMC5160_SPI.o
                0x0000000008001cb8                TMC5160_SPI::writeRegister(unsigned char, unsigned long)
 *fill*         0x0000000008001d1a        0x2 
 .text.main     0x0000000008001d1c      0x2b0 ./Core/Src/main.o
                0x0000000008001d1c                main
 .text._Z18SystemClock_Configv
                0x0000000008001fcc       0xd4 ./Core/Src/main.o
                0x0000000008001fcc                SystemClock_Config()
 .text._ZL12MX_ADC3_Initv
                0x00000000080020a0      0x100 ./Core/Src/main.o
 .text._ZL11MX_CAN_Initv
                0x00000000080021a0       0x78 ./Core/Src/main.o
 .text._ZL12MX_SPI1_Initv
                0x0000000008002218       0x84 ./Core/Src/main.o
 .text._ZL12MX_GPIO_Initv
                0x000000000800229c      0x108 ./Core/Src/main.o
 .text._Z9enableAllPP11TMC5160_SPI
                0x00000000080023a4       0x34 ./Core/Src/main.o
                0x00000000080023a4                enableAll(TMC5160_SPI**)
 .text._Z10disableAllPP11TMC5160_SPI
                0x00000000080023d8       0x34 ./Core/Src/main.o
                0x00000000080023d8                disableAll(TMC5160_SPI**)
 .text._Z10CAN_FilterP19__CAN_HandleTypeDefP19CAN_TxHeaderTypeDef
                0x000000000800240c      0x12c ./Core/Src/main.o
                0x000000000800240c                CAN_Filter(__CAN_HandleTypeDef*, CAN_TxHeaderTypeDef*)
 .text._Z8beginAllPP11TMC5160_SPIRKN7TMC516020PowerStageParametersERKNS2_15MotorParametersENS2_14MotorDirectionE
                0x0000000008002538       0xe8 ./Core/Src/main.o
                0x0000000008002538                beginAll(TMC5160_SPI**, TMC5160::PowerStageParameters const&, TMC5160::MotorParameters const&, TMC5160::MotorDirection)
 .text.Error_Handler
                0x0000000008002620        0xa ./Core/Src/main.o
                0x0000000008002620                Error_Handler
 *fill*         0x000000000800262a        0x2 
 .text.HAL_MspInit
                0x000000000800262c       0x48 ./Core/Src/stm32f3xx_hal_msp.o
                0x000000000800262c                HAL_MspInit
 .text.HAL_ADC_MspInit
                0x0000000008002674       0x80 ./Core/Src/stm32f3xx_hal_msp.o
                0x0000000008002674                HAL_ADC_MspInit
 .text.HAL_CAN_MspInit
                0x00000000080026f4       0x88 ./Core/Src/stm32f3xx_hal_msp.o
                0x00000000080026f4                HAL_CAN_MspInit
 .text.HAL_SPI_MspInit
                0x000000000800277c       0x84 ./Core/Src/stm32f3xx_hal_msp.o
                0x000000000800277c                HAL_SPI_MspInit
 .text.NMI_Handler
                0x0000000008002800        0x6 ./Core/Src/stm32f3xx_it.o
                0x0000000008002800                NMI_Handler
 .text.HardFault_Handler
                0x0000000008002806        0x6 ./Core/Src/stm32f3xx_it.o
                0x0000000008002806                HardFault_Handler
 .text.MemManage_Handler
                0x000000000800280c        0x6 ./Core/Src/stm32f3xx_it.o
                0x000000000800280c                MemManage_Handler
 .text.BusFault_Handler
                0x0000000008002812        0x6 ./Core/Src/stm32f3xx_it.o
                0x0000000008002812                BusFault_Handler
 .text.UsageFault_Handler
                0x0000000008002818        0x6 ./Core/Src/stm32f3xx_it.o
                0x0000000008002818                UsageFault_Handler
 .text.SVC_Handler
                0x000000000800281e        0xe ./Core/Src/stm32f3xx_it.o
                0x000000000800281e                SVC_Handler
 .text.DebugMon_Handler
                0x000000000800282c        0xe ./Core/Src/stm32f3xx_it.o
                0x000000000800282c                DebugMon_Handler
 .text.PendSV_Handler
                0x000000000800283a        0xe ./Core/Src/stm32f3xx_it.o
                0x000000000800283a                PendSV_Handler
 .text.SysTick_Handler
                0x0000000008002848        0xc ./Core/Src/stm32f3xx_it.o
                0x0000000008002848                SysTick_Handler
 .text.SystemInit
                0x0000000008002854       0x24 ./Core/Src/system_stm32f3xx.o
                0x0000000008002854                SystemInit
 .text.Reset_Handler
                0x0000000008002878       0x50 ./Core/Startup/startup_stm32f303cctx.o
                0x0000000008002878                Reset_Handler
 .text.Default_Handler
                0x00000000080028c8        0x2 ./Core/Startup/startup_stm32f303cctx.o
                0x00000000080028c8                RTC_Alarm_IRQHandler
                0x00000000080028c8                TIM8_TRG_COM_IRQHandler
                0x00000000080028c8                TIM8_CC_IRQHandler
                0x00000000080028c8                TIM1_CC_IRQHandler
                0x00000000080028c8                USB_HP_IRQHandler
                0x00000000080028c8                PVD_IRQHandler
                0x00000000080028c8                TAMP_STAMP_IRQHandler
                0x00000000080028c8                EXTI3_IRQHandler
                0x00000000080028c8                USB_HP_CAN_TX_IRQHandler
                0x00000000080028c8                EXTI0_IRQHandler
                0x00000000080028c8                I2C2_EV_IRQHandler
                0x00000000080028c8                FPU_IRQHandler
                0x00000000080028c8                TIM1_UP_TIM16_IRQHandler
                0x00000000080028c8                ADC1_2_IRQHandler
                0x00000000080028c8                SPI1_IRQHandler
                0x00000000080028c8                CAN_SCE_IRQHandler
                0x00000000080028c8                TIM6_DAC_IRQHandler
                0x00000000080028c8                TIM8_UP_IRQHandler
                0x00000000080028c8                DMA2_Channel2_IRQHandler
                0x00000000080028c8                DMA1_Channel4_IRQHandler
                0x00000000080028c8                USART3_IRQHandler
                0x00000000080028c8                DMA1_Channel7_IRQHandler
                0x00000000080028c8                UART5_IRQHandler
                0x00000000080028c8                ADC3_IRQHandler
                0x00000000080028c8                TIM4_IRQHandler
                0x00000000080028c8                CAN_RX1_IRQHandler
                0x00000000080028c8                DMA2_Channel1_IRQHandler
                0x00000000080028c8                I2C1_EV_IRQHandler
                0x00000000080028c8                DMA1_Channel6_IRQHandler
                0x00000000080028c8                UART4_IRQHandler
                0x00000000080028c8                DMA2_Channel4_IRQHandler
                0x00000000080028c8                TIM3_IRQHandler
                0x00000000080028c8                RCC_IRQHandler
                0x00000000080028c8                DMA1_Channel1_IRQHandler
                0x00000000080028c8                Default_Handler
                0x00000000080028c8                USBWakeUp_RMP_IRQHandler
                0x00000000080028c8                EXTI15_10_IRQHandler
                0x00000000080028c8                TIM7_IRQHandler
                0x00000000080028c8                EXTI9_5_IRQHandler
                0x00000000080028c8                RTC_WKUP_IRQHandler
                0x00000000080028c8                SPI2_IRQHandler
                0x00000000080028c8                USB_LP_CAN_RX0_IRQHandler
                0x00000000080028c8                DMA2_Channel5_IRQHandler
                0x00000000080028c8                DMA1_Channel5_IRQHandler
                0x00000000080028c8                USB_LP_IRQHandler
                0x00000000080028c8                EXTI4_IRQHandler
                0x00000000080028c8                TIM1_TRG_COM_TIM17_IRQHandler
                0x00000000080028c8                DMA1_Channel3_IRQHandler
                0x00000000080028c8                ADC4_IRQHandler
                0x00000000080028c8                WWDG_IRQHandler
                0x00000000080028c8                TIM2_IRQHandler
                0x00000000080028c8                COMP7_IRQHandler
                0x00000000080028c8                COMP1_2_3_IRQHandler
                0x00000000080028c8                EXTI1_IRQHandler
                0x00000000080028c8                USART2_IRQHandler
                0x00000000080028c8                COMP4_5_6_IRQHandler
                0x00000000080028c8                I2C2_ER_IRQHandler
                0x00000000080028c8                DMA1_Channel2_IRQHandler
                0x00000000080028c8                TIM8_BRK_IRQHandler
                0x00000000080028c8                FLASH_IRQHandler
                0x00000000080028c8                USART1_IRQHandler
                0x00000000080028c8                SPI3_IRQHandler
                0x00000000080028c8                I2C1_ER_IRQHandler
                0x00000000080028c8                USBWakeUp_IRQHandler
                0x00000000080028c8                DMA2_Channel3_IRQHandler
                0x00000000080028c8                EXTI2_TSC_IRQHandler
                0x00000000080028c8                TIM1_BRK_TIM15_IRQHandler
 *fill*         0x00000000080028ca        0x2 
 .text.HAL_Init
                0x00000000080028cc       0x2c ./Drivers/STM32F3xx_HAL_Driver/Src/stm32f3xx_hal.o
                0x00000000080028cc                HAL_Init
 .text.HAL_InitTick
                0x00000000080028f8       0x60 ./Drivers/STM32F3xx_HAL_Driver/Src/stm32f3xx_hal.o
                0x00000000080028f8                HAL_InitTick
 .text.HAL_IncTick
                0x0000000008002958       0x28 ./Drivers/STM32F3xx_HAL_Driver/Src/stm32f3xx_hal.o
                0x0000000008002958                HAL_IncTick
 .text.HAL_GetTick
                0x0000000008002980       0x18 ./Drivers/STM32F3xx_HAL_Driver/Src/stm32f3xx_hal.o
                0x0000000008002980                HAL_GetTick
 .text.HAL_Delay
                0x0000000008002998       0x48 ./Drivers/STM32F3xx_HAL_Driver/Src/stm32f3xx_hal.o
                0x0000000008002998                HAL_Delay
 .text.HAL_ADC_Init
                0x00000000080029e0      0x3c0 ./Drivers/STM32F3xx_HAL_Driver/Src/stm32f3xx_hal_adc_ex.o
                0x00000000080029e0                HAL_ADC_Init
 .text.HAL_ADC_ConfigChannel
                0x0000000008002da0      0x5d4 ./Drivers/STM32F3xx_HAL_Driver/Src/stm32f3xx_hal_adc_ex.o
                0x0000000008002da0                HAL_ADC_ConfigChannel
 .text.HAL_ADCEx_MultiModeConfigChannel
                0x0000000008003374      0x1e4 ./Drivers/STM32F3xx_HAL_Driver/Src/stm32f3xx_hal_adc_ex.o
                0x0000000008003374                HAL_ADCEx_MultiModeConfigChannel
 .text.ADC_Disable
                0x0000000008003558       0xcc ./Drivers/STM32F3xx_HAL_Driver/Src/stm32f3xx_hal_adc_ex.o
 .text.HAL_CAN_Init
                0x0000000008003624      0x1f6 ./Drivers/STM32F3xx_HAL_Driver/Src/stm32f3xx_hal_can.o
                0x0000000008003624                HAL_CAN_Init
 .text.HAL_CAN_ConfigFilter
                0x000000000800381a      0x194 ./Drivers/STM32F3xx_HAL_Driver/Src/stm32f3xx_hal_can.o
                0x000000000800381a                HAL_CAN_ConfigFilter
 .text.HAL_CAN_Start
                0x00000000080039ae       0x88 ./Drivers/STM32F3xx_HAL_Driver/Src/stm32f3xx_hal_can.o
                0x00000000080039ae                HAL_CAN_Start
 *fill*         0x0000000008003a36        0x2 
 .text.__NVIC_SetPriorityGrouping
                0x0000000008003a38       0x48 ./Drivers/STM32F3xx_HAL_Driver/Src/stm32f3xx_hal_cortex.o
 .text.__NVIC_GetPriorityGrouping
                0x0000000008003a80       0x1c ./Drivers/STM32F3xx_HAL_Driver/Src/stm32f3xx_hal_cortex.o
 .text.__NVIC_SetPriority
                0x0000000008003a9c       0x54 ./Drivers/STM32F3xx_HAL_Driver/Src/stm32f3xx_hal_cortex.o
 .text.NVIC_EncodePriority
                0x0000000008003af0       0x66 ./Drivers/STM32F3xx_HAL_Driver/Src/stm32f3xx_hal_cortex.o
 *fill*         0x0000000008003b56        0x2 
 .text.SysTick_Config
                0x0000000008003b58       0x44 ./Drivers/STM32F3xx_HAL_Driver/Src/stm32f3xx_hal_cortex.o
 .text.HAL_NVIC_SetPriorityGrouping
                0x0000000008003b9c       0x16 ./Drivers/STM32F3xx_HAL_Driver/Src/stm32f3xx_hal_cortex.o
                0x0000000008003b9c                HAL_NVIC_SetPriorityGrouping
 .text.HAL_NVIC_SetPriority
                0x0000000008003bb2       0x38 ./Drivers/STM32F3xx_HAL_Driver/Src/stm32f3xx_hal_cortex.o
                0x0000000008003bb2                HAL_NVIC_SetPriority
 .text.HAL_SYSTICK_Config
                0x0000000008003bea       0x18 ./Drivers/STM32F3xx_HAL_Driver/Src/stm32f3xx_hal_cortex.o
                0x0000000008003bea                HAL_SYSTICK_Config
 *fill*         0x0000000008003c02        0x2 
 .text.HAL_GPIO_Init
                0x0000000008003c04      0x2f4 ./Drivers/STM32F3xx_HAL_Driver/Src/stm32f3xx_hal_gpio.o
                0x0000000008003c04                HAL_GPIO_Init
 .text.HAL_GPIO_ReadPin
                0x0000000008003ef8       0x30 ./Drivers/STM32F3xx_HAL_Driver/Src/stm32f3xx_hal_gpio.o
                0x0000000008003ef8                HAL_GPIO_ReadPin
 .text.HAL_GPIO_WritePin
                0x0000000008003f28       0x30 ./Drivers/STM32F3xx_HAL_Driver/Src/stm32f3xx_hal_gpio.o
                0x0000000008003f28                HAL_GPIO_WritePin
 .text.HAL_RCC_OscConfig
                0x0000000008003f58     0x107c ./Drivers/STM32F3xx_HAL_Driver/Src/stm32f3xx_hal_rcc.o
                0x0000000008003f58                HAL_RCC_OscConfig
 .text.HAL_RCC_ClockConfig
                0x0000000008004fd4      0x2f8 ./Drivers/STM32F3xx_HAL_Driver/Src/stm32f3xx_hal_rcc.o
                0x0000000008004fd4                HAL_RCC_ClockConfig
 .text.HAL_RCC_GetSysClockFreq
                0x00000000080052cc       0xd4 ./Drivers/STM32F3xx_HAL_Driver/Src/stm32f3xx_hal_rcc.o
                0x00000000080052cc                HAL_RCC_GetSysClockFreq
 .text.HAL_RCCEx_PeriphCLKConfig
                0x00000000080053a0      0x360 ./Drivers/STM32F3xx_HAL_Driver/Src/stm32f3xx_hal_rcc_ex.o
                0x00000000080053a0                HAL_RCCEx_PeriphCLKConfig
 .text.HAL_SPI_Init
                0x0000000008005700      0x156 ./Drivers/STM32F3xx_HAL_Driver/Src/stm32f3xx_hal_spi.o
                0x0000000008005700                HAL_SPI_Init
 .text.HAL_SPI_TransmitReceive
                0x0000000008005856      0x444 ./Drivers/STM32F3xx_HAL_Driver/Src/stm32f3xx_hal_spi.o
                0x0000000008005856                HAL_SPI_TransmitReceive
 *fill*         0x0000000008005c9a        0x2 
 .text.SPI_WaitFlagStateUntilTimeout
                0x0000000008005c9c      0x110 ./Drivers/STM32F3xx_HAL_Driver/Src/stm32f3xx_hal_spi.o
 .text.SPI_WaitFifoStateUntilTimeout
                0x0000000008005dac      0x12c ./Drivers/STM32F3xx_HAL_Driver/Src/stm32f3xx_hal_spi.o
 .text.SPI_EndRxTxTransaction
                0x0000000008005ed8       0x8c ./Drivers/STM32F3xx_HAL_Driver/Src/stm32f3xx_hal_spi.o
 .text.memset   0x0000000008005f64       0x10 C:/ST/STM32CubeIDE_1.14.1/STM32CubeIDE/plugins/com.st.stm32cube.ide.mcu.externaltools.gnu-tools-for-stm32.11.3.rel1.win32_1.1.100.202309141235/tools/bin/../lib/gcc/arm-none-eabi/11.3.1/../../../../arm-none-eabi/lib/thumb/v7e-m+fp/hard\libc_nano.a(libc_a-memset.o)
                0x0000000008005f64                memset
 .text.__libc_init_array
                0x0000000008005f74       0x48 C:/ST/STM32CubeIDE_1.14.1/STM32CubeIDE/plugins/com.st.stm32cube.ide.mcu.externaltools.gnu-tools-for-stm32.11.3.rel1.win32_1.1.100.202309141235/tools/bin/../lib/gcc/arm-none-eabi/11.3.1/../../../../arm-none-eabi/lib/thumb/v7e-m+fp/hard\libc_nano.a(libc_a-init.o)
                0x0000000008005f74                __libc_init_array
 *(.glue_7)
 .glue_7        0x0000000008005fbc        0x0 linker stubs
 *(.glue_7t)
 .glue_7t       0x0000000008005fbc        0x0 linker stubs
 *(.eh_frame)
 .eh_frame      0x0000000008005fbc        0x0 C:/ST/STM32CubeIDE_1.14.1/STM32CubeIDE/plugins/com.st.stm32cube.ide.mcu.externaltools.gnu-tools-for-stm32.11.3.rel1.win32_1.1.100.202309141235/tools/bin/../lib/gcc/arm-none-eabi/11.3.1/thumb/v7e-m+fp/hard/crtbegin.o
 *(.init)
 .init          0x0000000008005fbc        0x4 C:/ST/STM32CubeIDE_1.14.1/STM32CubeIDE/plugins/com.st.stm32cube.ide.mcu.externaltools.gnu-tools-for-stm32.11.3.rel1.win32_1.1.100.202309141235/tools/bin/../lib/gcc/arm-none-eabi/11.3.1/thumb/v7e-m+fp/hard/crti.o
                0x0000000008005fbc                _init
 .init          0x0000000008005fc0        0x8 C:/ST/STM32CubeIDE_1.14.1/STM32CubeIDE/plugins/com.st.stm32cube.ide.mcu.externaltools.gnu-tools-for-stm32.11.3.rel1.win32_1.1.100.202309141235/tools/bin/../lib/gcc/arm-none-eabi/11.3.1/thumb/v7e-m+fp/hard/crtn.o
 *(.fini)
 .fini          0x0000000008005fc8        0x4 C:/ST/STM32CubeIDE_1.14.1/STM32CubeIDE/plugins/com.st.stm32cube.ide.mcu.externaltools.gnu-tools-for-stm32.11.3.rel1.win32_1.1.100.202309141235/tools/bin/../lib/gcc/arm-none-eabi/11.3.1/thumb/v7e-m+fp/hard/crti.o
                0x0000000008005fc8                _fini
 .fini          0x0000000008005fcc        0x8 C:/ST/STM32CubeIDE_1.14.1/STM32CubeIDE/plugins/com.st.stm32cube.ide.mcu.externaltools.gnu-tools-for-stm32.11.3.rel1.win32_1.1.100.202309141235/tools/bin/../lib/gcc/arm-none-eabi/11.3.1/thumb/v7e-m+fp/hard/crtn.o
                0x0000000008005fd4                . = ALIGN (0x4)
                0x0000000008005fd4                _etext = .

.vfp11_veneer   0x0000000008005fd4        0x0
 .vfp11_veneer  0x0000000008005fd4        0x0 linker stubs

.v4_bx          0x0000000008005fd4        0x0
 .v4_bx         0x0000000008005fd4        0x0 linker stubs

.iplt           0x0000000008005fd4        0x0
 .iplt          0x0000000008005fd4        0x0 C:/ST/STM32CubeIDE_1.14.1/STM32CubeIDE/plugins/com.st.stm32cube.ide.mcu.externaltools.gnu-tools-for-stm32.11.3.rel1.win32_1.1.100.202309141235/tools/bin/../lib/gcc/arm-none-eabi/11.3.1/thumb/v7e-m+fp/hard/crtbegin.o

.rodata         0x0000000008005fd4       0x64
                0x0000000008005fd4                . = ALIGN (0x4)
 *(.rodata)
 .rodata        0x0000000008005fd4        0xc ./Core/Src/main.o
 *(.rodata*)
 .rodata._ZTV7TMC5160
                0x0000000008005fe0       0x14 ./Core/Src/TMC5160.o
                0x0000000008005fe0                vtable for TMC5160
 .rodata._ZTV11TMC5160_SPI
                0x0000000008005ff4       0x14 ./Core/Src/TMC5160_SPI.o
                0x0000000008005ff4                vtable for TMC5160_SPI
 .rodata.AHBPrescTable
                0x0000000008006008       0x10 ./Core/Src/system_stm32f3xx.o
                0x0000000008006008                AHBPrescTable
 .rodata.aPLLMULFactorTable
                0x0000000008006018       0x10 ./Drivers/STM32F3xx_HAL_Driver/Src/stm32f3xx_hal_rcc.o
 .rodata.aPredivFactorTable
                0x0000000008006028       0x10 ./Drivers/STM32F3xx_HAL_Driver/Src/stm32f3xx_hal_rcc.o
                0x0000000008006038                . = ALIGN (0x4)

.rel.dyn        0x0000000008006038        0x0
 .rel.iplt      0x0000000008006038        0x0 C:/ST/STM32CubeIDE_1.14.1/STM32CubeIDE/plugins/com.st.stm32cube.ide.mcu.externaltools.gnu-tools-for-stm32.11.3.rel1.win32_1.1.100.202309141235/tools/bin/../lib/gcc/arm-none-eabi/11.3.1/thumb/v7e-m+fp/hard/crtbegin.o

.ARM.extab      0x0000000008006038        0x0
                0x0000000008006038                . = ALIGN (0x4)
 *(.ARM.extab* .gnu.linkonce.armextab.*)
                0x0000000008006038                . = ALIGN (0x4)

.ARM            0x0000000008006038        0x0
                0x0000000008006038                . = ALIGN (0x4)
                0x0000000008006038                __exidx_start = .
 *(.ARM.exidx*)
                0x0000000008006038                __exidx_end = .
                0x0000000008006038                . = ALIGN (0x4)

.preinit_array  0x0000000008006038        0x0
                0x0000000008006038                . = ALIGN (0x4)
                0x0000000008006038                PROVIDE (__preinit_array_start = .)
 *(.preinit_array*)
                0x0000000008006038                PROVIDE (__preinit_array_end = .)
                0x0000000008006038                . = ALIGN (0x4)

.init_array     0x0000000008006038        0x4
                0x0000000008006038                . = ALIGN (0x4)
                0x0000000008006038                PROVIDE (__init_array_start = .)
 *(SORT_BY_NAME(.init_array.*))
 *(.init_array*)
 .init_array    0x0000000008006038        0x4 C:/ST/STM32CubeIDE_1.14.1/STM32CubeIDE/plugins/com.st.stm32cube.ide.mcu.externaltools.gnu-tools-for-stm32.11.3.rel1.win32_1.1.100.202309141235/tools/bin/../lib/gcc/arm-none-eabi/11.3.1/thumb/v7e-m+fp/hard/crtbegin.o
                0x000000000800603c                PROVIDE (__init_array_end = .)
                0x000000000800603c                . = ALIGN (0x4)

.fini_array     0x000000000800603c        0x4
                0x000000000800603c                . = ALIGN (0x4)
                [!provide]                        PROVIDE (__fini_array_start = .)
 *(SORT_BY_NAME(.fini_array.*))
 *(.fini_array*)
 .fini_array    0x000000000800603c        0x4 C:/ST/STM32CubeIDE_1.14.1/STM32CubeIDE/plugins/com.st.stm32cube.ide.mcu.externaltools.gnu-tools-for-stm32.11.3.rel1.win32_1.1.100.202309141235/tools/bin/../lib/gcc/arm-none-eabi/11.3.1/thumb/v7e-m+fp/hard/crtbegin.o
                [!provide]                        PROVIDE (__fini_array_end = .)
                0x0000000008006040                . = ALIGN (0x4)
                0x0000000008006040                _sidata = LOADADDR (.data)

.data           0x0000000020000000        0xc load address 0x0000000008006040
                0x0000000020000000                . = ALIGN (0x4)
                0x0000000020000000                _sdata = .
 *(.data)
 *(.data*)
 .data.SystemCoreClock
                0x0000000020000000        0x4 ./Core/Src/system_stm32f3xx.o
                0x0000000020000000                SystemCoreClock
 .data.uwTickPrio
                0x0000000020000004        0x4 ./Drivers/STM32F3xx_HAL_Driver/Src/stm32f3xx_hal.o
                0x0000000020000004                uwTickPrio
 .data.uwTickFreq
                0x0000000020000008        0x1 ./Drivers/STM32F3xx_HAL_Driver/Src/stm32f3xx_hal.o
                0x0000000020000008                uwTickFreq
 *(.RamFunc)
 *(.RamFunc*)
                0x000000002000000c                . = ALIGN (0x4)
 *fill*         0x0000000020000009        0x3 
                0x000000002000000c                _edata = .
                0x000000000800604c                _siccmram = LOADADDR (.ccmram)

.igot.plt       0x000000002000000c        0x0 load address 0x000000000800604c
 .igot.plt      0x000000002000000c        0x0 C:/ST/STM32CubeIDE_1.14.1/STM32CubeIDE/plugins/com.st.stm32cube.ide.mcu.externaltools.gnu-tools-for-stm32.11.3.rel1.win32_1.1.100.202309141235/tools/bin/../lib/gcc/arm-none-eabi/11.3.1/thumb/v7e-m+fp/hard/crtbegin.o

.ccmram         0x0000000010000000        0x0 load address 0x000000000800604c
                0x0000000010000000                . = ALIGN (0x4)
                0x0000000010000000                _sccmram = .
 *(.ccmram)
 *(.ccmram*)
                0x0000000010000000                . = ALIGN (0x4)
                0x0000000010000000                _eccmram = .
                0x0000000010000000                . = ALIGN (0x4)

.bss            0x000000002000000c       0xfc
                0x000000002000000c                _sbss = .
                0x000000002000000c                __bss_start__ = _sbss
 *(.bss)
 .bss           0x000000002000000c       0x1c C:/ST/STM32CubeIDE_1.14.1/STM32CubeIDE/plugins/com.st.stm32cube.ide.mcu.externaltools.gnu-tools-for-stm32.11.3.rel1.win32_1.1.100.202309141235/tools/bin/../lib/gcc/arm-none-eabi/11.3.1/thumb/v7e-m+fp/hard/crtbegin.o
 *(.bss*)
 .bss.hadc3     0x0000000020000028       0x50 ./Core/Src/main.o
                0x0000000020000028                hadc3
 .bss.hcan      0x0000000020000078       0x28 ./Core/Src/main.o
                0x0000000020000078                hcan
 .bss.hspi1     0x00000000200000a0       0x64 ./Core/Src/main.o
                0x00000000200000a0                hspi1
 .bss.uwTick    0x0000000020000104        0x4 ./Drivers/STM32F3xx_HAL_Driver/Src/stm32f3xx_hal.o
                0x0000000020000104                uwTick
 *(COMMON)
                0x0000000020000108                . = ALIGN (0x4)
                0x0000000020000108                _ebss = .
                0x0000000020000108                __bss_end__ = _ebss

._user_heap_stack
                0x0000000020000108      0x600
                0x0000000020000108                . = ALIGN (0x8)
                [!provide]                        PROVIDE (end = .)
                0x0000000020000108                PROVIDE (_end = .)
                0x0000000020000308                . = (. + _Min_Heap_Size)
 *fill*         0x0000000020000108      0x200 
                0x0000000020000708                . = (. + _Min_Stack_Size)
 *fill*         0x0000000020000308      0x400 
                0x0000000020000708                . = ALIGN (0x8)

/DISCARD/
 libc.a(*)
 libm.a(*)
 libgcc.a(*)

.ARM.attributes
                0x0000000000000000       0x30
 *(.ARM.attributes)
 .ARM.attributes
                0x0000000000000000       0x1e C:/ST/STM32CubeIDE_1.14.1/STM32CubeIDE/plugins/com.st.stm32cube.ide.mcu.externaltools.gnu-tools-for-stm32.11.3.rel1.win32_1.1.100.202309141235/tools/bin/../lib/gcc/arm-none-eabi/11.3.1/thumb/v7e-m+fp/hard/crti.o
 .ARM.attributes
                0x000000000000001e       0x34 C:/ST/STM32CubeIDE_1.14.1/STM32CubeIDE/plugins/com.st.stm32cube.ide.mcu.externaltools.gnu-tools-for-stm32.11.3.rel1.win32_1.1.100.202309141235/tools/bin/../lib/gcc/arm-none-eabi/11.3.1/thumb/v7e-m+fp/hard/crtbegin.o
 .ARM.attributes
                0x0000000000000052       0x34 ./Core/Src/TMC5160.o
 .ARM.attributes
                0x0000000000000086       0x34 ./Core/Src/TMC5160_SPI.o
 .ARM.attributes
                0x00000000000000ba       0x34 ./Core/Src/main.o
 .ARM.attributes
                0x00000000000000ee       0x34 ./Core/Src/stm32f3xx_hal_msp.o
 .ARM.attributes
                0x0000000000000122       0x34 ./Core/Src/stm32f3xx_it.o
 .ARM.attributes
                0x0000000000000156       0x34 ./Core/Src/system_stm32f3xx.o
 .ARM.attributes
                0x000000000000018a       0x21 ./Core/Startup/startup_stm32f303cctx.o
 .ARM.attributes
                0x00000000000001ab       0x34 ./Drivers/STM32F3xx_HAL_Driver/Src/stm32f3xx_hal.o
 .ARM.attributes
                0x00000000000001df       0x34 ./Drivers/STM32F3xx_HAL_Driver/Src/stm32f3xx_hal_adc_ex.o
 .ARM.attributes
                0x0000000000000213       0x34 ./Drivers/STM32F3xx_HAL_Driver/Src/stm32f3xx_hal_can.o
 .ARM.attributes
                0x0000000000000247       0x34 ./Drivers/STM32F3xx_HAL_Driver/Src/stm32f3xx_hal_cortex.o
 .ARM.attributes
                0x000000000000027b       0x34 ./Drivers/STM32F3xx_HAL_Driver/Src/stm32f3xx_hal_gpio.o
 .ARM.attributes
                0x00000000000002af       0x34 ./Drivers/STM32F3xx_HAL_Driver/Src/stm32f3xx_hal_rcc.o
 .ARM.attributes
                0x00000000000002e3       0x34 ./Drivers/STM32F3xx_HAL_Driver/Src/stm32f3xx_hal_rcc_ex.o
 .ARM.attributes
                0x0000000000000317       0x34 ./Drivers/STM32F3xx_HAL_Driver/Src/stm32f3xx_hal_spi.o
 .ARM.attributes
                0x000000000000034b       0x34 C:/ST/STM32CubeIDE_1.14.1/STM32CubeIDE/plugins/com.st.stm32cube.ide.mcu.externaltools.gnu-tools-for-stm32.11.3.rel1.win32_1.1.100.202309141235/tools/bin/../lib/gcc/arm-none-eabi/11.3.1/../../../../arm-none-eabi/lib/thumb/v7e-m+fp/hard\libc_nano.a(libc_a-memset.o)
 .ARM.attributes
                0x000000000000037f       0x34 C:/ST/STM32CubeIDE_1.14.1/STM32CubeIDE/plugins/com.st.stm32cube.ide.mcu.externaltools.gnu-tools-for-stm32.11.3.rel1.win32_1.1.100.202309141235/tools/bin/../lib/gcc/arm-none-eabi/11.3.1/../../../../arm-none-eabi/lib/thumb/v7e-m+fp/hard\libc_nano.a(libc_a-init.o)
 .ARM.attributes
                0x00000000000003b3       0x1e C:/ST/STM32CubeIDE_1.14.1/STM32CubeIDE/plugins/com.st.stm32cube.ide.mcu.externaltools.gnu-tools-for-stm32.11.3.rel1.win32_1.1.100.202309141235/tools/bin/../lib/gcc/arm-none-eabi/11.3.1/thumb/v7e-m+fp/hard\libgcc.a(_arm_addsubdf3.o)
 .ARM.attributes
                0x00000000000003d1       0x1e C:/ST/STM32CubeIDE_1.14.1/STM32CubeIDE/plugins/com.st.stm32cube.ide.mcu.externaltools.gnu-tools-for-stm32.11.3.rel1.win32_1.1.100.202309141235/tools/bin/../lib/gcc/arm-none-eabi/11.3.1/thumb/v7e-m+fp/hard\libgcc.a(_arm_muldivdf3.o)
 .ARM.attributes
                0x00000000000003ef       0x1e C:/ST/STM32CubeIDE_1.14.1/STM32CubeIDE/plugins/com.st.stm32cube.ide.mcu.externaltools.gnu-tools-for-stm32.11.3.rel1.win32_1.1.100.202309141235/tools/bin/../lib/gcc/arm-none-eabi/11.3.1/thumb/v7e-m+fp/hard\libgcc.a(_arm_fixdfsi.o)
 .ARM.attributes
                0x000000000000040d       0x1e C:/ST/STM32CubeIDE_1.14.1/STM32CubeIDE/plugins/com.st.stm32cube.ide.mcu.externaltools.gnu-tools-for-stm32.11.3.rel1.win32_1.1.100.202309141235/tools/bin/../lib/gcc/arm-none-eabi/11.3.1/thumb/v7e-m+fp/hard/crtn.o
OUTPUT(SUPER_SPEEDY.elf elf32-littlearm)
LOAD linker stubs
LOAD C:/ST/STM32CubeIDE_1.14.1/STM32CubeIDE/plugins/com.st.stm32cube.ide.mcu.externaltools.gnu-tools-for-stm32.11.3.rel1.win32_1.1.100.202309141235/tools/bin/../lib/gcc/arm-none-eabi/11.3.1/../../../../arm-none-eabi/lib/thumb/v7e-m+fp/hard\libc.a
LOAD C:/ST/STM32CubeIDE_1.14.1/STM32CubeIDE/plugins/com.st.stm32cube.ide.mcu.externaltools.gnu-tools-for-stm32.11.3.rel1.win32_1.1.100.202309141235/tools/bin/../lib/gcc/arm-none-eabi/11.3.1/../../../../arm-none-eabi/lib/thumb/v7e-m+fp/hard\libm.a
LOAD C:/ST/STM32CubeIDE_1.14.1/STM32CubeIDE/plugins/com.st.stm32cube.ide.mcu.externaltools.gnu-tools-for-stm32.11.3.rel1.win32_1.1.100.202309141235/tools/bin/../lib/gcc/arm-none-eabi/11.3.1/thumb/v7e-m+fp/hard\libgcc.a

.comment        0x0000000000000000       0x43
 .comment       0x0000000000000000       0x43 C:/ST/STM32CubeIDE_1.14.1/STM32CubeIDE/plugins/com.st.stm32cube.ide.mcu.externaltools.gnu-tools-for-stm32.11.3.rel1.win32_1.1.100.202309141235/tools/bin/../lib/gcc/arm-none-eabi/11.3.1/thumb/v7e-m+fp/hard/crtbegin.o
                                         0x44 (size before relaxing)
 .comment       0x0000000000000043       0x44 ./Core/Src/TMC5160.o
 .comment       0x0000000000000043       0x44 ./Core/Src/TMC5160_SPI.o
 .comment       0x0000000000000043       0x44 ./Core/Src/main.o
 .comment       0x0000000000000043       0x44 ./Core/Src/stm32f3xx_hal_msp.o
 .comment       0x0000000000000043       0x44 ./Core/Src/stm32f3xx_it.o
 .comment       0x0000000000000043       0x44 ./Core/Src/system_stm32f3xx.o
 .comment       0x0000000000000043       0x44 ./Drivers/STM32F3xx_HAL_Driver/Src/stm32f3xx_hal.o
 .comment       0x0000000000000043       0x44 ./Drivers/STM32F3xx_HAL_Driver/Src/stm32f3xx_hal_adc_ex.o
 .comment       0x0000000000000043       0x44 ./Drivers/STM32F3xx_HAL_Driver/Src/stm32f3xx_hal_can.o
 .comment       0x0000000000000043       0x44 ./Drivers/STM32F3xx_HAL_Driver/Src/stm32f3xx_hal_cortex.o
 .comment       0x0000000000000043       0x44 ./Drivers/STM32F3xx_HAL_Driver/Src/stm32f3xx_hal_gpio.o
 .comment       0x0000000000000043       0x44 ./Drivers/STM32F3xx_HAL_Driver/Src/stm32f3xx_hal_rcc.o
 .comment       0x0000000000000043       0x44 ./Drivers/STM32F3xx_HAL_Driver/Src/stm32f3xx_hal_rcc_ex.o
 .comment       0x0000000000000043       0x44 ./Drivers/STM32F3xx_HAL_Driver/Src/stm32f3xx_hal_spi.o

.debug_info     0x0000000000000000    0x12347
 .debug_info    0x0000000000000000     0x5f31 ./Core/Src/TMC5160.o
 .debug_info    0x0000000000005f31     0x17ad ./Core/Src/TMC5160_SPI.o
 .debug_info    0x00000000000076de     0x260d ./Core/Src/main.o
 .debug_info    0x0000000000009ceb     0x10b2 ./Core/Src/stm32f3xx_hal_msp.o
 .debug_info    0x000000000000ad9d      0x113 ./Core/Src/stm32f3xx_it.o
 .debug_info    0x000000000000aeb0      0x407 ./Core/Src/system_stm32f3xx.o
 .debug_info    0x000000000000b2b7       0x23 ./Core/Startup/startup_stm32f303cctx.o
 .debug_info    0x000000000000b2da      0x7d4 ./Drivers/STM32F3xx_HAL_Driver/Src/stm32f3xx_hal.o
 .debug_info    0x000000000000baae     0x15b2 ./Drivers/STM32F3xx_HAL_Driver/Src/stm32f3xx_hal_adc_ex.o
 .debug_info    0x000000000000d060      0xf26 ./Drivers/STM32F3xx_HAL_Driver/Src/stm32f3xx_hal_can.o
 .debug_info    0x000000000000df86      0xcaf ./Drivers/STM32F3xx_HAL_Driver/Src/stm32f3xx_hal_cortex.o
 .debug_info    0x000000000000ec35      0x5fe ./Drivers/STM32F3xx_HAL_Driver/Src/stm32f3xx_hal_gpio.o
 .debug_info    0x000000000000f233     0x14f1 ./Drivers/STM32F3xx_HAL_Driver/Src/stm32f3xx_hal_rcc.o
 .debug_info    0x0000000000010724      0x601 ./Drivers/STM32F3xx_HAL_Driver/Src/stm32f3xx_hal_rcc_ex.o
 .debug_info    0x0000000000010d25     0x1622 ./Drivers/STM32F3xx_HAL_Driver/Src/stm32f3xx_hal_spi.o

.debug_abbrev   0x0000000000000000     0x27c8
 .debug_abbrev  0x0000000000000000      0x681 ./Core/Src/TMC5160.o
 .debug_abbrev  0x0000000000000681      0x4d5 ./Core/Src/TMC5160_SPI.o
 .debug_abbrev  0x0000000000000b56      0x57f ./Core/Src/main.o
 .debug_abbrev  0x00000000000010d5      0x1d2 ./Core/Src/stm32f3xx_hal_msp.o
 .debug_abbrev  0x00000000000012a7       0x73 ./Core/Src/stm32f3xx_it.o
 .debug_abbrev  0x000000000000131a      0x11a ./Core/Src/system_stm32f3xx.o
 .debug_abbrev  0x0000000000001434       0x12 ./Core/Startup/startup_stm32f303cctx.o
 .debug_abbrev  0x0000000000001446      0x215 ./Drivers/STM32F3xx_HAL_Driver/Src/stm32f3xx_hal.o
 .debug_abbrev  0x000000000000165b      0x28e ./Drivers/STM32F3xx_HAL_Driver/Src/stm32f3xx_hal_adc_ex.o
 .debug_abbrev  0x00000000000018e9      0x23e ./Drivers/STM32F3xx_HAL_Driver/Src/stm32f3xx_hal_can.o
 .debug_abbrev  0x0000000000001b27      0x329 ./Drivers/STM32F3xx_HAL_Driver/Src/stm32f3xx_hal_cortex.o
 .debug_abbrev  0x0000000000001e50      0x1ca ./Drivers/STM32F3xx_HAL_Driver/Src/stm32f3xx_hal_gpio.o
 .debug_abbrev  0x000000000000201a      0x300 ./Drivers/STM32F3xx_HAL_Driver/Src/stm32f3xx_hal_rcc.o
 .debug_abbrev  0x000000000000231a      0x245 ./Drivers/STM32F3xx_HAL_Driver/Src/stm32f3xx_hal_rcc_ex.o
 .debug_abbrev  0x000000000000255f      0x269 ./Drivers/STM32F3xx_HAL_Driver/Src/stm32f3xx_hal_spi.o

.debug_aranges  0x0000000000000000      0xc20
 .debug_aranges
                0x0000000000000000      0x2c8 ./Core/Src/TMC5160.o
 .debug_aranges
                0x00000000000002c8       0x58 ./Core/Src/TMC5160_SPI.o
 .debug_aranges
                0x0000000000000320       0x78 ./Core/Src/main.o
 .debug_aranges
                0x0000000000000398       0x50 ./Core/Src/stm32f3xx_hal_msp.o
 .debug_aranges
                0x00000000000003e8       0x60 ./Core/Src/stm32f3xx_it.o
 .debug_aranges
                0x0000000000000448       0x28 ./Core/Src/system_stm32f3xx.o
 .debug_aranges
                0x0000000000000470       0x28 ./Core/Startup/startup_stm32f303cctx.o
 .debug_aranges
                0x0000000000000498       0xe0 ./Drivers/STM32F3xx_HAL_Driver/Src/stm32f3xx_hal.o
 .debug_aranges
                0x0000000000000578      0x168 ./Drivers/STM32F3xx_HAL_Driver/Src/stm32f3xx_hal_adc_ex.o
 .debug_aranges
                0x00000000000006e0      0x138 ./Drivers/STM32F3xx_HAL_Driver/Src/stm32f3xx_hal_can.o
 .debug_aranges
                0x0000000000000818      0x118 ./Drivers/STM32F3xx_HAL_Driver/Src/stm32f3xx_hal_cortex.o
 .debug_aranges
                0x0000000000000930       0x58 ./Drivers/STM32F3xx_HAL_Driver/Src/stm32f3xx_hal_gpio.o
 .debug_aranges
                0x0000000000000988       0x88 ./Drivers/STM32F3xx_HAL_Driver/Src/stm32f3xx_hal_rcc.o
 .debug_aranges
                0x0000000000000a10       0x38 ./Drivers/STM32F3xx_HAL_Driver/Src/stm32f3xx_hal_rcc_ex.o
 .debug_aranges
                0x0000000000000a48      0x1d8 ./Drivers/STM32F3xx_HAL_Driver/Src/stm32f3xx_hal_spi.o

.debug_rnglists
                0x0000000000000000      0x936
 .debug_rnglists
                0x0000000000000000      0x21f ./Core/Src/TMC5160.o
 .debug_rnglists
                0x000000000000021f       0x40 ./Core/Src/TMC5160_SPI.o
 .debug_rnglists
                0x000000000000025f       0x5d ./Core/Src/main.o
 .debug_rnglists
                0x00000000000002bc       0x3a ./Core/Src/stm32f3xx_hal_msp.o
 .debug_rnglists
                0x00000000000002f6       0x43 ./Core/Src/stm32f3xx_it.o
 .debug_rnglists
                0x0000000000000339       0x1a ./Core/Src/system_stm32f3xx.o
 .debug_rnglists
                0x0000000000000353       0x19 ./Core/Startup/startup_stm32f303cctx.o
 .debug_rnglists
                0x000000000000036c       0xa3 ./Drivers/STM32F3xx_HAL_Driver/Src/stm32f3xx_hal.o
 .debug_rnglists
                0x000000000000040f      0x126 ./Drivers/STM32F3xx_HAL_Driver/Src/stm32f3xx_hal_adc_ex.o
 .debug_rnglists
                0x0000000000000535       0xee ./Drivers/STM32F3xx_HAL_Driver/Src/stm32f3xx_hal_can.o
 .debug_rnglists
                0x0000000000000623       0xce ./Drivers/STM32F3xx_HAL_Driver/Src/stm32f3xx_hal_cortex.o
 .debug_rnglists
                0x00000000000006f1       0x3f ./Drivers/STM32F3xx_HAL_Driver/Src/stm32f3xx_hal_gpio.o
 .debug_rnglists
                0x0000000000000730       0x66 ./Drivers/STM32F3xx_HAL_Driver/Src/stm32f3xx_hal_rcc.o
 .debug_rnglists
                0x0000000000000796       0x28 ./Drivers/STM32F3xx_HAL_Driver/Src/stm32f3xx_hal_rcc_ex.o
 .debug_rnglists
                0x00000000000007be      0x178 ./Drivers/STM32F3xx_HAL_Driver/Src/stm32f3xx_hal_spi.o

.debug_macro    0x0000000000000000    0x215e5
 .debug_macro   0x0000000000000000      0x4a0 ./Core/Src/TMC5160.o
 .debug_macro   0x00000000000004a0      0xb80 ./Core/Src/TMC5160.o
 .debug_macro   0x0000000000001020       0x6a ./Core/Src/TMC5160.o
 .debug_macro   0x000000000000108a       0x1c ./Core/Src/TMC5160.o
 .debug_macro   0x00000000000010a6       0x22 ./Core/Src/TMC5160.o
 .debug_macro   0x00000000000010c8       0x8e ./Core/Src/TMC5160.o
 .debug_macro   0x0000000000001156       0x51 ./Core/Src/TMC5160.o
 .debug_macro   0x00000000000011a7      0x103 ./Core/Src/TMC5160.o
 .debug_macro   0x00000000000012aa       0x6a ./Core/Src/TMC5160.o
 .debug_macro   0x0000000000001314      0x1df ./Core/Src/TMC5160.o
 .debug_macro   0x00000000000014f3      0x17b ./Core/Src/TMC5160.o
 .debug_macro   0x000000000000166e      0x1b2 ./Core/Src/TMC5160.o
 .debug_macro   0x0000000000001820       0x10 ./Core/Src/TMC5160.o
 .debug_macro   0x0000000000001830      0x3ed ./Core/Src/TMC5160.o
 .debug_macro   0x0000000000001c1d       0x3b ./Core/Src/TMC5160.o
 .debug_macro   0x0000000000001c58       0x18 ./Core/Src/TMC5160.o
 .debug_macro   0x0000000000001c70       0x61 ./Core/Src/TMC5160.o
 .debug_macro   0x0000000000001cd1       0x2a ./Core/Src/TMC5160.o
 .debug_macro   0x0000000000001cfb       0x43 ./Core/Src/TMC5160.o
 .debug_macro   0x0000000000001d3e       0x34 ./Core/Src/TMC5160.o
 .debug_macro   0x0000000000001d72       0x16 ./Core/Src/TMC5160.o
 .debug_macro   0x0000000000001d88       0x43 ./Core/Src/TMC5160.o
 .debug_macro   0x0000000000001dcb       0x34 ./Core/Src/TMC5160.o
 .debug_macro   0x0000000000001dff       0x10 ./Core/Src/TMC5160.o
 .debug_macro   0x0000000000001e0f       0x58 ./Core/Src/TMC5160.o
 .debug_macro   0x0000000000001e67       0x8e ./Core/Src/TMC5160.o
 .debug_macro   0x0000000000001ef5       0x16 ./Core/Src/TMC5160.o
 .debug_macro   0x0000000000001f0b      0x177 ./Core/Src/TMC5160.o
 .debug_macro   0x0000000000002082      0x38c ./Core/Src/TMC5160.o
 .debug_macro   0x000000000000240e      0x194 ./Core/Src/TMC5160.o
 .debug_macro   0x00000000000025a2       0x10 ./Core/Src/TMC5160.o
 .debug_macro   0x00000000000025b2       0x16 ./Core/Src/TMC5160.o
 .debug_macro   0x00000000000025c8       0x35 ./Core/Src/TMC5160.o
 .debug_macro   0x00000000000025fd       0x16 ./Core/Src/TMC5160.o
 .debug_macro   0x0000000000002613       0x29 ./Core/Src/TMC5160.o
 .debug_macro   0x000000000000263c       0x10 ./Core/Src/TMC5160.o
 .debug_macro   0x000000000000264c      0x3c7 ./Core/Src/TMC5160.o
 .debug_macro   0x0000000000002a13       0x1f ./Core/Src/TMC5160.o
 .debug_macro   0x0000000000002a32       0x20 ./Core/Src/TMC5160.o
 .debug_macro   0x0000000000002a52       0x1c ./Core/Src/TMC5160.o
 .debug_macro   0x0000000000002a6e       0x4f ./Core/Src/TMC5160.o
 .debug_macro   0x0000000000002abd       0x28 ./Core/Src/TMC5160.o
 .debug_macro   0x0000000000002ae5       0x2e ./Core/Src/TMC5160.o
 .debug_macro   0x0000000000002b13       0x19 ./Core/Src/TMC5160.o
 .debug_macro   0x0000000000002b2c       0x88 ./Core/Src/TMC5160.o
 .debug_macro   0x0000000000002bb4       0x19 ./Core/Src/TMC5160.o
 .debug_macro   0x0000000000002bcd      0x120 ./Core/Src/TMC5160.o
 .debug_macro   0x0000000000002ced       0x40 ./Core/Src/TMC5160.o
 .debug_macro   0x0000000000002d2d       0xf0 ./Core/Src/TMC5160.o
 .debug_macro   0x0000000000002e1d      0x15d ./Core/Src/TMC5160.o
 .debug_macro   0x0000000000002f7a       0x2e ./Core/Src/TMC5160.o
 .debug_macro   0x0000000000002fa8       0x28 ./Core/Src/TMC5160.o
 .debug_macro   0x0000000000002fd0       0x1c ./Core/Src/TMC5160.o
 .debug_macro   0x0000000000002fec       0x22 ./Core/Src/TMC5160.o
 .debug_macro   0x000000000000300e       0xd9 ./Core/Src/TMC5160.o
 .debug_macro   0x00000000000030e7     0x102d ./Core/Src/TMC5160.o
 .debug_macro   0x0000000000004114      0x11f ./Core/Src/TMC5160.o
 .debug_macro   0x0000000000004233    0x12a3a ./Core/Src/TMC5160.o
 .debug_macro   0x0000000000016c6d       0x6d ./Core/Src/TMC5160.o
 .debug_macro   0x0000000000016cda     0x3558 ./Core/Src/TMC5160.o
 .debug_macro   0x000000000001a232       0x4f ./Core/Src/TMC5160.o
 .debug_macro   0x000000000001a281      0x961 ./Core/Src/TMC5160.o
 .debug_macro   0x000000000001abe2      0x5fe ./Core/Src/TMC5160.o
 .debug_macro   0x000000000001b1e0      0x1b5 ./Core/Src/TMC5160.o
 .debug_macro   0x000000000001b395      0x1fb ./Core/Src/TMC5160.o
 .debug_macro   0x000000000001b590      0x1dc ./Core/Src/TMC5160.o
 .debug_macro   0x000000000001b76c      0x1bc ./Core/Src/TMC5160.o
 .debug_macro   0x000000000001b928       0x30 ./Core/Src/TMC5160.o
 .debug_macro   0x000000000001b958       0x3c ./Core/Src/TMC5160.o
 .debug_macro   0x000000000001b994      0x235 ./Core/Src/TMC5160.o
 .debug_macro   0x000000000001bbc9      0x9b1 ./Core/Src/TMC5160.o
 .debug_macro   0x000000000001c57a       0x77 ./Core/Src/TMC5160.o
 .debug_macro   0x000000000001c5f1      0x408 ./Core/Src/TMC5160.o
 .debug_macro   0x000000000001c9f9       0xc5 ./Core/Src/TMC5160.o
 .debug_macro   0x000000000001cabe      0x21d ./Core/Src/TMC5160.o
 .debug_macro   0x000000000001ccdb      0x22c ./Core/Src/TMC5160.o
 .debug_macro   0x000000000001cf07       0x5b ./Core/Src/TMC5160.o
 .debug_macro   0x000000000001cf62       0xa5 ./Core/Src/TMC5160.o
 .debug_macro   0x000000000001d007       0x81 ./Core/Src/TMC5160.o
 .debug_macro   0x000000000001d088       0xd3 ./Core/Src/TMC5160.o
 .debug_macro   0x000000000001d15b      0x2fe ./Core/Src/TMC5160.o
 .debug_macro   0x000000000001d459      0x275 ./Core/Src/TMC5160.o
 .debug_macro   0x000000000001d6ce      0x148 ./Core/Src/TMC5160.o
 .debug_macro   0x000000000001d816       0x16 ./Core/Src/TMC5160.o
 .debug_macro   0x000000000001d82c       0x20 ./Core/Src/TMC5160.o
 .debug_macro   0x000000000001d84c      0x4a0 ./Core/Src/TMC5160_SPI.o
 .debug_macro   0x000000000001dcec       0x55 ./Core/Src/TMC5160_SPI.o
 .debug_macro   0x000000000001dd41      0x4f2 ./Core/Src/main.o
 .debug_macro   0x000000000001e233       0x40 ./Core/Src/main.o
 .debug_macro   0x000000000001e273       0x16 ./Core/Src/main.o
 .debug_macro   0x000000000001e289       0x10 ./Core/Src/main.o
 .debug_macro   0x000000000001e299       0x16 ./Core/Src/main.o
 .debug_macro   0x000000000001e2af       0x16 ./Core/Src/main.o
 .debug_macro   0x000000000001e2c5      0x139 ./Core/Src/main.o
 .debug_macro   0x000000000001e3fe      0x1f6 ./Core/Src/stm32f3xx_hal_msp.o
 .debug_macro   0x000000000001e5f4      0xaa8 ./Core/Src/stm32f3xx_hal_msp.o
 .debug_macro   0x000000000001f09c     0x102d ./Core/Src/stm32f3xx_hal_msp.o
 .debug_macro   0x00000000000200c9      0x174 ./Core/Src/stm32f3xx_hal_msp.o
 .debug_macro   0x000000000002023d      0x200 ./Core/Src/stm32f3xx_it.o
 .debug_macro   0x000000000002043d      0x1e7 ./Core/Src/system_stm32f3xx.o
 .debug_macro   0x0000000000020624      0x20b ./Drivers/STM32F3xx_HAL_Driver/Src/stm32f3xx_hal.o
 .debug_macro   0x000000000002082f      0x211 ./Drivers/STM32F3xx_HAL_Driver/Src/stm32f3xx_hal_adc_ex.o
 .debug_macro   0x0000000000020a40      0x1ef ./Drivers/STM32F3xx_HAL_Driver/Src/stm32f3xx_hal_can.o
 .debug_macro   0x0000000000020c2f      0x1e7 ./Drivers/STM32F3xx_HAL_Driver/Src/stm32f3xx_hal_cortex.o
 .debug_macro   0x0000000000020e16      0x1ee ./Drivers/STM32F3xx_HAL_Driver/Src/stm32f3xx_hal_gpio.o
 .debug_macro   0x0000000000021004      0x20b ./Drivers/STM32F3xx_HAL_Driver/Src/stm32f3xx_hal_rcc.o
 .debug_macro   0x000000000002120f      0x1e7 ./Drivers/STM32F3xx_HAL_Driver/Src/stm32f3xx_hal_rcc_ex.o
 .debug_macro   0x00000000000213f6      0x1ef ./Drivers/STM32F3xx_HAL_Driver/Src/stm32f3xx_hal_spi.o

.debug_line     0x0000000000000000    0x106aa
 .debug_line    0x0000000000000000     0x244f ./Core/Src/TMC5160.o
 .debug_line    0x000000000000244f     0x1440 ./Core/Src/TMC5160_SPI.o
 .debug_line    0x000000000000388f     0x16dd ./Core/Src/main.o
 .debug_line    0x0000000000004f6c      0x870 ./Core/Src/stm32f3xx_hal_msp.o
 .debug_line    0x00000000000057dc      0x851 ./Core/Src/stm32f3xx_it.o
 .debug_line    0x000000000000602d      0x805 ./Core/Src/system_stm32f3xx.o
 .debug_line    0x0000000000006832       0x7a ./Core/Startup/startup_stm32f303cctx.o
 .debug_line    0x00000000000068ac      0xa3a ./Drivers/STM32F3xx_HAL_Driver/Src/stm32f3xx_hal.o
 .debug_line    0x00000000000072e6     0x27ac ./Drivers/STM32F3xx_HAL_Driver/Src/stm32f3xx_hal_adc_ex.o
 .debug_line    0x0000000000009a92     0x11df ./Drivers/STM32F3xx_HAL_Driver/Src/stm32f3xx_hal_can.o
 .debug_line    0x000000000000ac71      0xcff ./Drivers/STM32F3xx_HAL_Driver/Src/stm32f3xx_hal_cortex.o
 .debug_line    0x000000000000b970      0xb99 ./Drivers/STM32F3xx_HAL_Driver/Src/stm32f3xx_hal_gpio.o
 .debug_line    0x000000000000c509     0x1414 ./Drivers/STM32F3xx_HAL_Driver/Src/stm32f3xx_hal_rcc.o
 .debug_line    0x000000000000d91d      0xda0 ./Drivers/STM32F3xx_HAL_Driver/Src/stm32f3xx_hal_rcc_ex.o
 .debug_line    0x000000000000e6bd     0x1fed ./Drivers/STM32F3xx_HAL_Driver/Src/stm32f3xx_hal_spi.o

.debug_str      0x0000000000000000    0xbecbb
 .debug_str     0x0000000000000000    0xbad03 ./Core/Src/TMC5160.o
                                      0xbb4f0 (size before relaxing)
 .debug_str     0x00000000000bad03      0x76d ./Core/Src/TMC5160_SPI.o
                                      0xb9069 (size before relaxing)
 .debug_str     0x00000000000bb470     0x1343 ./Core/Src/main.o
                                      0xba2fd (size before relaxing)
 .debug_str     0x00000000000bc7b3      0x2a6 ./Core/Src/stm32f3xx_hal_msp.o
                                      0xb0224 (size before relaxing)
 .debug_str     0x00000000000bca59       0xc9 ./Core/Src/stm32f3xx_it.o
                                      0xaf8e9 (size before relaxing)
 .debug_str     0x00000000000bcb22       0xdf ./Core/Src/system_stm32f3xx.o
                                      0xaf3c4 (size before relaxing)
 .debug_str     0x00000000000bcc01       0x34 ./Core/Startup/startup_stm32f303cctx.o
                                         0x76 (size before relaxing)
 .debug_str     0x00000000000bcc35      0x6cb ./Drivers/STM32F3xx_HAL_Driver/Src/stm32f3xx_hal.o
                                      0xafc02 (size before relaxing)
 .debug_str     0x00000000000bd300      0x841 ./Drivers/STM32F3xx_HAL_Driver/Src/stm32f3xx_hal_adc_ex.o
                                      0xb00ca (size before relaxing)
 .debug_str     0x00000000000bdb41      0x440 ./Drivers/STM32F3xx_HAL_Driver/Src/stm32f3xx_hal_can.o
                                      0xafb4b (size before relaxing)
 .debug_str     0x00000000000bdf81      0x33d ./Drivers/STM32F3xx_HAL_Driver/Src/stm32f3xx_hal_cortex.o
                                      0xafc54 (size before relaxing)
 .debug_str     0x00000000000be2be      0x116 ./Drivers/STM32F3xx_HAL_Driver/Src/stm32f3xx_hal_gpio.o
                                      0xaf531 (size before relaxing)
 .debug_str     0x00000000000be3d4      0x2c3 ./Drivers/STM32F3xx_HAL_Driver/Src/stm32f3xx_hal_rcc.o
                                      0xaf864 (size before relaxing)
 .debug_str     0x00000000000be697       0xbe ./Drivers/STM32F3xx_HAL_Driver/Src/stm32f3xx_hal_rcc_ex.o
                                      0xaf628 (size before relaxing)
 .debug_str     0x00000000000be755      0x566 ./Drivers/STM32F3xx_HAL_Driver/Src/stm32f3xx_hal_spi.o
                                      0xafcea (size before relaxing)

.debug_frame    0x0000000000000000     0x33ec
 .debug_frame   0x0000000000000000      0xd1c ./Core/Src/TMC5160.o
 .debug_frame   0x0000000000000d1c      0x130 ./Core/Src/TMC5160_SPI.o
 .debug_frame   0x0000000000000e4c      0x1a8 ./Core/Src/main.o
 .debug_frame   0x0000000000000ff4      0x110 ./Core/Src/stm32f3xx_hal_msp.o
 .debug_frame   0x0000000000001104      0x104 ./Core/Src/stm32f3xx_it.o
 .debug_frame   0x0000000000001208       0x58 ./Core/Src/system_stm32f3xx.o
 .debug_frame   0x0000000000001260      0x334 ./Drivers/STM32F3xx_HAL_Driver/Src/stm32f3xx_hal.o
 .debug_frame   0x0000000000001594      0x644 ./Drivers/STM32F3xx_HAL_Driver/Src/stm32f3xx_hal_adc_ex.o
 .debug_frame   0x0000000000001bd8      0x5a0 ./Drivers/STM32F3xx_HAL_Driver/Src/stm32f3xx_hal_can.o
 .debug_frame   0x0000000000002178      0x498 ./Drivers/STM32F3xx_HAL_Driver/Src/stm32f3xx_hal_cortex.o
 .debug_frame   0x0000000000002610      0x14c ./Drivers/STM32F3xx_HAL_Driver/Src/stm32f3xx_hal_gpio.o
 .debug_frame   0x000000000000275c      0x214 ./Drivers/STM32F3xx_HAL_Driver/Src/stm32f3xx_hal_rcc.o
 .debug_frame   0x0000000000002970       0xb0 ./Drivers/STM32F3xx_HAL_Driver/Src/stm32f3xx_hal_rcc_ex.o
 .debug_frame   0x0000000000002a20      0x860 ./Drivers/STM32F3xx_HAL_Driver/Src/stm32f3xx_hal_spi.o
 .debug_frame   0x0000000000003280       0x20 C:/ST/STM32CubeIDE_1.14.1/STM32CubeIDE/plugins/com.st.stm32cube.ide.mcu.externaltools.gnu-tools-for-stm32.11.3.rel1.win32_1.1.100.202309141235/tools/bin/../lib/gcc/arm-none-eabi/11.3.1/../../../../arm-none-eabi/lib/thumb/v7e-m+fp/hard\libc_nano.a(libc_a-memset.o)
 .debug_frame   0x00000000000032a0       0x2c C:/ST/STM32CubeIDE_1.14.1/STM32CubeIDE/plugins/com.st.stm32cube.ide.mcu.externaltools.gnu-tools-for-stm32.11.3.rel1.win32_1.1.100.202309141235/tools/bin/../lib/gcc/arm-none-eabi/11.3.1/../../../../arm-none-eabi/lib/thumb/v7e-m+fp/hard\libc_nano.a(libc_a-init.o)
 .debug_frame   0x00000000000032cc       0xac C:/ST/STM32CubeIDE_1.14.1/STM32CubeIDE/plugins/com.st.stm32cube.ide.mcu.externaltools.gnu-tools-for-stm32.11.3.rel1.win32_1.1.100.202309141235/tools/bin/../lib/gcc/arm-none-eabi/11.3.1/thumb/v7e-m+fp/hard\libgcc.a(_arm_addsubdf3.o)
 .debug_frame   0x0000000000003378       0x50 C:/ST/STM32CubeIDE_1.14.1/STM32CubeIDE/plugins/com.st.stm32cube.ide.mcu.externaltools.gnu-tools-for-stm32.11.3.rel1.win32_1.1.100.202309141235/tools/bin/../lib/gcc/arm-none-eabi/11.3.1/thumb/v7e-m+fp/hard\libgcc.a(_arm_muldivdf3.o)
 .debug_frame   0x00000000000033c8       0x24 C:/ST/STM32CubeIDE_1.14.1/STM32CubeIDE/plugins/com.st.stm32cube.ide.mcu.externaltools.gnu-tools-for-stm32.11.3.rel1.win32_1.1.100.202309141235/tools/bin/../lib/gcc/arm-none-eabi/11.3.1/thumb/v7e-m+fp/hard\libgcc.a(_arm_fixdfsi.o)

.debug_line_str
                0x0000000000000000       0x6a
 .debug_line_str
                0x0000000000000000       0x6a ./Core/Startup/startup_stm32f303cctx.o
                                         0x82 (size before relaxing)
