Archive member included to satisfy reference by file (symbol)

C:/ST/STM32CubeIDE_1.17.0/STM32CubeIDE/plugins/com.st.stm32cube.ide.mcu.externaltools.gnu-tools-for-stm32.12.3.rel1.win32_1.1.0.202410251130/tools/bin/../lib/gcc/arm-none-eabi/12.3.1/../../../../arm-none-eabi/lib/thumb/v7e-m+fp/hard\libm.a(libm_a-s_floor.o)
                              ./Core/Src/TMC5160.o (floor)
C:/ST/STM32CubeIDE_1.17.0/STM32CubeIDE/plugins/com.st.stm32cube.ide.mcu.externaltools.gnu-tools-for-stm32.12.3.rel1.win32_1.1.0.202410251130/tools/bin/../lib/gcc/arm-none-eabi/12.3.1/../../../../arm-none-eabi/lib/thumb/v7e-m+fp/hard\libc_nano.a(libc_a-exit.o)
                              C:/ST/STM32CubeIDE_1.17.0/STM32CubeIDE/plugins/com.st.stm32cube.ide.mcu.externaltools.gnu-tools-for-stm32.12.3.rel1.win32_1.1.0.202410251130/tools/bin/../lib/gcc/arm-none-eabi/12.3.1/../../../../arm-none-eabi/lib/thumb/v7e-m+fp/hard/crt0.o (exit)
C:/ST/STM32CubeIDE_1.17.0/STM32CubeIDE/plugins/com.st.stm32cube.ide.mcu.externaltools.gnu-tools-for-stm32.12.3.rel1.win32_1.1.0.202410251130/tools/bin/../lib/gcc/arm-none-eabi/12.3.1/../../../../arm-none-eabi/lib/thumb/v7e-m+fp/hard\libc_nano.a(libc_a-findfp.o)
                              C:/ST/STM32CubeIDE_1.17.0/STM32CubeIDE/plugins/com.st.stm32cube.ide.mcu.externaltools.gnu-tools-for-stm32.12.3.rel1.win32_1.1.0.202410251130/tools/bin/../lib/gcc/arm-none-eabi/12.3.1/../../../../arm-none-eabi/lib/thumb/v7e-m+fp/hard\libc_nano.a(libc_a-exit.o) (__stdio_exit_handler)
C:/ST/STM32CubeIDE_1.17.0/STM32CubeIDE/plugins/com.st.stm32cube.ide.mcu.externaltools.gnu-tools-for-stm32.12.3.rel1.win32_1.1.0.202410251130/tools/bin/../lib/gcc/arm-none-eabi/12.3.1/../../../../arm-none-eabi/lib/thumb/v7e-m+fp/hard\libc_nano.a(libc_a-fwalk.o)
                              C:/ST/STM32CubeIDE_1.17.0/STM32CubeIDE/plugins/com.st.stm32cube.ide.mcu.externaltools.gnu-tools-for-stm32.12.3.rel1.win32_1.1.0.202410251130/tools/bin/../lib/gcc/arm-none-eabi/12.3.1/../../../../arm-none-eabi/lib/thumb/v7e-m+fp/hard\libc_nano.a(libc_a-findfp.o) (_fwalk_sglue)
C:/ST/STM32CubeIDE_1.17.0/STM32CubeIDE/plugins/com.st.stm32cube.ide.mcu.externaltools.gnu-tools-for-stm32.12.3.rel1.win32_1.1.0.202410251130/tools/bin/../lib/gcc/arm-none-eabi/12.3.1/../../../../arm-none-eabi/lib/thumb/v7e-m+fp/hard\libc_nano.a(libc_a-stdio.o)
                              C:/ST/STM32CubeIDE_1.17.0/STM32CubeIDE/plugins/com.st.stm32cube.ide.mcu.externaltools.gnu-tools-for-stm32.12.3.rel1.win32_1.1.0.202410251130/tools/bin/../lib/gcc/arm-none-eabi/12.3.1/../../../../arm-none-eabi/lib/thumb/v7e-m+fp/hard\libc_nano.a(libc_a-findfp.o) (__sread)
C:/ST/STM32CubeIDE_1.17.0/STM32CubeIDE/plugins/com.st.stm32cube.ide.mcu.externaltools.gnu-tools-for-stm32.12.3.rel1.win32_1.1.0.202410251130/tools/bin/../lib/gcc/arm-none-eabi/12.3.1/../../../../arm-none-eabi/lib/thumb/v7e-m+fp/hard\libc_nano.a(libc_a-memset.o)
                              C:/ST/STM32CubeIDE_1.17.0/STM32CubeIDE/plugins/com.st.stm32cube.ide.mcu.externaltools.gnu-tools-for-stm32.12.3.rel1.win32_1.1.0.202410251130/tools/bin/../lib/gcc/arm-none-eabi/12.3.1/../../../../arm-none-eabi/lib/thumb/v7e-m+fp/hard/crt0.o (memset)
C:/ST/STM32CubeIDE_1.17.0/STM32CubeIDE/plugins/com.st.stm32cube.ide.mcu.externaltools.gnu-tools-for-stm32.12.3.rel1.win32_1.1.0.202410251130/tools/bin/../lib/gcc/arm-none-eabi/12.3.1/../../../../arm-none-eabi/lib/thumb/v7e-m+fp/hard\libc_nano.a(libc_a-closer.o)
                              C:/ST/STM32CubeIDE_1.17.0/STM32CubeIDE/plugins/com.st.stm32cube.ide.mcu.externaltools.gnu-tools-for-stm32.12.3.rel1.win32_1.1.0.202410251130/tools/bin/../lib/gcc/arm-none-eabi/12.3.1/../../../../arm-none-eabi/lib/thumb/v7e-m+fp/hard\libc_nano.a(libc_a-stdio.o) (_close_r)
C:/ST/STM32CubeIDE_1.17.0/STM32CubeIDE/plugins/com.st.stm32cube.ide.mcu.externaltools.gnu-tools-for-stm32.12.3.rel1.win32_1.1.0.202410251130/tools/bin/../lib/gcc/arm-none-eabi/12.3.1/../../../../arm-none-eabi/lib/thumb/v7e-m+fp/hard\libc_nano.a(libc_a-reent.o)
                              C:/ST/STM32CubeIDE_1.17.0/STM32CubeIDE/plugins/com.st.stm32cube.ide.mcu.externaltools.gnu-tools-for-stm32.12.3.rel1.win32_1.1.0.202410251130/tools/bin/../lib/gcc/arm-none-eabi/12.3.1/../../../../arm-none-eabi/lib/thumb/v7e-m+fp/hard\libc_nano.a(libc_a-closer.o) (errno)
C:/ST/STM32CubeIDE_1.17.0/STM32CubeIDE/plugins/com.st.stm32cube.ide.mcu.externaltools.gnu-tools-for-stm32.12.3.rel1.win32_1.1.0.202410251130/tools/bin/../lib/gcc/arm-none-eabi/12.3.1/../../../../arm-none-eabi/lib/thumb/v7e-m+fp/hard\libc_nano.a(libc_a-impure.o)
                              C:/ST/STM32CubeIDE_1.17.0/STM32CubeIDE/plugins/com.st.stm32cube.ide.mcu.externaltools.gnu-tools-for-stm32.12.3.rel1.win32_1.1.0.202410251130/tools/bin/../lib/gcc/arm-none-eabi/12.3.1/../../../../arm-none-eabi/lib/thumb/v7e-m+fp/hard\libc_nano.a(libc_a-reent.o) (_impure_ptr)
[...]
Memory Configuration

Name             Origin             Length             Attributes
CCMRAM           0x10000000         0x00002000         xrw
RAM              0x20000000         0x0000a000         xrw
FLASH            0x08000000         0x00040000         xr
*default*        0x00000000         0xffffffff

Linker script and memory map

LOAD C:/ST/STM32CubeIDE_1.17.0/STM32CubeIDE/plugins/com.st.stm32cube.ide.mcu.externaltools.gnu-tools-for-stm32.12.3.rel1.win32_1.1.0.202410251130/tools/bin/../lib/gcc/arm-none-eabi/12.3.1/thumb/v7e-m+fp/hard/crti.o
LOAD C:/ST/STM32CubeIDE_1.17.0/STM32CubeIDE/plugins/com.st.stm32cube.ide.mcu.externaltools.gnu-tools-for-stm32.12.3.rel1.win32_1.1.0.202410251130/tools/bin/../lib/gcc/arm-none-eabi/12.3.1/thumb/v7e-m+fp/hard/crtbegin.o
LOAD C:/ST/STM32CubeIDE_1.17.0/STM32CubeIDE/plugins/com.st.stm32cube.ide.mcu.externaltools.gnu-tools-for-stm32.12.3.rel1.win32_1.1.0.202410251130/tools/bin/../lib/gcc/arm-none-eabi/12.3.1/../../../../arm-none-eabi/lib/thumb/v7e-m+fp/hard/crt0.o
LOAD ./Core/Src/TMC5160.o
LOAD ./Core/Src/TMC5160_SPI.o
LOAD ./Core/Src/main.o
LOAD ./Core/Src/stm32f3xx_hal_msp.o
LOAD ./Core/Src/stm32f3xx_it.o
LOAD ./Core/Src/syscalls.o
LOAD ./Core/Src/sysmem.o
LOAD ./Core/Src/system_stm32f3xx.o
LOAD ./Core/Startup/startup_stm32f303cctx.o
LOAD ./Drivers/STM32F3xx_HAL_Driver/Src/stm32f3xx_hal.o
LOAD ./Drivers/STM32F3xx_HAL_Driver/Src/stm32f3xx_hal_adc.o
LOAD ./Drivers/STM32F3xx_HAL_Driver/Src/stm32f3xx_hal_adc_ex.o
LOAD ./Drivers/STM32F3xx_HAL_Driver/Src/stm32f3xx_hal_can.o
LOAD ./Drivers/STM32F3xx_HAL_Driver/Src/stm32f3xx_hal_cortex.o
LOAD ./Drivers/STM32F3xx_HAL_Driver/Src/stm32f3xx_hal_dma.o
LOAD ./Drivers/STM32F3xx_HAL_Driver/Src/stm32f3xx_hal_exti.o
LOAD ./Drivers/STM32F3xx_HAL_Driver/Src/stm32f3xx_hal_flash.o
LOAD ./Drivers/STM32F3xx_HAL_Driver/Src/stm32f3xx_hal_flash_ex.o
LOAD ./Drivers/STM32F3xx_HAL_Driver/Src/stm32f3xx_hal_gpio.o
LOAD ./Drivers/STM32F3xx_HAL_Driver/Src/stm32f3xx_hal_i2c.o
LOAD ./Drivers/STM32F3xx_HAL_Driver/Src/stm32f3xx_hal_i2c_ex.o
LOAD ./Drivers/STM32F3xx_HAL_Driver/Src/stm32f3xx_hal_pwr.o
LOAD ./Drivers/STM32F3xx_HAL_Driver/Src/stm32f3xx_hal_pwr_ex.o
LOAD ./Drivers/STM32F3xx_HAL_Driver/Src/stm32f3xx_hal_rcc.o
LOAD ./Drivers/STM32F3xx_HAL_Driver/Src/stm32f3xx_hal_rcc_ex.o
LOAD ./Drivers/STM32F3xx_HAL_Driver/Src/stm32f3xx_hal_spi.o
LOAD ./Drivers/STM32F3xx_HAL_Driver/Src/stm32f3xx_hal_spi_ex.o
LOAD ./Drivers/STM32F3xx_HAL_Driver/Src/stm32f3xx_hal_tim.o
LOAD ./Drivers/STM32F3xx_HAL_Driver/Src/stm32f3xx_hal_tim_ex.o
START GROUP
LOAD C:/ST/STM32CubeIDE_1.17.0/STM32CubeIDE/plugins/com.st.stm32cube.ide.mcu.externaltools.gnu-tools-for-stm32.12.3.rel1.win32_1.1.0.202410251130/tools/bin/../lib/gcc/arm-none-eabi/12.3.1/../../../../arm-none-eabi/lib/thumb/v7e-m+fp/hard\libstdc++_nano.a
LOAD C:/ST/STM32CubeIDE_1.17.0/STM32CubeIDE/plugins/com.st.stm32cube.ide.mcu.externaltools.gnu-tools-for-stm32.12.3.rel1.win32_1.1.0.202410251130/tools/bin/../lib/gcc/arm-none-eabi/12.3.1/../../../../arm-none-eabi/lib/thumb/v7e-m+fp/hard\libsupc++_nano.a
END GROUP
LOAD C:/ST/STM32CubeIDE_1.17.0/STM32CubeIDE/plugins/com.st.stm32cube.ide.mcu.externaltools.gnu-tools-for-stm32.12.3.rel1.win32_1.1.0.202410251130/tools/bin/../lib/gcc/arm-none-eabi/12.3.1/../../../../arm-none-eabi/lib/thumb/v7e-m+fp/hard\libstdc++_nano.a
LOAD C:/ST/STM32CubeIDE_1.17.0/STM32CubeIDE/plugins/com.st.stm32cube.ide.mcu.externaltools.gnu-tools-for-stm32.12.3.rel1.win32_1.1.0.202410251130/tools/bin/../lib/gcc/arm-none-eabi/12.3.1/../../../../arm-none-eabi/lib/thumb/v7e-m+fp/hard\libm.a
LOAD C:/ST/STM32CubeIDE_1.17.0/STM32CubeIDE/plugins/com.st.stm32cube.ide.mcu.externaltools.gnu-tools-for-stm32.12.3.rel1.win32_1.1.0.202410251130/tools/bin/../lib/gcc/arm-none-eabi/12.3.1/../../../../arm-none-eabi/lib/thumb/v7e-m+fp/hard\libc_nano.a
START GROUP
LOAD C:/ST/STM32CubeIDE_1.17.0/STM32CubeIDE/plugins/com.st.stm32cube.ide.mcu.externaltools.gnu-tools-for-stm32.12.3.rel1.win32_1.1.0.202410251130/tools/bin/../lib/gcc/arm-none-eabi/12.3.1/thumb/v7e-m+fp/hard\libgcc.a
LOAD C:/ST/STM32CubeIDE_1.17.0/STM32CubeIDE/plugins/com.st.stm32cube.ide.mcu.externaltools.gnu-tools-for-stm32.12.3.rel1.win32_1.1.0.202410251130/tools/bin/../lib/gcc/arm-none-eabi/12.3.1/../../../../arm-none-eabi/lib/thumb/v7e-m+fp/hard\libc_nano.a
END GROUP
START GROUP
LOAD C:/ST/STM32CubeIDE_1.17.0/STM32CubeIDE/plugins/com.st.stm32cube.ide.mcu.externaltools.gnu-tools-for-stm32.12.3.rel1.win32_1.1.0.202410251130/tools/bin/../lib/gcc/arm-none-eabi/12.3.1/thumb/v7e-m+fp/hard\libgcc.a
LOAD C:/ST/STM32CubeIDE_1.17.0/STM32CubeIDE/plugins/com.st.stm32cube.ide.mcu.externaltools.gnu-tools-for-stm32.12.3.rel1.win32_1.1.0.202410251130/tools/bin/../lib/gcc/arm-none-eabi/12.3.1/../../../../arm-none-eabi/lib/thumb/v7e-m+fp/hard\libc_nano.a
LOAD C:/ST/STM32CubeIDE_1.17.0/STM32CubeIDE/plugins/com.st.stm32cube.ide.mcu.externaltools.gnu-tools-for-stm32.12.3.rel1.win32_1.1.0.202410251130/tools/bin/../lib/gcc/arm-none-eabi/12.3.1/../../../../arm-none-eabi/lib/thumb/v7e-m+fp/hard\libnosys.a
END GROUP
START GROUP
LOAD C:/ST/STM32CubeIDE_1.17.0/STM32CubeIDE/plugins/com.st.stm32cube.ide.mcu.externaltools.gnu-tools-for-stm32.12.3.rel1.win32_1.1.0.202410251130/tools/bin/../lib/gcc/arm-none-eabi/12.3.1/thumb/v7e-m+fp/hard\libgcc.a
LOAD C:/ST/STM32CubeIDE_1.17.0/STM32CubeIDE/plugins/com.st.stm32cube.ide.mcu.externaltools.gnu-tools-for-stm32.12.3.rel1.win32_1.1.0.202410251130/tools/bin/../lib/gcc/arm-none-eabi/12.3.1/../../../../arm-none-eabi/lib/thumb/v7e-m+fp/hard\libc_nano.a
LOAD C:/ST/STM32CubeIDE_1.17.0/STM32CubeIDE/plugins/com.st.stm32cube.ide.mcu.externaltools.gnu-tools-for-stm32.12.3.rel1.win32_1.1.0.202410251130/tools/bin/../lib/gcc/arm-none-eabi/12.3.1/../../../../arm-none-eabi/lib/thumb/v7e-m+fp/hard\libnosys.a
END GROUP
LOAD C:/ST/STM32CubeIDE_1.17.0/STM32CubeIDE/plugins/com.st.stm32cube.ide.mcu.externaltools.gnu-tools-for-stm32.12.3.rel1.win32_1.1.0.202410251130/tools/bin/../lib/gcc/arm-none-eabi/12.3.1/thumb/v7e-m+fp/hard/crtend.o
LOAD C:/ST/STM32CubeIDE_1.17.0/STM32CubeIDE/plugins/com.st.stm32cube.ide.mcu.externaltools.gnu-tools-for-stm32.12.3.rel1.win32_1.1.0.202410251130/tools/bin/../lib/gcc/arm-none-eabi/12.3.1/thumb/v7e-m+fp/hard/crtn.o
                0x2000a000                        _estack = (ORIGIN (RAM) + LENGTH (RAM))
                0x00000200                        _Min_Heap_Size = 0x200
                0x00000400                        _Min_Stack_Size = 0x400

.isr_vector     0x08000000      0x188
                0x08000000                        . = ALIGN (0x4)
 *(.isr_vector)
 .isr_vector    0x08000000      0x188 ./Core/Startup/startup_stm32f303cctx.o
                0x08000000                g_pfnVectors
                0x08000188                        . = ALIGN (0x4)

.text           0x08000188     0x6bf0
                0x08000188                        . = ALIGN (0x4)
 *(.text)
 .text          0x08000188       0x40 C:/ST/STM32CubeIDE_1.17.0/STM32CubeIDE/plugins/com.st.stm32cube.ide.mcu.externaltools.gnu-tools-for-stm32.12.3.rel1.win32_1.1.0.202410251130/tools/bin/../lib/gcc/arm-none-eabi/12.3.1/thumb/v7e-m+fp/hard/crtbegin.o
 .text          0x080001c8      0x378 C:/ST/STM32CubeIDE_1.17.0/STM32CubeIDE/plugins/com.st.stm32cube.ide.mcu.externaltools.gnu-tools-for-stm32.12.3.rel1.win32_1.1.0.202410251130/tools/bin/../lib/gcc/arm-none-eabi/12.3.1/thumb/v7e-m+fp/hard\libgcc.a(_arm_addsubdf3.o)
                0x080001c8                __aeabi_drsub
                0x080001d0                __aeabi_dsub
                0x080001d0                __subdf3
                0x080001d4                __aeabi_dadd
                0x080001d4                __adddf3
                0x0800044c                __floatunsidf
                0x0800044c                __aeabi_ui2d
                0x0800046c                __floatsidf
                0x0800046c                __aeabi_i2d
                0x08000490                __aeabi_f2d
                0x08000490                __extendsfdf2
                0x080004d4                __floatundidf
                0x080004d4                __aeabi_ul2d
                0x080004e4                __floatdidf
                0x080004e4                __aeabi_l2d
 .text          0x08000540      0x424 C:/ST/STM32CubeIDE_1.17.0/STM32CubeIDE/plugins/com.st.stm32cube.ide.mcu.externaltools.gnu-tools-for-stm32.12.3.rel1.win32_1.1.0.202410251130/tools/bin/../lib/gcc/arm-none-eabi/12.3.1/thumb/v7e-m+fp/hard\libgcc.a(_arm_muldivdf3.o)
                0x08000540                __aeabi_dmul
                0x08000540                __muldf3
                0x08000794                __divdf3
                0x08000794                __aeabi_ddiv
 .text          0x08000964       0x50 C:/ST/STM32CubeIDE_1.17.0/STM32CubeIDE/plugins/com.st.stm32cube.ide.mcu.externaltools.gnu-tools-for-stm32.12.3.rel1.win32_1.1.0.202410251130/tools/bin/../lib/gcc/arm-none-eabi/12.3.1/thumb/v7e-m+fp/hard\libgcc.a(_arm_fixdfsi.o)
                0x08000964                __aeabi_d2iz
                0x08000964                __fixdfsi
 .text          0x080009b4       0x40 C:/ST/STM32CubeIDE_1.17.0/STM32CubeIDE/plugins/com.st.stm32cube.ide.mcu.externaltools.gnu-tools-for-stm32.12.3.rel1.win32_1.1.0.202410251130/tools/bin/../lib/gcc/arm-none-eabi/12.3.1/thumb/v7e-m+fp/hard\libgcc.a(_arm_fixunsdfsi.o)
                0x080009b4                __aeabi_d2uiz
                0x080009b4                __fixunsdfsi
 .text          0x080009f4       0xa0 C:/ST/STM32CubeIDE_1.17.0/STM32CubeIDE/plugins/com.st.stm32cube.ide.mcu.externaltools.gnu-tools-for-stm32.12.3.rel1.win32_1.1.0.202410251130/tools/bin/../lib/gcc/arm-none-eabi/12.3.1/thumb/v7e-m+fp/hard\libgcc.a(_arm_truncdfsf2.o)
                0x080009f4                __truncdfsf2
                0x080009f4                __aeabi_d2f
 .text          0x08000a94       0x28 C:/ST/STM32CubeIDE_1.17.0/STM32CubeIDE/plugins/com.st.stm32cube.ide.mcu.externaltools.gnu-tools-for-stm32.12.3.rel1.win32_1.1.0.202410251130/tools/bin/../lib/gcc/arm-none-eabi/12.3.1/thumb/v7e-m+fp/hard\libgcc.a(_fixsfdi.o)
                0x08000a94                __fixsfdi
                0x08000a94                __aeabi_f2lz
 .text          0x08000abc       0x40 C:/ST/STM32CubeIDE_1.17.0/STM32CubeIDE/plugins/com.st.stm32cube.ide.mcu.externaltools.gnu-tools-for-stm32.12.3.rel1.win32_1.1.0.202410251130/tools/bin/../lib/gcc/arm-none-eabi/12.3.1/thumb/v7e-m+fp/hard\libgcc.a(_fixunssfdi.o)
                0x08000abc                __fixunssfdi
                0x08000abc                __aeabi_f2ulz
 *(.text*)
 .text._ZN7TMC51609speedToHzEl
                0x08000afc       0x50 ./Core/Src/TMC5160.o
                0x08000afc                TMC5160::speedToHz(long)
 .text._ZN7TMC516011speedFromHzEf
                0x08000b4c       0x4c ./Core/Src/TMC5160.o
                0x08000b4c                TMC5160::speedFromHz(float)
 .text._ZN7TMC516011accelFromHzEf
                0x08000b98       0x94 ./Core/Src/TMC5160.o
                0x08000b98                TMC5160::accelFromHz(float)
 .text._ZN7TMC5160C2Em
                0x08000c2c       0x54 ./Core/Src/TMC5160.o
                0x08000c2c                TMC5160::TMC5160(unsigned long)
                0x08000c2c                TMC5160::TMC5160(unsigned long)
 .text._ZN7TMC51605beginERKNS_20PowerStageParametersERKNS_15MotorParametersES5_NS_14MotorDirectionENS_9MotorTypeE
                0x08000c80      0x4f8 ./Core/Src/TMC5160.o
                0x08000c80                TMC5160::begin(TMC5160::PowerStageParameters const&, TMC5160::MotorParameters const&, TMC5160::MotorParameters const&, TMC5160::MotorDirection, TMC5160::MotorType)
 .text._ZN7TMC516011setRampModeENS_8RampModeE
                0x08001178       0x74 ./Core/Src/TMC5160.o
                0x08001178                TMC5160::setRampMode(TMC5160::RampMode)
 .text._ZN7TMC516018getCurrentPositionEv
                0x080011ec       0x50 ./Core/Src/TMC5160.o
                0x080011ec                TMC5160::getCurrentPosition()
 .text._ZN7TMC516015getCurrentSpeedEv
                0x0800123c       0x58 ./Core/Src/TMC5160.o
                0x0800123c                TMC5160::getCurrentSpeed()
 .text._ZN7TMC516017setTargetPositionEf
                0x08001294       0x3c ./Core/Src/TMC5160.o
                0x08001294                TMC5160::setTargetPosition(float)
 .text._ZN7TMC516011setMaxSpeedEf
                0x080012d0       0x84 ./Core/Src/TMC5160.o
                0x080012d0                TMC5160::setMaxSpeed(float)
 .text._ZN7TMC516014setTargetSpeedEf
                0x08001354       0x64 ./Core/Src/TMC5160.o
                0x08001354                TMC5160::setTargetSpeed(float)
 .text._ZN7TMC516013setRampSpeedsEfff
                0x080013b8       0xec ./Core/Src/TMC5160.o
                0x080013b8                TMC5160::setRampSpeeds(float, float, float)
 .text._ZN7TMC516016setAccelerationsEffff
                0x080014a4      0x130 ./Core/Src/TMC5160.o
                0x080014a4                TMC5160::setAccelerations(float, float, float, float)
 .text._ZN7TMC51607disableEv
                0x080015d4       0x36 ./Core/Src/TMC5160.o
                0x080015d4                TMC5160::disable()
 .text._ZN7TMC51606enableEv
                0x0800160a       0x22 ./Core/Src/TMC5160.o
                0x0800160a                TMC5160::enable()
 .text._ZN7TMC516024setStallProtectionLevelsEiiiii
                0x0800162c       0xdc ./Core/Src/TMC5160.o
                0x0800162c                TMC5160::setStallProtectionLevels(int, int, int, int, int)
 .text._ZN8BitFieldILj0ELj1EEaSEb
                0x08001708       0x34 ./Core/Src/TMC5160.o
                0x08001708                BitField<0u, 1u>::operator=(bool)
 .text._ZN8BitFieldILj1ELj1EEaSEb
                0x0800173c       0x36 ./Core/Src/TMC5160.o
                0x0800173c                BitField<1u, 1u>::operator=(bool)
 .text._ZN8BitFieldILj2ELj1EEaSEb
                0x08001772       0x36 ./Core/Src/TMC5160.o
                0x08001772                BitField<2u, 1u>::operator=(bool)
 .text._ZN8BitFieldILj18ELj2EEaSIiEERS0_T_
                0x080017a8       0x2e ./Core/Src/TMC5160.o
                0x080017a8                BitField<18u, 2u>& BitField<18u, 2u>::operator=<int>(int)
 .text._ZN8BitFieldILj0ELj5EEaSIiEERS0_T_
                0x080017d6       0x38 ./Core/Src/TMC5160.o
                0x080017d6                BitField<0u, 5u>& BitField<0u, 5u>::operator=<int>(int)
 .text._ZN8BitFieldILj8ELj4EEaSIiEERS0_T_
                0x0800180e       0x3c ./Core/Src/TMC5160.o
                0x0800180e                BitField<8u, 4u>& BitField<8u, 4u>::operator=<int>(int)
 .text._ZN8BitFieldILj8ELj5EEaSIiEERS0_T_
                0x0800184a       0x3c ./Core/Src/TMC5160.o
                0x0800184a                BitField<8u, 5u>& BitField<8u, 5u>::operator=<int>(int)
 .text._ZN8BitFieldILj16ELj4EEaSIiEERS0_T_
                0x08001886       0x2e ./Core/Src/TMC5160.o
                0x08001886                BitField<16u, 4u>& BitField<16u, 4u>::operator=<int>(int)
 .text._ZN8BitFieldILj18ELj1EEaSEb
                0x080018b4       0x2c ./Core/Src/TMC5160.o
                0x080018b4                BitField<18u, 1u>::operator=(bool)
 .text._ZN8BitFieldILj16ELj2EEaSIiEERS0_T_
                0x080018e0       0x2e ./Core/Src/TMC5160.o
                0x080018e0                BitField<16u, 2u>& BitField<16u, 2u>::operator=<int>(int)
 .text._ZN8BitFieldILj8ELj8EEaSIhEERS0_T_
                0x0800190e       0x34 ./Core/Src/TMC5160.o
                0x0800190e                BitField<8u, 8u>& BitField<8u, 8u>::operator=<unsigned char>(unsigned char)
 .text._ZN8BitFieldILj0ELj8EEaSIhEERS0_T_
                0x08001942       0x20 ./Core/Src/TMC5160.o
                0x08001942                BitField<0u, 8u>& BitField<0u, 8u>::operator=<unsigned char>(unsigned char)
 .text._ZN8BitFieldILj20ELj2EEaSIN11TMC5160_Reg24PWMCONF_freewheel_ValuesEEERS0_T_
                0x08001962       0x30 ./Core/Src/TMC5160.o
                0x08001962                BitField<20u, 2u>& BitField<20u, 2u>::operator=<TMC5160_Reg::PWMCONF_freewheel_Values>(TMC5160_Reg::PWMCONF_freewheel_Values)
 .text._ZN8BitFieldILj19ELj1EEaSEb
                0x08001992       0x2c ./Core/Src/TMC5160.o
                0x08001992                BitField<19u, 1u>::operator=(bool)
 .text._ZN8BitFieldILj31ELj1EEaSEb
                0x080019be       0x2c ./Core/Src/TMC5160.o
                0x080019be                BitField<31u, 1u>::operator=(bool)
 .text._ZN8BitFieldILj30ELj1EEaSEb
                0x080019ea       0x2c ./Core/Src/TMC5160.o
                0x080019ea                BitField<30u, 1u>::operator=(bool)
 .text._ZN8BitFieldILj0ELj4EEaSIiEERS0_T_
                0x08001a16       0x38 ./Core/Src/TMC5160.o
                0x08001a16                BitField<0u, 4u>& BitField<0u, 4u>::operator=<int>(int)
 .text._ZN8BitFieldILj15ELj2EEaSIiEERS0_T_
                0x08001a4e       0x2e ./Core/Src/TMC5160.o
                0x08001a4e                BitField<15u, 2u>& BitField<15u, 2u>::operator=<int>(int)
 .text._ZN8BitFieldILj4ELj3EEaSIiEERS0_T_
                0x08001a7c       0x3c ./Core/Src/TMC5160.o
                0x08001a7c                BitField<4u, 3u>& BitField<4u, 3u>::operator=<int>(int)
 .text._ZN8BitFieldILj7ELj4EEaSIiEERS0_T_
                0x08001ab8       0x3c ./Core/Src/TMC5160.o
                0x08001ab8                BitField<7u, 4u>& BitField<7u, 4u>::operator=<int>(int)
 .text._ZN8BitFieldILj24ELj4EEaSIiEERS0_T_
                0x08001af4       0x2e ./Core/Src/TMC5160.o
                0x08001af4                BitField<24u, 4u>& BitField<24u, 4u>::operator=<int>(int)
 .text._ZN8BitFieldILj4ELj1EEaSEb
                0x08001b22       0x36 ./Core/Src/TMC5160.o
                0x08001b22                BitField<4u, 1u>::operator=(bool)
 .text._ZN8BitFieldILj0ELj8EEaSIiEERS0_T_
                0x08001b58       0x20 ./Core/Src/TMC5160.o
                0x08001b58                BitField<0u, 8u>& BitField<0u, 8u>::operator=<int>(int)
 .text._ZN8BitFieldILj8ELj8EEaSIiEERS0_T_
                0x08001b78       0x34 ./Core/Src/TMC5160.o
                0x08001b78                BitField<8u, 8u>& BitField<8u, 8u>::operator=<int>(int)
 .text._ZN8BitFieldILj0ELj5EEaSIhEERS0_T_
                0x08001bac       0x3a ./Core/Src/TMC5160.o
                0x08001bac                BitField<0u, 5u>& BitField<0u, 5u>::operator=<unsigned char>(unsigned char)
 .text._ZN8BitFieldILj16ELj1EEaSEb
                0x08001be6       0x2c ./Core/Src/TMC5160.o
                0x08001be6                BitField<16u, 1u>::operator=(bool)
 .text._ZN8BitFieldILj5ELj2EEaSIiEERS0_T_
                0x08001c12       0x3c ./Core/Src/TMC5160.o
                0x08001c12                BitField<5u, 2u>& BitField<5u, 2u>::operator=<int>(int)
 .text._ZN8BitFieldILj13ELj2EEaSIiEERS0_T_
                0x08001c4e       0x3c ./Core/Src/TMC5160.o
                0x08001c4e                BitField<13u, 2u>& BitField<13u, 2u>::operator=<int>(int)
 .text._ZN8BitFieldILj15ELj1EEaSEb
                0x08001c8a       0x36 ./Core/Src/TMC5160.o
                0x08001c8a                BitField<15u, 1u>::operator=(bool)
 .text._ZN8BitFieldILj16ELj7EEaSIiEERS0_T_
                0x08001cc0       0x2e ./Core/Src/TMC5160.o
                0x08001cc0                BitField<16u, 7u>& BitField<16u, 7u>::operator=<int>(int)
 .text._ZN8BitFieldILj24ELj1EEaSEb
                0x08001cee       0x2c ./Core/Src/TMC5160.o
                0x08001cee                BitField<24u, 1u>::operator=(bool)
 *fill*         0x08001d1a        0x2 
 .text._ZN11TMC5160_SPIC2EP19__SPI_HandleTypeDeftP12GPIO_TypeDefmh
                0x08001d1c       0x78 ./Core/Src/TMC5160_SPI.o
                0x08001d1c                TMC5160_SPI::TMC5160_SPI(__SPI_HandleTypeDef*, unsigned short, GPIO_TypeDef*, unsigned long, unsigned char)
                0x08001d1c                TMC5160_SPI::TMC5160_SPI(__SPI_HandleTypeDef*, unsigned short, GPIO_TypeDef*, unsigned long, unsigned char)
 .text._ZN11TMC5160_SPI6CAN_INEP19CAN_RxHeaderTypeDefPh
                0x08001d94       0x56 ./Core/Src/TMC5160_SPI.o
                0x08001d94                TMC5160_SPI::CAN_IN(CAN_RxHeaderTypeDef*, unsigned char*)
 .text._ZN11TMC5160_SPI12translateCANEhPh
                0x08001dea       0x7a ./Core/Src/TMC5160_SPI.o
                0x08001dea                TMC5160_SPI::translateCAN(unsigned char, unsigned char*)
 *fill*         0x08001e64        0x4 
 .text._ZN11TMC5160_SPI12motorCommandEhf
                0x08001e68      0x2f4 ./Core/Src/TMC5160_SPI.o
                0x08001e68                TMC5160_SPI::motorCommand(unsigned char, float)
 .text._ZN11TMC5160_SPI15_SPItransactionEv
                0x0800215c       0x4c ./Core/Src/TMC5160_SPI.o
                0x0800215c                TMC5160_SPI::_SPItransaction()
 .text._ZN11TMC5160_SPI12readRegisterEh
                0x080021a8       0x8c ./Core/Src/TMC5160_SPI.o
                0x080021a8                TMC5160_SPI::readRegister(unsigned char)
 .text._ZN11TMC5160_SPI13writeRegisterEhm
                0x08002234       0x62 ./Core/Src/TMC5160_SPI.o
                0x08002234                TMC5160_SPI::writeRegister(unsigned char, unsigned long)
 *fill*         0x08002296        0x2 
 .text.main     0x08002298      0x6e4 ./Core/Src/main.o
                0x08002298                main
 .text._Z18SystemClock_Configv
                0x0800297c       0xd4 ./Core/Src/main.o
                0x0800297c                SystemClock_Config()
 .text._ZL12MX_ADC3_Initv
                0x08002a50      0x100 ./Core/Src/main.o
 .text._ZL11MX_CAN_Initv
                0x08002b50       0x78 ./Core/Src/main.o
 .text._ZL12MX_SPI1_Initv
                0x08002bc8       0x84 ./Core/Src/main.o
 .text._ZL12MX_GPIO_Initv
                0x08002c4c      0x108 ./Core/Src/main.o
 .text._Z9enableAllPP11TMC5160_SPI
                0x08002d54       0x34 ./Core/Src/main.o
                0x08002d54                enableAll(TMC5160_SPI**)
 .text._Z10disableAllPP11TMC5160_SPI
                0x08002d88       0x34 ./Core/Src/main.o
                0x08002d88                disableAll(TMC5160_SPI**)
 .text._Z10CAN_FilterP19__CAN_HandleTypeDefP19CAN_TxHeaderTypeDef
                0x08002dbc      0x11c ./Core/Src/main.o
                0x08002dbc                CAN_Filter(__CAN_HandleTypeDef*, CAN_TxHeaderTypeDef*)
 .text._Z8beginAllPP11TMC5160_SPIRKN7TMC516020PowerStageParametersERKNS2_15MotorParametersES8_NS2_14MotorDirectionE
                0x08002ed8       0xf4 ./Core/Src/main.o
                0x08002ed8                beginAll(TMC5160_SPI**, TMC5160::PowerStageParameters const&, TMC5160::MotorParameters const&, TMC5160::MotorParameters const&, TMC5160::MotorDirection)
 .text.Error_Handler
                0x08002fcc        0xc ./Core/Src/main.o
                0x08002fcc                Error_Handler
 .text.HAL_MspInit
                0x08002fd8       0x48 ./Core/Src/stm32f3xx_hal_msp.o
                0x08002fd8                HAL_MspInit
 .text.HAL_ADC_MspInit
                0x08003020       0x80 ./Core/Src/stm32f3xx_hal_msp.o
                0x08003020                HAL_ADC_MspInit
 .text.HAL_CAN_MspInit
                0x080030a0       0x88 ./Core/Src/stm32f3xx_hal_msp.o
                0x080030a0                HAL_CAN_MspInit
 .text.HAL_SPI_MspInit
                0x08003128       0x84 ./Core/Src/stm32f3xx_hal_msp.o
                0x08003128                HAL_SPI_MspInit
 .text.NMI_Handler
                0x080031ac        0x8 ./Core/Src/stm32f3xx_it.o
                0x080031ac                NMI_Handler
 .text.HardFault_Handler
                0x080031b4        0x8 ./Core/Src/stm32f3xx_it.o
                0x080031b4                HardFault_Handler
 .text.MemManage_Handler
                0x080031bc        0x8 ./Core/Src/stm32f3xx_it.o
                0x080031bc                MemManage_Handler
 .text.BusFault_Handler
                0x080031c4        0x8 ./Core/Src/stm32f3xx_it.o
                0x080031c4                BusFault_Handler
 .text.UsageFault_Handler
                0x080031cc        0x8 ./Core/Src/stm32f3xx_it.o
                0x080031cc                UsageFault_Handler
 .text.SVC_Handler
                0x080031d4        0xe ./Core/Src/stm32f3xx_it.o
                0x080031d4                SVC_Handler
 .text.DebugMon_Handler
                0x080031e2        0xe ./Core/Src/stm32f3xx_it.o
                0x080031e2                DebugMon_Handler
 .text.PendSV_Handler
                0x080031f0        0xe ./Core/Src/stm32f3xx_it.o
                0x080031f0                PendSV_Handler
 .text.SysTick_Handler
                0x080031fe        0xc ./Core/Src/stm32f3xx_it.o
                0x080031fe                SysTick_Handler
 *fill*         0x0800320a        0x2 
 .text.SystemInit
                0x0800320c       0x24 ./Core/Src/system_stm32f3xx.o
                0x0800320c                SystemInit
 .text.Reset_Handler
                0x08003230       0x50 ./Core/Startup/startup_stm32f303cctx.o
                0x08003230                Reset_Handler
 .text.Default_Handler
                0x08003280        0x2 ./Core/Startup/startup_stm32f303cctx.o
                0x08003280                RTC_Alarm_IRQHandler
                0x08003280                TIM8_TRG_COM_IRQHandler
                0x08003280                TIM8_CC_IRQHandler
                0x08003280                TIM1_CC_IRQHandler
                0x08003280                USB_HP_IRQHandler
                0x08003280                PVD_IRQHandler
                0x08003280                TAMP_STAMP_IRQHandler
                0x08003280                EXTI3_IRQHandler
                0x08003280                USB_HP_CAN_TX_IRQHandler
                0x08003280                EXTI0_IRQHandler
                0x08003280                I2C2_EV_IRQHandler
                0x08003280                FPU_IRQHandler
                0x08003280                TIM1_UP_TIM16_IRQHandler
                0x08003280                ADC1_2_IRQHandler
                0x08003280                SPI1_IRQHandler
                0x08003280                CAN_SCE_IRQHandler
                0x08003280                TIM6_DAC_IRQHandler
                0x08003280                TIM8_UP_IRQHandler
                0x08003280                DMA2_Channel2_IRQHandler
                0x08003280                DMA1_Channel4_IRQHandler
                0x08003280                USART3_IRQHandler
                0x08003280                DMA1_Channel7_IRQHandler
                0x08003280                UART5_IRQHandler
                0x08003280                ADC3_IRQHandler
                0x08003280                TIM4_IRQHandler
                0x08003280                CAN_RX1_IRQHandler
                0x08003280                DMA2_Channel1_IRQHandler
                0x08003280                I2C1_EV_IRQHandler
                0x08003280                DMA1_Channel6_IRQHandler
                0x08003280                UART4_IRQHandler
                0x08003280                DMA2_Channel4_IRQHandler
                0x08003280                TIM3_IRQHandler
                0x08003280                RCC_IRQHandler
                0x08003280                DMA1_Channel1_IRQHandler
                0x08003280                Default_Handler
                0x08003280                USBWakeUp_RMP_IRQHandler
                0x08003280                EXTI15_10_IRQHandler
                0x08003280                TIM7_IRQHandler
                0x08003280                EXTI9_5_IRQHandler
                0x08003280                RTC_WKUP_IRQHandler
                0x08003280                SPI2_IRQHandler
                0x08003280                USB_LP_CAN_RX0_IRQHandler
                0x08003280                DMA2_Channel5_IRQHandler
                0x08003280                DMA1_Channel5_IRQHandler
                0x08003280                USB_LP_IRQHandler
                0x08003280                EXTI4_IRQHandler
                0x08003280                TIM1_TRG_COM_TIM17_IRQHandler
                0x08003280                DMA1_Channel3_IRQHandler
                0x08003280                ADC4_IRQHandler
                0x08003280                WWDG_IRQHandler
                0x08003280                TIM2_IRQHandler
                0x08003280                COMP7_IRQHandler
                0x08003280                COMP1_2_3_IRQHandler
                0x08003280                EXTI1_IRQHandler
                0x08003280                USART2_IRQHandler
                0x08003280                COMP4_5_6_IRQHandler
                0x08003280                I2C2_ER_IRQHandler
                0x08003280                DMA1_Channel2_IRQHandler
                0x08003280                TIM8_BRK_IRQHandler
                0x08003280                FLASH_IRQHandler
                0x08003280                USART1_IRQHandler
                0x08003280                SPI3_IRQHandler
                0x08003280                I2C1_ER_IRQHandler
                0x08003280                USBWakeUp_IRQHandler
                0x08003280                DMA2_Channel3_IRQHandler
                0x08003280                EXTI2_TSC_IRQHandler
                0x08003280                TIM1_BRK_TIM15_IRQHandler
 *fill*         0x08003282        0x2 
 .text.HAL_Init
                0x08003284       0x2c ./Drivers/STM32F3xx_HAL_Driver/Src/stm32f3xx_hal.o
                0x08003284                HAL_Init
 .text.HAL_InitTick
                0x080032b0       0x60 ./Drivers/STM32F3xx_HAL_Driver/Src/stm32f3xx_hal.o
                0x080032b0                HAL_InitTick
 .text.HAL_IncTick
                0x08003310       0x28 ./Drivers/STM32F3xx_HAL_Driver/Src/stm32f3xx_hal.o
                0x08003310                HAL_IncTick
 .text.HAL_GetTick
                0x08003338       0x18 ./Drivers/STM32F3xx_HAL_Driver/Src/stm32f3xx_hal.o
                0x08003338                HAL_GetTick
 .text.HAL_ADC_Init
                0x08003350      0x3c0 ./Drivers/STM32F3xx_HAL_Driver/Src/stm32f3xx_hal_adc_ex.o
                0x08003350                HAL_ADC_Init
 .text.HAL_ADC_ConfigChannel
                0x08003710      0x5d4 ./Drivers/STM32F3xx_HAL_Driver/Src/stm32f3xx_hal_adc_ex.o
                0x08003710                HAL_ADC_ConfigChannel
 .text.HAL_ADCEx_MultiModeConfigChannel
                0x08003ce4      0x1e4 ./Drivers/STM32F3xx_HAL_Driver/Src/stm32f3xx_hal_adc_ex.o
                0x08003ce4                HAL_ADCEx_MultiModeConfigChannel
 .text.ADC_Disable
                0x08003ec8       0xcc ./Drivers/STM32F3xx_HAL_Driver/Src/stm32f3xx_hal_adc_ex.o
 .text.HAL_CAN_Init
                0x08003f94      0x1f6 ./Drivers/STM32F3xx_HAL_Driver/Src/stm32f3xx_hal_can.o
                0x08003f94                HAL_CAN_Init
 .text.HAL_CAN_ConfigFilter
                0x0800418a      0x194 ./Drivers/STM32F3xx_HAL_Driver/Src/stm32f3xx_hal_can.o
                0x0800418a                HAL_CAN_ConfigFilter
 .text.HAL_CAN_Start
                0x0800431e       0x88 ./Drivers/STM32F3xx_HAL_Driver/Src/stm32f3xx_hal_can.o
                0x0800431e                HAL_CAN_Start
 .text.HAL_CAN_AddTxMessage
                0x080043a6      0x1a0 ./Drivers/STM32F3xx_HAL_Driver/Src/stm32f3xx_hal_can.o
                0x080043a6                HAL_CAN_AddTxMessage
 .text.HAL_CAN_GetRxMessage
                0x08004546      0x244 ./Drivers/STM32F3xx_HAL_Driver/Src/stm32f3xx_hal_can.o
                0x08004546                HAL_CAN_GetRxMessage
 .text.HAL_CAN_GetRxFifoFillLevel
                0x0800478a       0x50 ./Drivers/STM32F3xx_HAL_Driver/Src/stm32f3xx_hal_can.o
                0x0800478a                HAL_CAN_GetRxFifoFillLevel
 *fill*         0x080047da        0x2 
 .text.__NVIC_SetPriorityGrouping
                0x080047dc       0x48 ./Drivers/STM32F3xx_HAL_Driver/Src/stm32f3xx_hal_cortex.o
 .text.__NVIC_GetPriorityGrouping
                0x08004824       0x1c ./Drivers/STM32F3xx_HAL_Driver/Src/stm32f3xx_hal_cortex.o
 .text.__NVIC_SetPriority
                0x08004840       0x54 ./Drivers/STM32F3xx_HAL_Driver/Src/stm32f3xx_hal_cortex.o
 .text.NVIC_EncodePriority
                0x08004894       0x66 ./Drivers/STM32F3xx_HAL_Driver/Src/stm32f3xx_hal_cortex.o
 *fill*         0x080048fa        0x2 
 .text.SysTick_Config
                0x080048fc       0x44 ./Drivers/STM32F3xx_HAL_Driver/Src/stm32f3xx_hal_cortex.o
 .text.HAL_NVIC_SetPriorityGrouping
                0x08004940       0x16 ./Drivers/STM32F3xx_HAL_Driver/Src/stm32f3xx_hal_cortex.o
                0x08004940                HAL_NVIC_SetPriorityGrouping
 .text.HAL_NVIC_SetPriority
                0x08004956       0x38 ./Drivers/STM32F3xx_HAL_Driver/Src/stm32f3xx_hal_cortex.o
                0x08004956                HAL_NVIC_SetPriority
 .text.HAL_SYSTICK_Config
                0x0800498e       0x18 ./Drivers/STM32F3xx_HAL_Driver/Src/stm32f3xx_hal_cortex.o
                0x0800498e                HAL_SYSTICK_Config
 *fill*         0x080049a6        0x2 
 .text.HAL_GPIO_Init
                0x080049a8      0x2f4 ./Drivers/STM32F3xx_HAL_Driver/Src/stm32f3xx_hal_gpio.o
                0x080049a8                HAL_GPIO_Init
 .text.HAL_GPIO_ReadPin
                0x08004c9c       0x30 ./Drivers/STM32F3xx_HAL_Driver/Src/stm32f3xx_hal_gpio.o
                0x08004c9c                HAL_GPIO_ReadPin
 .text.HAL_GPIO_WritePin
                0x08004ccc       0x30 ./Drivers/STM32F3xx_HAL_Driver/Src/stm32f3xx_hal_gpio.o
                0x08004ccc                HAL_GPIO_WritePin
 .text.HAL_RCC_OscConfig
                0x08004cfc     0x107c ./Drivers/STM32F3xx_HAL_Driver/Src/stm32f3xx_hal_rcc.o
                0x08004cfc                HAL_RCC_OscConfig
 .text.HAL_RCC_ClockConfig
                0x08005d78      0x2f8 ./Drivers/STM32F3xx_HAL_Driver/Src/stm32f3xx_hal_rcc.o
                0x08005d78                HAL_RCC_ClockConfig
 .text.HAL_RCC_GetSysClockFreq
                0x08006070       0xd4 ./Drivers/STM32F3xx_HAL_Driver/Src/stm32f3xx_hal_rcc.o
                0x08006070                HAL_RCC_GetSysClockFreq
 .text.HAL_RCCEx_PeriphCLKConfig
                0x08006144      0x360 ./Drivers/STM32F3xx_HAL_Driver/Src/stm32f3xx_hal_rcc_ex.o
                0x08006144                HAL_RCCEx_PeriphCLKConfig
 .text.HAL_SPI_Init
                0x080064a4      0x156 ./Drivers/STM32F3xx_HAL_Driver/Src/stm32f3xx_hal_spi.o
                0x080064a4                HAL_SPI_Init
 .text.HAL_SPI_TransmitReceive
                0x080065fa      0x444 ./Drivers/STM32F3xx_HAL_Driver/Src/stm32f3xx_hal_spi.o
                0x080065fa                HAL_SPI_TransmitReceive
 *fill*         0x08006a3e        0x2 
 .text.SPI_WaitFlagStateUntilTimeout
                0x08006a40      0x110 ./Drivers/STM32F3xx_HAL_Driver/Src/stm32f3xx_hal_spi.o
 .text.SPI_WaitFifoStateUntilTimeout
                0x08006b50      0x12c ./Drivers/STM32F3xx_HAL_Driver/Src/stm32f3xx_hal_spi.o
 .text.SPI_EndRxTxTransaction
                0x08006c7c       0x8c ./Drivers/STM32F3xx_HAL_Driver/Src/stm32f3xx_hal_spi.o
 .text.memset   0x08006d08       0x10 C:/ST/STM32CubeIDE_1.17.0/STM32CubeIDE/plugins/com.st.stm32cube.ide.mcu.externaltools.gnu-tools-for-stm32.12.3.rel1.win32_1.1.0.202410251130/tools/bin/../lib/gcc/arm-none-eabi/12.3.1/../../../../arm-none-eabi/lib/thumb/v7e-m+fp/hard\libc_nano.a(libc_a-memset.o)
                0x08006d08                memset
 .text.__libc_init_array
                0x08006d18       0x48 C:/ST/STM32CubeIDE_1.17.0/STM32CubeIDE/plugins/com.st.stm32cube.ide.mcu.externaltools.gnu-tools-for-stm32.12.3.rel1.win32_1.1.0.202410251130/tools/bin/../lib/gcc/arm-none-eabi/12.3.1/../../../../arm-none-eabi/lib/thumb/v7e-m+fp/hard\libc_nano.a(libc_a-init.o)
                0x08006d18                __libc_init_array
 *(.glue_7)
 .glue_7        0x08006d60        0x0 linker stubs
 *(.glue_7t)
 .glue_7t       0x08006d60        0x0 linker stubs
 *(.eh_frame)
 .eh_frame      0x08006d60        0x0 C:/ST/STM32CubeIDE_1.17.0/STM32CubeIDE/plugins/com.st.stm32cube.ide.mcu.externaltools.gnu-tools-for-stm32.12.3.rel1.win32_1.1.0.202410251130/tools/bin/../lib/gcc/arm-none-eabi/12.3.1/thumb/v7e-m+fp/hard/crtbegin.o
 *(.init)
 .init          0x08006d60        0x4 C:/ST/STM32CubeIDE_1.17.0/STM32CubeIDE/plugins/com.st.stm32cube.ide.mcu.externaltools.gnu-tools-for-stm32.12.3.rel1.win32_1.1.0.202410251130/tools/bin/../lib/gcc/arm-none-eabi/12.3.1/thumb/v7e-m+fp/hard/crti.o
                0x08006d60                _init
 .init          0x08006d64        0x8 C:/ST/STM32CubeIDE_1.17.0/STM32CubeIDE/plugins/com.st.stm32cube.ide.mcu.externaltools.gnu-tools-for-stm32.12.3.rel1.win32_1.1.0.202410251130/tools/bin/../lib/gcc/arm-none-eabi/12.3.1/thumb/v7e-m+fp/hard/crtn.o
 *(.fini)
 .fini          0x08006d6c        0x4 C:/ST/STM32CubeIDE_1.17.0/STM32CubeIDE/plugins/com.st.stm32cube.ide.mcu.externaltools.gnu-tools-for-stm32.12.3.rel1.win32_1.1.0.202410251130/tools/bin/../lib/gcc/arm-none-eabi/12.3.1/thumb/v7e-m+fp/hard/crti.o
                0x08006d6c                _fini
 .fini          0x08006d70        0x8 C:/ST/STM32CubeIDE_1.17.0/STM32CubeIDE/plugins/com.st.stm32cube.ide.mcu.externaltools.gnu-tools-for-stm32.12.3.rel1.win32_1.1.0.202410251130/tools/bin/../lib/gcc/arm-none-eabi/12.3.1/thumb/v7e-m+fp/hard/crtn.o
                0x08006d78                        . = ALIGN (0x4)
                0x08006d78                        _etext = .

.vfp11_veneer   0x08006d78        0x0
 .vfp11_veneer  0x08006d78        0x0 linker stubs

.v4_bx          0x08006d78        0x0
 .v4_bx         0x08006d78        0x0 linker stubs

.iplt           0x08006d78        0x0
 .iplt          0x08006d78        0x0 C:/ST/STM32CubeIDE_1.17.0/STM32CubeIDE/plugins/com.st.stm32cube.ide.mcu.externaltools.gnu-tools-for-stm32.12.3.rel1.win32_1.1.0.202410251130/tools/bin/../lib/gcc/arm-none-eabi/12.3.1/thumb/v7e-m+fp/hard/crtbegin.o

.rodata         0x08006d78       0x64
                0x08006d78                        . = ALIGN (0x4)
 *(.rodata)
 .rodata        0x08006d78        0xc ./Core/Src/main.o
 *(.rodata*)
 .rodata._ZTV7TMC5160
                0x08006d84       0x14 ./Core/Src/TMC5160.o
                0x08006d84                vtable for TMC5160
 .rodata._ZTV11TMC5160_SPI
                0x08006d98       0x14 ./Core/Src/TMC5160_SPI.o
                0x08006d98                vtable for TMC5160_SPI
 .rodata.AHBPrescTable
                0x08006dac       0x10 ./Core/Src/system_stm32f3xx.o
                0x08006dac                AHBPrescTable
 .rodata.aPLLMULFactorTable
                0x08006dbc       0x10 ./Drivers/STM32F3xx_HAL_Driver/Src/stm32f3xx_hal_rcc.o
 .rodata.aPredivFactorTable
                0x08006dcc       0x10 ./Drivers/STM32F3xx_HAL_Driver/Src/stm32f3xx_hal_rcc.o
                0x08006ddc                        . = ALIGN (0x4)

.rel.dyn        0x08006ddc        0x0
 .rel.iplt      0x08006ddc        0x0 C:/ST/STM32CubeIDE_1.17.0/STM32CubeIDE/plugins/com.st.stm32cube.ide.mcu.externaltools.gnu-tools-for-stm32.12.3.rel1.win32_1.1.0.202410251130/tools/bin/../lib/gcc/arm-none-eabi/12.3.1/thumb/v7e-m+fp/hard/crtbegin.o

.ARM.extab      0x08006ddc        0x0
                0x08006ddc                        . = ALIGN (0x4)
 *(.ARM.extab* .gnu.linkonce.armextab.*)
                0x08006ddc                        . = ALIGN (0x4)

.ARM            0x08006ddc        0x0
                0x08006ddc                        . = ALIGN (0x4)
                0x08006ddc                        __exidx_start = .
 *(.ARM.exidx*)
                0x08006ddc                        __exidx_end = .
                0x08006ddc                        . = ALIGN (0x4)

.preinit_array  0x08006ddc        0x0
                0x08006ddc                        . = ALIGN (0x4)
                0x08006ddc                        PROVIDE (__preinit_array_start = .)
 *(.preinit_array*)
                0x08006ddc                        PROVIDE (__preinit_array_end = .)
                0x08006ddc                        . = ALIGN (0x4)

.init_array     0x08006ddc        0x4
                0x08006ddc                        . = ALIGN (0x4)
                0x08006ddc                        PROVIDE (__init_array_start = .)
 *(SORT_BY_NAME(.init_array.*))
 *(.init_array*)
 .init_array    0x08006ddc        0x4 C:/ST/STM32CubeIDE_1.17.0/STM32CubeIDE/plugins/com.st.stm32cube.ide.mcu.externaltools.gnu-tools-for-stm32.12.3.rel1.win32_1.1.0.202410251130/tools/bin/../lib/gcc/arm-none-eabi/12.3.1/thumb/v7e-m+fp/hard/crtbegin.o
                0x08006de0                        PROVIDE (__init_array_end = .)
                0x08006de0                        . = ALIGN (0x4)

.fini_array     0x08006de0        0x4
                0x08006de0                        . = ALIGN (0x4)
                [!provide]                        PROVIDE (__fini_array_start = .)
 *(SORT_BY_NAME(.fini_array.*))
 *(.fini_array*)
 .fini_array    0x08006de0        0x4 C:/ST/STM32CubeIDE_1.17.0/STM32CubeIDE/plugins/com.st.stm32cube.ide.mcu.externaltools.gnu-tools-for-stm32.12.3.rel1.win32_1.1.0.202410251130/tools/bin/../lib/gcc/arm-none-eabi/12.3.1/thumb/v7e-m+fp/hard/crtbegin.o
                [!provide]                        PROVIDE (__fini_array_end = .)
                0x08006de4                        . = ALIGN (0x4)
                0x08006de4                        _sidata = LOADADDR (.data)

.data           0x20000000        0xc load address 0x08006de4
                0x20000000                        . = ALIGN (0x4)
                0x20000000                        _sdata = .
 *(.data)
 *(.data*)
 .data.SystemCoreClock
                0x20000000        0x4 ./Core/Src/system_stm32f3xx.o
                0x20000000                SystemCoreClock
 .data.uwTickPrio
                0x20000004        0x4 ./Drivers/STM32F3xx_HAL_Driver/Src/stm32f3xx_hal.o
                0x20000004                uwTickPrio
 .data.uwTickFreq
                0x20000008        0x1 ./Drivers/STM32F3xx_HAL_Driver/Src/stm32f3xx_hal.o
                0x20000008                uwTickFreq
 *(.RamFunc)
 *(.RamFunc*)
                0x2000000c                        . = ALIGN (0x4)
 *fill*         0x20000009        0x3 
                0x2000000c                        _edata = .
                0x08006df0                        _siccmram = LOADADDR (.ccmram)

.igot.plt       0x2000000c        0x0 load address 0x08006df0
 .igot.plt      0x2000000c        0x0 C:/ST/STM32CubeIDE_1.17.0/STM32CubeIDE/plugins/com.st.stm32cube.ide.mcu.externaltools.gnu-tools-for-stm32.12.3.rel1.win32_1.1.0.202410251130/tools/bin/../lib/gcc/arm-none-eabi/12.3.1/thumb/v7e-m+fp/hard/crtbegin.o

.ccmram         0x10000000        0x0 load address 0x08006df0
                0x10000000                        . = ALIGN (0x4)
                0x10000000                        _sccmram = .
 *(.ccmram)
 *(.ccmram*)
                0x10000000                        . = ALIGN (0x4)
                0x10000000                        _eccmram = .
                0x10000000                        . = ALIGN (0x4)

.bss            0x2000000c       0xfc
                0x2000000c                        _sbss = .
                0x2000000c                        __bss_start__ = _sbss
 *(.bss)
 .bss           0x2000000c       0x1c C:/ST/STM32CubeIDE_1.17.0/STM32CubeIDE/plugins/com.st.stm32cube.ide.mcu.externaltools.gnu-tools-for-stm32.12.3.rel1.win32_1.1.0.202410251130/tools/bin/../lib/gcc/arm-none-eabi/12.3.1/thumb/v7e-m+fp/hard/crtbegin.o
 *(.bss*)
 .bss.hadc3     0x20000028       0x50 ./Core/Src/main.o
                0x20000028                hadc3
 .bss.hcan      0x20000078       0x28 ./Core/Src/main.o
                0x20000078                hcan
 .bss.hspi1     0x200000a0       0x64 ./Core/Src/main.o
                0x200000a0                hspi1
 .bss.uwTick    0x20000104        0x4 ./Drivers/STM32F3xx_HAL_Driver/Src/stm32f3xx_hal.o
                0x20000104                uwTick
 *(COMMON)
                0x20000108                        . = ALIGN (0x4)
                0x20000108                        _ebss = .
                0x20000108                        __bss_end__ = _ebss

._user_heap_stack
                0x20000108      0x600
                0x20000108                        . = ALIGN (0x8)
                [!provide]                        PROVIDE (end = .)
                0x20000108                        PROVIDE (_end = .)
                0x20000308                        . = (. + _Min_Heap_Size)
 *fill*         0x20000108      0x200 
                0x20000708                        . = (. + _Min_Stack_Size)
 *fill*         0x20000308      0x400 
                0x20000708                        . = ALIGN (0x8)

/DISCARD/
 libc.a(*)
 libm.a(*)
 libgcc.a(*)

.ARM.attributes
                0x00000000       0x30
 *(.ARM.attributes)
 .ARM.attributes
                0x00000000       0x22 C:/ST/STM32CubeIDE_1.17.0/STM32CubeIDE/plugins/com.st.stm32cube.ide.mcu.externaltools.gnu-tools-for-stm32.12.3.rel1.win32_1.1.0.202410251130/tools/bin/../lib/gcc/arm-none-eabi/12.3.1/thumb/v7e-m+fp/hard/crti.o
 .ARM.attributes
                0x00000022       0x34 C:/ST/STM32CubeIDE_1.17.0/STM32CubeIDE/plugins/com.st.stm32cube.ide.mcu.externaltools.gnu-tools-for-stm32.12.3.rel1.win32_1.1.0.202410251130/tools/bin/../lib/gcc/arm-none-eabi/12.3.1/thumb/v7e-m+fp/hard/crtbegin.o
 .ARM.attributes
                0x00000056       0x34 ./Core/Src/TMC5160.o
 .ARM.attributes
                0x0000008a       0x34 ./Core/Src/TMC5160_SPI.o
 .ARM.attributes
                0x000000be       0x34 ./Core/Src/main.o
 .ARM.attributes
                0x000000f2       0x34 ./Core/Src/stm32f3xx_hal_msp.o
 .ARM.attributes
                0x00000126       0x34 ./Core/Src/stm32f3xx_it.o
 .ARM.attributes
                0x0000015a       0x34 ./Core/Src/system_stm32f3xx.o
 .ARM.attributes
                0x0000018e       0x21 ./Core/Startup/startup_stm32f303cctx.o
 .ARM.attributes
                0x000001af       0x34 ./Drivers/STM32F3xx_HAL_Driver/Src/stm32f3xx_hal.o
 .ARM.attributes
                0x000001e3       0x34 ./Drivers/STM32F3xx_HAL_Driver/Src/stm32f3xx_hal_adc_ex.o
 .ARM.attributes
                0x00000217       0x34 ./Drivers/STM32F3xx_HAL_Driver/Src/stm32f3xx_hal_can.o
 .ARM.attributes
                0x0000024b       0x34 ./Drivers/STM32F3xx_HAL_Driver/Src/stm32f3xx_hal_cortex.o
 .ARM.attributes
                0x0000027f       0x34 ./Drivers/STM32F3xx_HAL_Driver/Src/stm32f3xx_hal_gpio.o
 .ARM.attributes
                0x000002b3       0x34 ./Drivers/STM32F3xx_HAL_Driver/Src/stm32f3xx_hal_rcc.o
 .ARM.attributes
                0x000002e7       0x34 ./Drivers/STM32F3xx_HAL_Driver/Src/stm32f3xx_hal_rcc_ex.o
 .ARM.attributes
                0x0000031b       0x34 ./Drivers/STM32F3xx_HAL_Driver/Src/stm32f3xx_hal_spi.o
 .ARM.attributes
                0x0000034f       0x34 C:/ST/STM32CubeIDE_1.17.0/STM32CubeIDE/plugins/com.st.stm32cube.ide.mcu.externaltools.gnu-tools-for-stm32.12.3.rel1.win32_1.1.0.202410251130/tools/bin/../lib/gcc/arm-none-eabi/12.3.1/../../../../arm-none-eabi/lib/thumb/v7e-m+fp/hard\libc_nano.a(libc_a-memset.o)
 .ARM.attributes
                0x00000383       0x34 C:/ST/STM32CubeIDE_1.17.0/STM32CubeIDE/plugins/com.st.stm32cube.ide.mcu.externaltools.gnu-tools-for-stm32.12.3.rel1.win32_1.1.0.202410251130/tools/bin/../lib/gcc/arm-none-eabi/12.3.1/../../../../arm-none-eabi/lib/thumb/v7e-m+fp/hard\libc_nano.a(libc_a-init.o)
 .ARM.attributes
                0x000003b7       0x22 C:/ST/STM32CubeIDE_1.17.0/STM32CubeIDE/plugins/com.st.stm32cube.ide.mcu.externaltools.gnu-tools-for-stm32.12.3.rel1.win32_1.1.0.202410251130/tools/bin/../lib/gcc/arm-none-eabi/12.3.1/thumb/v7e-m+fp/hard\libgcc.a(_arm_addsubdf3.o)
 .ARM.attributes
                0x000003d9       0x22 C:/ST/STM32CubeIDE_1.17.0/STM32CubeIDE/plugins/com.st.stm32cube.ide.mcu.externaltools.gnu-tools-for-stm32.12.3.rel1.win32_1.1.0.202410251130/tools/bin/../lib/gcc/arm-none-eabi/12.3.1/thumb/v7e-m+fp/hard\libgcc.a(_arm_muldivdf3.o)
 .ARM.attributes
                0x000003fb       0x22 C:/ST/STM32CubeIDE_1.17.0/STM32CubeIDE/plugins/com.st.stm32cube.ide.mcu.externaltools.gnu-tools-for-stm32.12.3.rel1.win32_1.1.0.202410251130/tools/bin/../lib/gcc/arm-none-eabi/12.3.1/thumb/v7e-m+fp/hard\libgcc.a(_arm_fixdfsi.o)
 .ARM.attributes
                0x0000041d       0x22 C:/ST/STM32CubeIDE_1.17.0/STM32CubeIDE/plugins/com.st.stm32cube.ide.mcu.externaltools.gnu-tools-for-stm32.12.3.rel1.win32_1.1.0.202410251130/tools/bin/../lib/gcc/arm-none-eabi/12.3.1/thumb/v7e-m+fp/hard\libgcc.a(_arm_fixunsdfsi.o)
 .ARM.attributes
                0x0000043f       0x22 C:/ST/STM32CubeIDE_1.17.0/STM32CubeIDE/plugins/com.st.stm32cube.ide.mcu.externaltools.gnu-tools-for-stm32.12.3.rel1.win32_1.1.0.202410251130/tools/bin/../lib/gcc/arm-none-eabi/12.3.1/thumb/v7e-m+fp/hard\libgcc.a(_arm_truncdfsf2.o)
 .ARM.attributes
                0x00000461       0x34 C:/ST/STM32CubeIDE_1.17.0/STM32CubeIDE/plugins/com.st.stm32cube.ide.mcu.externaltools.gnu-tools-for-stm32.12.3.rel1.win32_1.1.0.202410251130/tools/bin/../lib/gcc/arm-none-eabi/12.3.1/thumb/v7e-m+fp/hard\libgcc.a(_fixsfdi.o)
 .ARM.attributes
                0x00000495       0x34 C:/ST/STM32CubeIDE_1.17.0/STM32CubeIDE/plugins/com.st.stm32cube.ide.mcu.externaltools.gnu-tools-for-stm32.12.3.rel1.win32_1.1.0.202410251130/tools/bin/../lib/gcc/arm-none-eabi/12.3.1/thumb/v7e-m+fp/hard\libgcc.a(_fixunssfdi.o)
 .ARM.attributes
                0x000004c9       0x22 C:/ST/STM32CubeIDE_1.17.0/STM32CubeIDE/plugins/com.st.stm32cube.ide.mcu.externaltools.gnu-tools-for-stm32.12.3.rel1.win32_1.1.0.202410251130/tools/bin/../lib/gcc/arm-none-eabi/12.3.1/thumb/v7e-m+fp/hard/crtn.o
OUTPUT(SUPER_SPEEDY.elf elf32-littlearm)
LOAD linker stubs
LOAD C:/ST/STM32CubeIDE_1.17.0/STM32CubeIDE/plugins/com.st.stm32cube.ide.mcu.externaltools.gnu-tools-for-stm32.12.3.rel1.win32_1.1.0.202410251130/tools/bin/../lib/gcc/arm-none-eabi/12.3.1/../../../../arm-none-eabi/lib/thumb/v7e-m+fp/hard\libc.a
LOAD C:/ST/STM32CubeIDE_1.17.0/STM32CubeIDE/plugins/com.st.stm32cube.ide.mcu.externaltools.gnu-tools-for-stm32.12.3.rel1.win32_1.1.0.202410251130/tools/bin/../lib/gcc/arm-none-eabi/12.3.1/../../../../arm-none-eabi/lib/thumb/v7e-m+fp/hard\libm.a
LOAD C:/ST/STM32CubeIDE_1.17.0/STM32CubeIDE/plugins/com.st.stm32cube.ide.mcu.externaltools.gnu-tools-for-stm32.12.3.rel1.win32_1.1.0.202410251130/tools/bin/../lib/gcc/arm-none-eabi/12.3.1/thumb/v7e-m+fp/hard\libgcc.a

.debug_info     0x00000000    0x122e0
 .debug_info    0x00000000     0x5fed ./Core/Src/TMC5160.o
 .debug_info    0x00005fed     0x175b ./Core/Src/TMC5160_SPI.o
 .debug_info    0x00007748     0x252f ./Core/Src/main.o
 .debug_info    0x00009c77     0x10b2 ./Core/Src/stm32f3xx_hal_msp.o
 .debug_info    0x0000ad29      0x113 ./Core/Src/stm32f3xx_it.o
 .debug_info    0x0000ae3c      0x407 ./Core/Src/system_stm32f3xx.o
 .debug_info    0x0000b243       0x30 ./Core/Startup/startup_stm32f303cctx.o
 .debug_info    0x0000b273      0x7d4 ./Drivers/STM32F3xx_HAL_Driver/Src/stm32f3xx_hal.o
 .debug_info    0x0000ba47     0x15b2 ./Drivers/STM32F3xx_HAL_Driver/Src/stm32f3xx_hal_adc_ex.o
 .debug_info    0x0000cff9      0xf26 ./Drivers/STM32F3xx_HAL_Driver/Src/stm32f3xx_hal_can.o
 .debug_info    0x0000df1f      0xcaf ./Drivers/STM32F3xx_HAL_Driver/Src/stm32f3xx_hal_cortex.o
 .debug_info    0x0000ebce      0x5fe ./Drivers/STM32F3xx_HAL_Driver/Src/stm32f3xx_hal_gpio.o
 .debug_info    0x0000f1cc     0x14f1 ./Drivers/STM32F3xx_HAL_Driver/Src/stm32f3xx_hal_rcc.o
 .debug_info    0x000106bd      0x601 ./Drivers/STM32F3xx_HAL_Driver/Src/stm32f3xx_hal_rcc_ex.o
 .debug_info    0x00010cbe     0x1622 ./Drivers/STM32F3xx_HAL_Driver/Src/stm32f3xx_hal_spi.o

.debug_abbrev   0x00000000     0x27a6
 .debug_abbrev  0x00000000      0x688 ./Core/Src/TMC5160.o
 .debug_abbrev  0x00000688      0x4ca ./Core/Src/TMC5160_SPI.o
 .debug_abbrev  0x00000b52      0x54f ./Core/Src/main.o
 .debug_abbrev  0x000010a1      0x1d2 ./Core/Src/stm32f3xx_hal_msp.o
 .debug_abbrev  0x00001273       0x73 ./Core/Src/stm32f3xx_it.o
 .debug_abbrev  0x000012e6      0x11a ./Core/Src/system_stm32f3xx.o
 .debug_abbrev  0x00001400       0x24 ./Core/Startup/startup_stm32f303cctx.o
 .debug_abbrev  0x00001424      0x215 ./Drivers/STM32F3xx_HAL_Driver/Src/stm32f3xx_hal.o
 .debug_abbrev  0x00001639      0x28e ./Drivers/STM32F3xx_HAL_Driver/Src/stm32f3xx_hal_adc_ex.o
 .debug_abbrev  0x000018c7      0x23e ./Drivers/STM32F3xx_HAL_Driver/Src/stm32f3xx_hal_can.o
 .debug_abbrev  0x00001b05      0x329 ./Drivers/STM32F3xx_HAL_Driver/Src/stm32f3xx_hal_cortex.o
 .debug_abbrev  0x00001e2e      0x1ca ./Drivers/STM32F3xx_HAL_Driver/Src/stm32f3xx_hal_gpio.o
 .debug_abbrev  0x00001ff8      0x300 ./Drivers/STM32F3xx_HAL_Driver/Src/stm32f3xx_hal_rcc.o
 .debug_abbrev  0x000022f8      0x245 ./Drivers/STM32F3xx_HAL_Driver/Src/stm32f3xx_hal_rcc_ex.o
 .debug_abbrev  0x0000253d      0x269 ./Drivers/STM32F3xx_HAL_Driver/Src/stm32f3xx_hal_spi.o

.debug_aranges  0x00000000      0xc30
 .debug_aranges
                0x00000000      0x2d8 ./Core/Src/TMC5160.o
 .debug_aranges
                0x000002d8       0x58 ./Core/Src/TMC5160_SPI.o
 .debug_aranges
                0x00000330       0x78 ./Core/Src/main.o
 .debug_aranges
                0x000003a8       0x50 ./Core/Src/stm32f3xx_hal_msp.o
 .debug_aranges
                0x000003f8       0x60 ./Core/Src/stm32f3xx_it.o
 .debug_aranges
                0x00000458       0x28 ./Core/Src/system_stm32f3xx.o
 .debug_aranges
                0x00000480       0x28 ./Core/Startup/startup_stm32f303cctx.o
 .debug_aranges
                0x000004a8       0xe0 ./Drivers/STM32F3xx_HAL_Driver/Src/stm32f3xx_hal.o
 .debug_aranges
                0x00000588      0x168 ./Drivers/STM32F3xx_HAL_Driver/Src/stm32f3xx_hal_adc_ex.o
 .debug_aranges
                0x000006f0      0x138 ./Drivers/STM32F3xx_HAL_Driver/Src/stm32f3xx_hal_can.o
 .debug_aranges
                0x00000828      0x118 ./Drivers/STM32F3xx_HAL_Driver/Src/stm32f3xx_hal_cortex.o
 .debug_aranges
                0x00000940       0x58 ./Drivers/STM32F3xx_HAL_Driver/Src/stm32f3xx_hal_gpio.o
 .debug_aranges
                0x00000998       0x88 ./Drivers/STM32F3xx_HAL_Driver/Src/stm32f3xx_hal_rcc.o
 .debug_aranges
                0x00000a20       0x38 ./Drivers/STM32F3xx_HAL_Driver/Src/stm32f3xx_hal_rcc_ex.o
 .debug_aranges
                0x00000a58      0x1d8 ./Drivers/STM32F3xx_HAL_Driver/Src/stm32f3xx_hal_spi.o

.debug_rnglists
                0x00000000      0x941
 .debug_rnglists
                0x00000000      0x22b ./Core/Src/TMC5160.o
 .debug_rnglists
                0x0000022b       0x3f ./Core/Src/TMC5160_SPI.o
 .debug_rnglists
                0x0000026a       0x5d ./Core/Src/main.o
 .debug_rnglists
                0x000002c7       0x3a ./Core/Src/stm32f3xx_hal_msp.o
 .debug_rnglists
                0x00000301       0x43 ./Core/Src/stm32f3xx_it.o
 .debug_rnglists
                0x00000344       0x1a ./Core/Src/system_stm32f3xx.o
 .debug_rnglists
                0x0000035e       0x19 ./Core/Startup/startup_stm32f303cctx.o
 .debug_rnglists
                0x00000377       0xa3 ./Drivers/STM32F3xx_HAL_Driver/Src/stm32f3xx_hal.o
 .debug_rnglists
                0x0000041a      0x126 ./Drivers/STM32F3xx_HAL_Driver/Src/stm32f3xx_hal_adc_ex.o
 .debug_rnglists
                0x00000540       0xee ./Drivers/STM32F3xx_HAL_Driver/Src/stm32f3xx_hal_can.o
 .debug_rnglists
                0x0000062e       0xce ./Drivers/STM32F3xx_HAL_Driver/Src/stm32f3xx_hal_cortex.o
 .debug_rnglists
                0x000006fc       0x3f ./Drivers/STM32F3xx_HAL_Driver/Src/stm32f3xx_hal_gpio.o
 .debug_rnglists
                0x0000073b       0x66 ./Drivers/STM32F3xx_HAL_Driver/Src/stm32f3xx_hal_rcc.o
 .debug_rnglists
                0x000007a1       0x28 ./Drivers/STM32F3xx_HAL_Driver/Src/stm32f3xx_hal_rcc_ex.o
 .debug_rnglists
                0x000007c9      0x178 ./Drivers/STM32F3xx_HAL_Driver/Src/stm32f3xx_hal_spi.o

.debug_macro    0x00000000    0x217b0
 .debug_macro   0x00000000      0x493 ./Core/Src/TMC5160.o
 .debug_macro   0x00000493      0xb8c ./Core/Src/TMC5160.o
 .debug_macro   0x0000101f       0x6a ./Core/Src/TMC5160.o
 .debug_macro   0x00001089      0x1d6 ./Core/Src/TMC5160.o
 .debug_macro   0x0000125f       0x10 ./Core/Src/TMC5160.o
 .debug_macro   0x0000126f      0x417 ./Core/Src/TMC5160.o
 .debug_macro   0x00001686       0x41 ./Core/Src/TMC5160.o
 .debug_macro   0x000016c7       0x1c ./Core/Src/TMC5160.o
 .debug_macro   0x000016e3       0x18 ./Core/Src/TMC5160.o
 .debug_macro   0x000016fb       0x4f ./Core/Src/TMC5160.o
 .debug_macro   0x0000174a       0x1f ./Core/Src/TMC5160.o
 .debug_macro   0x00001769       0x18 ./Core/Src/TMC5160.o
 .debug_macro   0x00001781       0x19 ./Core/Src/TMC5160.o
 .debug_macro   0x0000179a       0x28 ./Core/Src/TMC5160.o
 .debug_macro   0x000017c2       0x2e ./Core/Src/TMC5160.o
 .debug_macro   0x000017f0       0x19 ./Core/Src/TMC5160.o
 .debug_macro   0x00001809       0x88 ./Core/Src/TMC5160.o
 .debug_macro   0x00001891       0x19 ./Core/Src/TMC5160.o
 .debug_macro   0x000018aa       0x22 ./Core/Src/TMC5160.o
 .debug_macro   0x000018cc       0x5b ./Core/Src/TMC5160.o
 .debug_macro   0x00001927       0x2a ./Core/Src/TMC5160.o
 .debug_macro   0x00001951       0x94 ./Core/Src/TMC5160.o
 .debug_macro   0x000019e5       0x43 ./Core/Src/TMC5160.o
 .debug_macro   0x00001a28       0x34 ./Core/Src/TMC5160.o
 .debug_macro   0x00001a5c      0x190 ./Core/Src/TMC5160.o
 .debug_macro   0x00001bec       0x16 ./Core/Src/TMC5160.o
 .debug_macro   0x00001c02       0x43 ./Core/Src/TMC5160.o
 .debug_macro   0x00001c45       0x57 ./Core/Src/TMC5160.o
 .debug_macro   0x00001c9c       0x34 ./Core/Src/TMC5160.o
 .debug_macro   0x00001cd0       0x10 ./Core/Src/TMC5160.o
 .debug_macro   0x00001ce0       0x58 ./Core/Src/TMC5160.o
 .debug_macro   0x00001d38       0x8e ./Core/Src/TMC5160.o
 .debug_macro   0x00001dc6       0x16 ./Core/Src/TMC5160.o
 .debug_macro   0x00001ddc      0x177 ./Core/Src/TMC5160.o
 .debug_macro   0x00001f53      0x38c ./Core/Src/TMC5160.o
 .debug_macro   0x000022df      0x194 ./Core/Src/TMC5160.o
 .debug_macro   0x00002473       0x10 ./Core/Src/TMC5160.o
 .debug_macro   0x00002483       0x16 ./Core/Src/TMC5160.o
 .debug_macro   0x00002499       0x35 ./Core/Src/TMC5160.o
 .debug_macro   0x000024ce       0x16 ./Core/Src/TMC5160.o
 .debug_macro   0x000024e4       0x29 ./Core/Src/TMC5160.o
 .debug_macro   0x0000250d       0x10 ./Core/Src/TMC5160.o
 .debug_macro   0x0000251d      0x3c7 ./Core/Src/TMC5160.o
 .debug_macro   0x000028e4      0x120 ./Core/Src/TMC5160.o
 .debug_macro   0x00002a04       0x1c ./Core/Src/TMC5160.o
 .debug_macro   0x00002a20      0x103 ./Core/Src/TMC5160.o
 .debug_macro   0x00002b23       0x6a ./Core/Src/TMC5160.o
 .debug_macro   0x00002b8d      0x1df ./Core/Src/TMC5160.o
 .debug_macro   0x00002d6c       0x40 ./Core/Src/TMC5160.o
 .debug_macro   0x00002dac       0xf0 ./Core/Src/TMC5160.o
 .debug_macro   0x00002e9c      0x15d ./Core/Src/TMC5160.o
 .debug_macro   0x00002ff9       0x2e ./Core/Src/TMC5160.o
 .debug_macro   0x00003027       0x28 ./Core/Src/TMC5160.o
 .debug_macro   0x0000304f       0x1c ./Core/Src/TMC5160.o
 .debug_macro   0x0000306b       0x22 ./Core/Src/TMC5160.o
 .debug_macro   0x0000308d       0xd9 ./Core/Src/TMC5160.o
 .debug_macro   0x00003166     0x102d ./Core/Src/TMC5160.o
 .debug_macro   0x00004193      0x11f ./Core/Src/TMC5160.o
 .debug_macro   0x000042b2    0x12a3a ./Core/Src/TMC5160.o
 .debug_macro   0x00016cec       0x6d ./Core/Src/TMC5160.o
 .debug_macro   0x00016d59     0x3558 ./Core/Src/TMC5160.o
 .debug_macro   0x0001a2b1       0x4f ./Core/Src/TMC5160.o
 .debug_macro   0x0001a300      0x961 ./Core/Src/TMC5160.o
 .debug_macro   0x0001ac61      0x5fe ./Core/Src/TMC5160.o
 .debug_macro   0x0001b25f      0x1b5 ./Core/Src/TMC5160.o
 .debug_macro   0x0001b414      0x1fb ./Core/Src/TMC5160.o
 .debug_macro   0x0001b60f      0x1dc ./Core/Src/TMC5160.o
 .debug_macro   0x0001b7eb      0x1bc ./Core/Src/TMC5160.o
 .debug_macro   0x0001b9a7       0x30 ./Core/Src/TMC5160.o
 .debug_macro   0x0001b9d7       0x3c ./Core/Src/TMC5160.o
 .debug_macro   0x0001ba13      0x235 ./Core/Src/TMC5160.o
 .debug_macro   0x0001bc48      0x9b1 ./Core/Src/TMC5160.o
 .debug_macro   0x0001c5f9       0x77 ./Core/Src/TMC5160.o
 .debug_macro   0x0001c670      0x408 ./Core/Src/TMC5160.o
 .debug_macro   0x0001ca78       0xc5 ./Core/Src/TMC5160.o
 .debug_macro   0x0001cb3d      0x21d ./Core/Src/TMC5160.o
 .debug_macro   0x0001cd5a      0x22c ./Core/Src/TMC5160.o
 .debug_macro   0x0001cf86       0x5b ./Core/Src/TMC5160.o
 .debug_macro   0x0001cfe1       0xa5 ./Core/Src/TMC5160.o
 .debug_macro   0x0001d086       0x81 ./Core/Src/TMC5160.o
 .debug_macro   0x0001d107       0xd3 ./Core/Src/TMC5160.o
 .debug_macro   0x0001d1da      0x2fe ./Core/Src/TMC5160.o
 .debug_macro   0x0001d4d8      0x275 ./Core/Src/TMC5160.o
 .debug_macro   0x0001d74d      0x148 ./Core/Src/TMC5160.o
 .debug_macro   0x0001d895       0x16 ./Core/Src/TMC5160.o
 .debug_macro   0x0001d8ab       0x20 ./Core/Src/TMC5160.o
 .debug_macro   0x0001d8cb      0x493 ./Core/Src/TMC5160_SPI.o
 .debug_macro   0x0001dd5e      0x4df ./Core/Src/main.o
 .debug_macro   0x0001e23d       0x8e ./Core/Src/main.o
 .debug_macro   0x0001e2cb       0x51 ./Core/Src/main.o
 .debug_macro   0x0001e31c       0x55 ./Core/Src/main.o
 .debug_macro   0x0001e371       0x61 ./Core/Src/main.o
 .debug_macro   0x0001e3d2       0x40 ./Core/Src/main.o
 .debug_macro   0x0001e412       0x1c ./Core/Src/main.o
 .debug_macro   0x0001e42e       0x10 ./Core/Src/main.o
 .debug_macro   0x0001e43e       0x1c ./Core/Src/main.o
 .debug_macro   0x0001e45a       0x16 ./Core/Src/main.o
 .debug_macro   0x0001e470      0x138 ./Core/Src/main.o
 .debug_macro   0x0001e5a8      0x1f6 ./Core/Src/stm32f3xx_hal_msp.o
 .debug_macro   0x0001e79e      0xab4 ./Core/Src/stm32f3xx_hal_msp.o
 .debug_macro   0x0001f252     0x102d ./Core/Src/stm32f3xx_hal_msp.o
 .debug_macro   0x0002027f      0x189 ./Core/Src/stm32f3xx_hal_msp.o
 .debug_macro   0x00020408      0x200 ./Core/Src/stm32f3xx_it.o
 .debug_macro   0x00020608      0x1e7 ./Core/Src/system_stm32f3xx.o
 .debug_macro   0x000207ef      0x20b ./Drivers/STM32F3xx_HAL_Driver/Src/stm32f3xx_hal.o
 .debug_macro   0x000209fa      0x211 ./Drivers/STM32F3xx_HAL_Driver/Src/stm32f3xx_hal_adc_ex.o
 .debug_macro   0x00020c0b      0x1ef ./Drivers/STM32F3xx_HAL_Driver/Src/stm32f3xx_hal_can.o
 .debug_macro   0x00020dfa      0x1e7 ./Drivers/STM32F3xx_HAL_Driver/Src/stm32f3xx_hal_cortex.o
 .debug_macro   0x00020fe1      0x1ee ./Drivers/STM32F3xx_HAL_Driver/Src/stm32f3xx_hal_gpio.o
 .debug_macro   0x000211cf      0x20b ./Drivers/STM32F3xx_HAL_Driver/Src/stm32f3xx_hal_rcc.o
 .debug_macro   0x000213da      0x1e7 ./Drivers/STM32F3xx_HAL_Driver/Src/stm32f3xx_hal_rcc_ex.o
 .debug_macro   0x000215c1      0x1ef ./Drivers/STM32F3xx_HAL_Driver/Src/stm32f3xx_hal_spi.o

.debug_line     0x00000000    0x106d7
 .debug_line    0x00000000     0x23b7 ./Core/Src/TMC5160.o
 .debug_line    0x000023b7     0x1414 ./Core/Src/TMC5160_SPI.o
 .debug_line    0x000037cb     0x1750 ./Core/Src/main.o
 .debug_line    0x00004f1b      0x874 ./Core/Src/stm32f3xx_hal_msp.o
 .debug_line    0x0000578f      0x849 ./Core/Src/stm32f3xx_it.o
 .debug_line    0x00005fd8      0x7fe ./Core/Src/system_stm32f3xx.o
 .debug_line    0x000067d6       0x7a ./Core/Startup/startup_stm32f303cctx.o
 .debug_line    0x00006850      0xa38 ./Drivers/STM32F3xx_HAL_Driver/Src/stm32f3xx_hal.o
 .debug_line    0x00007288     0x27a4 ./Drivers/STM32F3xx_HAL_Driver/Src/stm32f3xx_hal_adc_ex.o
 .debug_line    0x00009a2c     0x1215 ./Drivers/STM32F3xx_HAL_Driver/Src/stm32f3xx_hal_can.o
 .debug_line    0x0000ac41      0xcfb ./Drivers/STM32F3xx_HAL_Driver/Src/stm32f3xx_hal_cortex.o
 .debug_line    0x0000b93c      0xbaf ./Drivers/STM32F3xx_HAL_Driver/Src/stm32f3xx_hal_gpio.o
 .debug_line    0x0000c4eb     0x140c ./Drivers/STM32F3xx_HAL_Driver/Src/stm32f3xx_hal_rcc.o
 .debug_line    0x0000d8f7      0xdb0 ./Drivers/STM32F3xx_HAL_Driver/Src/stm32f3xx_hal_rcc_ex.o
 .debug_line    0x0000e6a7     0x2030 ./Drivers/STM32F3xx_HAL_Driver/Src/stm32f3xx_hal_spi.o

.debug_str      0x00000000    0xbf044
 .debug_str     0x00000000    0xbb0ae ./Core/Src/TMC5160.o
                              0xbb8a5 (size before relaxing)
 .debug_str     0x000bb0ae      0x77b ./Core/Src/TMC5160_SPI.o
                              0xb9330 (size before relaxing)
 .debug_str     0x000bb829     0x1348 ./Core/Src/main.o
                              0xba38c (size before relaxing)
 .debug_str     0x000bcb71      0x2a6 ./Core/Src/stm32f3xx_hal_msp.o
                              0xb029d (size before relaxing)
 .debug_str     0x000bce17       0xc9 ./Core/Src/stm32f3xx_it.o
                              0xaf962 (size before relaxing)
 .debug_str     0x000bcee0       0xdf ./Core/Src/system_stm32f3xx.o
                              0xaf43d (size before relaxing)
 .debug_str     0x000bcfbf       0x44 ./Core/Startup/startup_stm32f303cctx.o
                                 0x90 (size before relaxing)
 .debug_str     0x000bd003      0x6cb ./Drivers/STM32F3xx_HAL_Driver/Src/stm32f3xx_hal.o
                              0xafc7b (size before relaxing)
 .debug_str     0x000bd6ce      0x841 ./Drivers/STM32F3xx_HAL_Driver/Src/stm32f3xx_hal_adc_ex.o
                              0xb0143 (size before relaxing)
 .debug_str     0x000bdf0f      0x3fb ./Drivers/STM32F3xx_HAL_Driver/Src/stm32f3xx_hal_can.o
                              0xafbc4 (size before relaxing)
 .debug_str     0x000be30a      0x33d ./Drivers/STM32F3xx_HAL_Driver/Src/stm32f3xx_hal_cortex.o
                              0xafccd (size before relaxing)
 .debug_str     0x000be647      0x116 ./Drivers/STM32F3xx_HAL_Driver/Src/stm32f3xx_hal_gpio.o
                              0xaf5aa (size before relaxing)
 .debug_str     0x000be75d      0x2c3 ./Drivers/STM32F3xx_HAL_Driver/Src/stm32f3xx_hal_rcc.o
                              0xaf8dd (size before relaxing)
 .debug_str     0x000bea20       0xbe ./Drivers/STM32F3xx_HAL_Driver/Src/stm32f3xx_hal_rcc_ex.o
                              0xaf6a1 (size before relaxing)
 .debug_str     0x000beade      0x566 ./Drivers/STM32F3xx_HAL_Driver/Src/stm32f3xx_hal_spi.o
                              0xafd63 (size before relaxing)

.comment        0x00000000       0x43
 .comment       0x00000000       0x43 ./Core/Src/TMC5160.o
                                 0x44 (size before relaxing)
 .comment       0x00000043       0x44 ./Core/Src/TMC5160_SPI.o
 .comment       0x00000043       0x44 ./Core/Src/main.o
 .comment       0x00000043       0x44 ./Core/Src/stm32f3xx_hal_msp.o
 .comment       0x00000043       0x44 ./Core/Src/stm32f3xx_it.o
 .comment       0x00000043       0x44 ./Core/Src/system_stm32f3xx.o
 .comment       0x00000043       0x44 ./Drivers/STM32F3xx_HAL_Driver/Src/stm32f3xx_hal.o
 .comment       0x00000043       0x44 ./Drivers/STM32F3xx_HAL_Driver/Src/stm32f3xx_hal_adc_ex.o
 .comment       0x00000043       0x44 ./Drivers/STM32F3xx_HAL_Driver/Src/stm32f3xx_hal_can.o
 .comment       0x00000043       0x44 ./Drivers/STM32F3xx_HAL_Driver/Src/stm32f3xx_hal_cortex.o
 .comment       0x00000043       0x44 ./Drivers/STM32F3xx_HAL_Driver/Src/stm32f3xx_hal_gpio.o
 .comment       0x00000043       0x44 ./Drivers/STM32F3xx_HAL_Driver/Src/stm32f3xx_hal_rcc.o
 .comment       0x00000043       0x44 ./Drivers/STM32F3xx_HAL_Driver/Src/stm32f3xx_hal_rcc_ex.o
 .comment       0x00000043       0x44 ./Drivers/STM32F3xx_HAL_Driver/Src/stm32f3xx_hal_spi.o

.debug_frame    0x00000000     0x34e4
 .debug_frame   0x00000000      0xd64 ./Core/Src/TMC5160.o
 .debug_frame   0x00000d64      0x134 ./Core/Src/TMC5160_SPI.o
 .debug_frame   0x00000e98      0x1b8 ./Core/Src/main.o
 .debug_frame   0x00001050      0x110 ./Core/Src/stm32f3xx_hal_msp.o
 .debug_frame   0x00001160      0x104 ./Core/Src/stm32f3xx_it.o
 .debug_frame   0x00001264       0x58 ./Core/Src/system_stm32f3xx.o
 .debug_frame   0x000012bc      0x334 ./Drivers/STM32F3xx_HAL_Driver/Src/stm32f3xx_hal.o
 .debug_frame   0x000015f0      0x644 ./Drivers/STM32F3xx_HAL_Driver/Src/stm32f3xx_hal_adc_ex.o
 .debug_frame   0x00001c34      0x5a0 ./Drivers/STM32F3xx_HAL_Driver/Src/stm32f3xx_hal_can.o
 .debug_frame   0x000021d4      0x498 ./Drivers/STM32F3xx_HAL_Driver/Src/stm32f3xx_hal_cortex.o
 .debug_frame   0x0000266c      0x14c ./Drivers/STM32F3xx_HAL_Driver/Src/stm32f3xx_hal_gpio.o
 .debug_frame   0x000027b8      0x214 ./Drivers/STM32F3xx_HAL_Driver/Src/stm32f3xx_hal_rcc.o
 .debug_frame   0x000029cc       0xb0 ./Drivers/STM32F3xx_HAL_Driver/Src/stm32f3xx_hal_rcc_ex.o
 .debug_frame   0x00002a7c      0x860 ./Drivers/STM32F3xx_HAL_Driver/Src/stm32f3xx_hal_spi.o
 .debug_frame   0x000032dc       0x20 C:/ST/STM32CubeIDE_1.17.0/STM32CubeIDE/plugins/com.st.stm32cube.ide.mcu.externaltools.gnu-tools-for-stm32.12.3.rel1.win32_1.1.0.202410251130/tools/bin/../lib/gcc/arm-none-eabi/12.3.1/../../../../arm-none-eabi/lib/thumb/v7e-m+fp/hard\libc_nano.a(libc_a-memset.o)
 .debug_frame   0x000032fc       0x2c C:/ST/STM32CubeIDE_1.17.0/STM32CubeIDE/plugins/com.st.stm32cube.ide.mcu.externaltools.gnu-tools-for-stm32.12.3.rel1.win32_1.1.0.202410251130/tools/bin/../lib/gcc/arm-none-eabi/12.3.1/../../../../arm-none-eabi/lib/thumb/v7e-m+fp/hard\libc_nano.a(libc_a-init.o)
 .debug_frame   0x00003328       0xac C:/ST/STM32CubeIDE_1.17.0/STM32CubeIDE/plugins/com.st.stm32cube.ide.mcu.externaltools.gnu-tools-for-stm32.12.3.rel1.win32_1.1.0.202410251130/tools/bin/../lib/gcc/arm-none-eabi/12.3.1/thumb/v7e-m+fp/hard\libgcc.a(_arm_addsubdf3.o)
 .debug_frame   0x000033d4       0x50 C:/ST/STM32CubeIDE_1.17.0/STM32CubeIDE/plugins/com.st.stm32cube.ide.mcu.externaltools.gnu-tools-for-stm32.12.3.rel1.win32_1.1.0.202410251130/tools/bin/../lib/gcc/arm-none-eabi/12.3.1/thumb/v7e-m+fp/hard\libgcc.a(_arm_muldivdf3.o)
 .debug_frame   0x00003424       0x24 C:/ST/STM32CubeIDE_1.17.0/STM32CubeIDE/plugins/com.st.stm32cube.ide.mcu.externaltools.gnu-tools-for-stm32.12.3.rel1.win32_1.1.0.202410251130/tools/bin/../lib/gcc/arm-none-eabi/12.3.1/thumb/v7e-m+fp/hard\libgcc.a(_arm_fixdfsi.o)
 .debug_frame   0x00003448       0x24 C:/ST/STM32CubeIDE_1.17.0/STM32CubeIDE/plugins/com.st.stm32cube.ide.mcu.externaltools.gnu-tools-for-stm32.12.3.rel1.win32_1.1.0.202410251130/tools/bin/../lib/gcc/arm-none-eabi/12.3.1/thumb/v7e-m+fp/hard\libgcc.a(_arm_fixunsdfsi.o)
 .debug_frame   0x0000346c       0x24 C:/ST/STM32CubeIDE_1.17.0/STM32CubeIDE/plugins/com.st.stm32cube.ide.mcu.externaltools.gnu-tools-for-stm32.12.3.rel1.win32_1.1.0.202410251130/tools/bin/../lib/gcc/arm-none-eabi/12.3.1/thumb/v7e-m+fp/hard\libgcc.a(_arm_truncdfsf2.o)
 .debug_frame   0x00003490       0x28 C:/ST/STM32CubeIDE_1.17.0/STM32CubeIDE/plugins/com.st.stm32cube.ide.mcu.externaltools.gnu-tools-for-stm32.12.3.rel1.win32_1.1.0.202410251130/tools/bin/../lib/gcc/arm-none-eabi/12.3.1/thumb/v7e-m+fp/hard\libgcc.a(_fixsfdi.o)
 .debug_frame   0x000034b8       0x2c C:/ST/STM32CubeIDE_1.17.0/STM32CubeIDE/plugins/com.st.stm32cube.ide.mcu.externaltools.gnu-tools-for-stm32.12.3.rel1.win32_1.1.0.202410251130/tools/bin/../lib/gcc/arm-none-eabi/12.3.1/thumb/v7e-m+fp/hard\libgcc.a(_fixunssfdi.o)

.debug_line_str
                0x00000000       0x74
 .debug_line_str
                0x00000000       0x74 ./Core/Startup/startup_stm32f303cctx.o
