Archive member included to satisfy reference by file (symbol)

C:/ST/STM32CubeIDE_1.17.0/STM32CubeIDE/plugins/com.st.stm32cube.ide.mcu.externaltools.gnu-tools-for-stm32.12.3.rel1.win32_1.1.0.202410251130/tools/bin/../lib/gcc/arm-none-eabi/12.3.1/../../../../arm-none-eabi/lib/thumb/v7e-m+fp/hard\libm.a(libm_a-s_floor.o)
                              ./Core/Src/TMC5160.o (floor)
C:/ST/STM32CubeIDE_1.17.0/STM32CubeIDE/plugins/com.st.stm32cube.ide.mcu.externaltools.gnu-tools-for-stm32.12.3.rel1.win32_1.1.0.202410251130/tools/bin/../lib/gcc/arm-none-eabi/12.3.1/../../../../arm-none-eabi/lib/thumb/v7e-m+fp/hard\libc_nano.a(libc_a-exit.o)
                              C:/ST/STM32CubeIDE_1.17.0/STM32CubeIDE/plugins/com.st.stm32cube.ide.mcu.externaltools.gnu-tools-for-stm32.12.3.rel1.win32_1.1.0.202410251130/tools/bin/../lib/gcc/arm-none-eabi/12.3.1/../../../../arm-none-eabi/lib/thumb/v7e-m+fp/hard/crt0.o (exit)
C:/ST/STM32CubeIDE_1.17.0/STM32CubeIDE/plugins/com.st.stm32cube.ide.mcu.externaltools.gnu-tools-for-stm32.12.3.rel1.win32_1.1.0.202410251130/tools/bin/../lib/gcc/arm-none-eabi/12.3.1/../../../../arm-none-eabi/lib/thumb/v7e-m+fp/hard\libc_nano.a(libc_a-findfp.o)
                              C:/ST/STM32CubeIDE_1.17.0/STM32CubeIDE/plugins/com.st.stm32cube.ide.mcu.externaltools.gnu-tools-for-stm32.12.3.rel1.win32_1.1.0.202410251130/tools/bin/../lib/gcc/arm-none-eabi/12.3.1/../../../../arm-none-eabi/lib/thumb/v7e-m+fp/hard\libc_nano.a(libc_a-exit.o) (__stdio_exit_handler)
C:/ST/STM32CubeIDE_1.17.0/STM32CubeIDE/plugins/com.st.stm32cube.ide.mcu.externaltools.gnu-tools-for-stm32.12.3.rel1.win32_1.1.0.202410251130/tools/bin/../lib/gcc/arm-none-eabi/12.3.1/../../../../arm-none-eabi/lib/thumb/v7e-m+fp/hard\libc_nano.a(libc_a-fwalk.o)
                              C:/ST/STM32CubeIDE_1.17.0/STM32CubeIDE/plugins/com.st.stm32cube.ide.mcu.externaltools.gnu-tools-for-stm32.12.3.rel1.win32_1.1.0.202410251130/tools/bin/../lib/gcc/arm-none-eabi/12.3.1/../../../../arm-none-eabi/lib/thumb/v7e-m+fp/hard\libc_nano.a(libc_a-findfp.o) (_fwalk_sglue)
C:/ST/STM32CubeIDE_1.17.0/STM32CubeIDE/plugins/com.st.stm32cube.ide.mcu.externaltools.gnu-tools-for-stm32.12.3.rel1.win32_1.1.0.202410251130/tools/bin/../lib/gcc/arm-none-eabi/12.3.1/../../../../arm-none-eabi/lib/thumb/v7e-m+fp/hard\libc_nano.a(libc_a-stdio.o)
                              C:/ST/STM32CubeIDE_1.17.0/STM32CubeIDE/plugins/com.st.stm32cube.ide.mcu.externaltools.gnu-tools-for-stm32.12.3.rel1.win32_1.1.0.202410251130/tools/bin/../lib/gcc/arm-none-eabi/12.3.1/../../../../arm-none-eabi/lib/thumb/v7e-m+fp/hard\libc_nano.a(libc_a-findfp.o) (__sread)
C:/ST/STM32CubeIDE_1.17.0/STM32CubeIDE/plugins/com.st.stm32cube.ide.mcu.externaltools.gnu-tools-for-stm32.12.3.rel1.win32_1.1.0.202410251130/tools/bin/../lib/gcc/arm-none-eabi/12.3.1/../../../../arm-none-eabi/lib/thumb/v7e-m+fp/hard\libc_nano.a(libc_a-memset.o)
                              C:/ST/STM32CubeIDE_1.17.0/STM32CubeIDE/plugins/com.st.stm32cube.ide.mcu.externaltools.gnu-tools-for-stm32.12.3.rel1.win32_1.1.0.202410251130/tools/bin/../lib/gcc/arm-none-eabi/12.3.1/../../../../arm-none-eabi/lib/thumb/v7e-m+fp/hard/crt0.o (memset)
C:/ST/STM32CubeIDE_1.17.0/STM32CubeIDE/plugins/com.st.stm32cube.ide.mcu.externaltools.gnu-tools-for-stm32.12.3.rel1.win32_1.1.0.202410251130/tools/bin/../lib/gcc/arm-none-eabi/12.3.1/../../../../arm-none-eabi/lib/thumb/v7e-m+fp/hard\libc_nano.a(libc_a-closer.o)
                              C:/ST/STM32CubeIDE_1.17.0/STM32CubeIDE/plugins/com.st.stm32cube.ide.mcu.externaltools.gnu-tools-for-stm32.12.3.rel1.win32_1.1.0.202410251130/tools/bin/../lib/gcc/arm-none-eabi/12.3.1/../../../../arm-none-eabi/lib/thumb/v7e-m+fp/hard\libc_nano.a(libc_a-stdio.o) (_close_r)
C:/ST/STM32CubeIDE_1.17.0/STM32CubeIDE/plugins/com.st.stm32cube.ide.mcu.externaltools.gnu-tools-for-stm32.12.3.rel1.win32_1.1.0.202410251130/tools/bin/../lib/gcc/arm-none-eabi/12.3.1/../../../../arm-none-eabi/lib/thumb/v7e-m+fp/hard\libc_nano.a(libc_a-reent.o)
                              C:/ST/STM32CubeIDE_1.17.0/STM32CubeIDE/plugins/com.st.stm32cube.ide.mcu.externaltools.gnu-tools-for-stm32.12.3.rel1.win32_1.1.0.202410251130/tools/bin/../lib/gcc/arm-none-eabi/12.3.1/../../../../arm-none-eabi/lib/thumb/v7e-m+fp/hard\libc_nano.a(libc_a-closer.o) (errno)
C:/ST/STM32CubeIDE_1.17.0/STM32CubeIDE/plugins/com.st.stm32cube.ide.mcu.externaltools.gnu-tools-for-stm32.12.3.rel1.win32_1.1.0.202410251130/tools/bin/../lib/gcc/arm-none-eabi/12.3.1/../../../../arm-none-eabi/lib/thumb/v7e-m+fp/hard\libc_nano.a(libc_a-impure.o)
                              C:/ST/STM32CubeIDE_1.17.0/STM32CubeIDE/plugins/com.st.stm32cube.ide.mcu.externaltools.gnu-tools-for-stm32.12.3.rel1.win32_1.1.0.202410251130/tools/bin/../lib/gcc/arm-none-eabi/12.3.1/../../../../arm-none-eabi/lib/thumb/v7e-m+fp/hard\libc_nano.a(libc_a-reent.o) (_impure_ptr)
[...]
Memory Configuration

Name             Origin             Length             Attributes
CCMRAM           0x10000000         0x00002000         xrw
RAM              0x20000000         0x0000a000         xrw
FLASH            0x08000000         0x00040000         xr
*default*        0x00000000         0xffffffff

Linker script and memory map

LOAD C:/ST/STM32CubeIDE_1.17.0/STM32CubeIDE/plugins/com.st.stm32cube.ide.mcu.externaltools.gnu-tools-for-stm32.12.3.rel1.win32_1.1.0.202410251130/tools/bin/../lib/gcc/arm-none-eabi/12.3.1/thumb/v7e-m+fp/hard/crti.o
LOAD C:/ST/STM32CubeIDE_1.17.0/STM32CubeIDE/plugins/com.st.stm32cube.ide.mcu.externaltools.gnu-tools-for-stm32.12.3.rel1.win32_1.1.0.202410251130/tools/bin/../lib/gcc/arm-none-eabi/12.3.1/thumb/v7e-m+fp/hard/crtbegin.o
LOAD C:/ST/STM32CubeIDE_1.17.0/STM32CubeIDE/plugins/com.st.stm32cube.ide.mcu.externaltools.gnu-tools-for-stm32.12.3.rel1.win32_1.1.0.202410251130/tools/bin/../lib/gcc/arm-none-eabi/12.3.1/../../../../arm-none-eabi/lib/thumb/v7e-m+fp/hard/crt0.o
LOAD ./Core/Src/EEPROM.o
LOAD ./Core/Src/TMC5160.o
LOAD ./Core/Src/TMC5160_SPI.o
LOAD ./Core/Src/main.o
LOAD ./Core/Src/stm32f3xx_hal_msp.o
LOAD ./Core/Src/stm32f3xx_it.o
LOAD ./Core/Src/syscalls.o
LOAD ./Core/Src/sysmem.o
LOAD ./Core/Src/system_stm32f3xx.o
LOAD ./Core/Startup/startup_stm32f303cctx.o
LOAD ./Drivers/STM32F3xx_HAL_Driver/Src/stm32f3xx_hal.o
LOAD ./Drivers/STM32F3xx_HAL_Driver/Src/stm32f3xx_hal_adc.o
LOAD ./Drivers/STM32F3xx_HAL_Driver/Src/stm32f3xx_hal_adc_ex.o
LOAD ./Drivers/STM32F3xx_HAL_Driver/Src/stm32f3xx_hal_can.o
LOAD ./Drivers/STM32F3xx_HAL_Driver/Src/stm32f3xx_hal_cortex.o
LOAD ./Drivers/STM32F3xx_HAL_Driver/Src/stm32f3xx_hal_dma.o
LOAD ./Drivers/STM32F3xx_HAL_Driver/Src/stm32f3xx_hal_exti.o
LOAD ./Drivers/STM32F3xx_HAL_Driver/Src/stm32f3xx_hal_flash.o
LOAD ./Drivers/STM32F3xx_HAL_Driver/Src/stm32f3xx_hal_flash_ex.o
LOAD ./Drivers/STM32F3xx_HAL_Driver/Src/stm32f3xx_hal_gpio.o
LOAD ./Drivers/STM32F3xx_HAL_Driver/Src/stm32f3xx_hal_i2c.o
LOAD ./Drivers/STM32F3xx_HAL_Driver/Src/stm32f3xx_hal_i2c_ex.o
LOAD ./Drivers/STM32F3xx_HAL_Driver/Src/stm32f3xx_hal_pwr.o
LOAD ./Drivers/STM32F3xx_HAL_Driver/Src/stm32f3xx_hal_pwr_ex.o
LOAD ./Drivers/STM32F3xx_HAL_Driver/Src/stm32f3xx_hal_rcc.o
LOAD ./Drivers/STM32F3xx_HAL_Driver/Src/stm32f3xx_hal_rcc_ex.o
LOAD ./Drivers/STM32F3xx_HAL_Driver/Src/stm32f3xx_hal_spi.o
LOAD ./Drivers/STM32F3xx_HAL_Driver/Src/stm32f3xx_hal_spi_ex.o
LOAD ./Drivers/STM32F3xx_HAL_Driver/Src/stm32f3xx_hal_tim.o
LOAD ./Drivers/STM32F3xx_HAL_Driver/Src/stm32f3xx_hal_tim_ex.o
START GROUP
LOAD C:/ST/STM32CubeIDE_1.17.0/STM32CubeIDE/plugins/com.st.stm32cube.ide.mcu.externaltools.gnu-tools-for-stm32.12.3.rel1.win32_1.1.0.202410251130/tools/bin/../lib/gcc/arm-none-eabi/12.3.1/../../../../arm-none-eabi/lib/thumb/v7e-m+fp/hard\libstdc++_nano.a
LOAD C:/ST/STM32CubeIDE_1.17.0/STM32CubeIDE/plugins/com.st.stm32cube.ide.mcu.externaltools.gnu-tools-for-stm32.12.3.rel1.win32_1.1.0.202410251130/tools/bin/../lib/gcc/arm-none-eabi/12.3.1/../../../../arm-none-eabi/lib/thumb/v7e-m+fp/hard\libsupc++_nano.a
END GROUP
LOAD C:/ST/STM32CubeIDE_1.17.0/STM32CubeIDE/plugins/com.st.stm32cube.ide.mcu.externaltools.gnu-tools-for-stm32.12.3.rel1.win32_1.1.0.202410251130/tools/bin/../lib/gcc/arm-none-eabi/12.3.1/../../../../arm-none-eabi/lib/thumb/v7e-m+fp/hard\libstdc++_nano.a
LOAD C:/ST/STM32CubeIDE_1.17.0/STM32CubeIDE/plugins/com.st.stm32cube.ide.mcu.externaltools.gnu-tools-for-stm32.12.3.rel1.win32_1.1.0.202410251130/tools/bin/../lib/gcc/arm-none-eabi/12.3.1/../../../../arm-none-eabi/lib/thumb/v7e-m+fp/hard\libm.a
LOAD C:/ST/STM32CubeIDE_1.17.0/STM32CubeIDE/plugins/com.st.stm32cube.ide.mcu.externaltools.gnu-tools-for-stm32.12.3.rel1.win32_1.1.0.202410251130/tools/bin/../lib/gcc/arm-none-eabi/12.3.1/../../../../arm-none-eabi/lib/thumb/v7e-m+fp/hard\libc_nano.a
START GROUP
LOAD C:/ST/STM32CubeIDE_1.17.0/STM32CubeIDE/plugins/com.st.stm32cube.ide.mcu.externaltools.gnu-tools-for-stm32.12.3.rel1.win32_1.1.0.202410251130/tools/bin/../lib/gcc/arm-none-eabi/12.3.1/thumb/v7e-m+fp/hard\libgcc.a
LOAD C:/ST/STM32CubeIDE_1.17.0/STM32CubeIDE/plugins/com.st.stm32cube.ide.mcu.externaltools.gnu-tools-for-stm32.12.3.rel1.win32_1.1.0.202410251130/tools/bin/../lib/gcc/arm-none-eabi/12.3.1/../../../../arm-none-eabi/lib/thumb/v7e-m+fp/hard\libc_nano.a
END GROUP
START GROUP
LOAD C:/ST/STM32CubeIDE_1.17.0/STM32CubeIDE/plugins/com.st.stm32cube.ide.mcu.externaltools.gnu-tools-for-stm32.12.3.rel1.win32_1.1.0.202410251130/tools/bin/../lib/gcc/arm-none-eabi/12.3.1/thumb/v7e-m+fp/hard\libgcc.a
LOAD C:/ST/STM32CubeIDE_1.17.0/STM32CubeIDE/plugins/com.st.stm32cube.ide.mcu.externaltools.gnu-tools-for-stm32.12.3.rel1.win32_1.1.0.202410251130/tools/bin/../lib/gcc/arm-none-eabi/12.3.1/../../../../arm-none-eabi/lib/thumb/v7e-m+fp/hard\libc_nano.a
LOAD C:/ST/STM32CubeIDE_1.17.0/STM32CubeIDE/plugins/com.st.stm32cube.ide.mcu.externaltools.gnu-tools-for-stm32.12.3.rel1.win32_1.1.0.202410251130/tools/bin/../lib/gcc/arm-none-eabi/12.3.1/../../../../arm-none-eabi/lib/thumb/v7e-m+fp/hard\libnosys.a
END GROUP
START GROUP
LOAD C:/ST/STM32CubeIDE_1.17.0/STM32CubeIDE/plugins/com.st.stm32cube.ide.mcu.externaltools.gnu-tools-for-stm32.12.3.rel1.win32_1.1.0.202410251130/tools/bin/../lib/gcc/arm-none-eabi/12.3.1/thumb/v7e-m+fp/hard\libgcc.a
LOAD C:/ST/STM32CubeIDE_1.17.0/STM32CubeIDE/plugins/com.st.stm32cube.ide.mcu.externaltools.gnu-tools-for-stm32.12.3.rel1.win32_1.1.0.202410251130/tools/bin/../lib/gcc/arm-none-eabi/12.3.1/../../../../arm-none-eabi/lib/thumb/v7e-m+fp/hard\libc_nano.a
LOAD C:/ST/STM32CubeIDE_1.17.0/STM32CubeIDE/plugins/com.st.stm32cube.ide.mcu.externaltools.gnu-tools-for-stm32.12.3.rel1.win32_1.1.0.202410251130/tools/bin/../lib/gcc/arm-none-eabi/12.3.1/../../../../arm-none-eabi/lib/thumb/v7e-m+fp/hard\libnosys.a
END GROUP
LOAD C:/ST/STM32CubeIDE_1.17.0/STM32CubeIDE/plugins/com.st.stm32cube.ide.mcu.externaltools.gnu-tools-for-stm32.12.3.rel1.win32_1.1.0.202410251130/tools/bin/../lib/gcc/arm-none-eabi/12.3.1/thumb/v7e-m+fp/hard/crtend.o
LOAD C:/ST/STM32CubeIDE_1.17.0/STM32CubeIDE/plugins/com.st.stm32cube.ide.mcu.externaltools.gnu-tools-for-stm32.12.3.rel1.win32_1.1.0.202410251130/tools/bin/../lib/gcc/arm-none-eabi/12.3.1/thumb/v7e-m+fp/hard/crtn.o
                0x2000a000                        _estack = (ORIGIN (RAM) + LENGTH (RAM))
                0x00000200                        _Min_Heap_Size = 0x200
                0x00000400                        _Min_Stack_Size = 0x400

.isr_vector     0x08000000      0x188
                0x08000000                        . = ALIGN (0x4)
 *(.isr_vector)
 .isr_vector    0x08000000      0x188 ./Core/Startup/startup_stm32f303cctx.o
                0x08000000                g_pfnVectors
                0x08000188                        . = ALIGN (0x4)

.text           0x08000188     0x4158
                0x08000188                        . = ALIGN (0x4)
 *(.text)
 .text          0x08000188       0x40 C:/ST/STM32CubeIDE_1.17.0/STM32CubeIDE/plugins/com.st.stm32cube.ide.mcu.externaltools.gnu-tools-for-stm32.12.3.rel1.win32_1.1.0.202410251130/tools/bin/../lib/gcc/arm-none-eabi/12.3.1/thumb/v7e-m+fp/hard/crtbegin.o
 .text          0x080001c8      0x378 C:/ST/STM32CubeIDE_1.17.0/STM32CubeIDE/plugins/com.st.stm32cube.ide.mcu.externaltools.gnu-tools-for-stm32.12.3.rel1.win32_1.1.0.202410251130/tools/bin/../lib/gcc/arm-none-eabi/12.3.1/thumb/v7e-m+fp/hard\libgcc.a(_arm_addsubdf3.o)
                0x080001c8                __aeabi_drsub
                0x080001d0                __aeabi_dsub
                0x080001d0                __subdf3
                0x080001d4                __aeabi_dadd
                0x080001d4                __adddf3
                0x0800044c                __floatunsidf
                0x0800044c                __aeabi_ui2d
                0x0800046c                __floatsidf
                0x0800046c                __aeabi_i2d
                0x08000490                __aeabi_f2d
                0x08000490                __extendsfdf2
                0x080004d4                __floatundidf
                0x080004d4                __aeabi_ul2d
                0x080004e4                __floatdidf
                0x080004e4                __aeabi_l2d
 .text          0x08000540      0x424 C:/ST/STM32CubeIDE_1.17.0/STM32CubeIDE/plugins/com.st.stm32cube.ide.mcu.externaltools.gnu-tools-for-stm32.12.3.rel1.win32_1.1.0.202410251130/tools/bin/../lib/gcc/arm-none-eabi/12.3.1/thumb/v7e-m+fp/hard\libgcc.a(_arm_muldivdf3.o)
                0x08000540                __aeabi_dmul
                0x08000540                __muldf3
                0x08000794                __divdf3
                0x08000794                __aeabi_ddiv
 .text          0x08000964      0x110 C:/ST/STM32CubeIDE_1.17.0/STM32CubeIDE/plugins/com.st.stm32cube.ide.mcu.externaltools.gnu-tools-for-stm32.12.3.rel1.win32_1.1.0.202410251130/tools/bin/../lib/gcc/arm-none-eabi/12.3.1/thumb/v7e-m+fp/hard\libgcc.a(_arm_cmpdf2.o)
                0x08000964                __gtdf2
                0x08000964                __gedf2
                0x0800096c                __ltdf2
                0x0800096c                __ledf2
                0x08000974                __nedf2
                0x08000974                __eqdf2
                0x08000974                __cmpdf2
                0x080009f0                __aeabi_cdrcmple
                0x08000a00                __aeabi_cdcmpeq
                0x08000a00                __aeabi_cdcmple
                0x08000a10                __aeabi_dcmpeq
                0x08000a24                __aeabi_dcmplt
                0x08000a38                __aeabi_dcmple
                0x08000a4c                __aeabi_dcmpge
                0x08000a60                __aeabi_dcmpgt
 .text          0x08000a74       0x50 C:/ST/STM32CubeIDE_1.17.0/STM32CubeIDE/plugins/com.st.stm32cube.ide.mcu.externaltools.gnu-tools-for-stm32.12.3.rel1.win32_1.1.0.202410251130/tools/bin/../lib/gcc/arm-none-eabi/12.3.1/thumb/v7e-m+fp/hard\libgcc.a(_arm_fixdfsi.o)
                0x08000a74                __aeabi_d2iz
                0x08000a74                __fixdfsi
 .text          0x08000ac4       0x40 C:/ST/STM32CubeIDE_1.17.0/STM32CubeIDE/plugins/com.st.stm32cube.ide.mcu.externaltools.gnu-tools-for-stm32.12.3.rel1.win32_1.1.0.202410251130/tools/bin/../lib/gcc/arm-none-eabi/12.3.1/thumb/v7e-m+fp/hard\libgcc.a(_arm_fixunsdfsi.o)
                0x08000ac4                __aeabi_d2uiz
                0x08000ac4                __fixunsdfsi
 .text          0x08000b04       0xa0 C:/ST/STM32CubeIDE_1.17.0/STM32CubeIDE/plugins/com.st.stm32cube.ide.mcu.externaltools.gnu-tools-for-stm32.12.3.rel1.win32_1.1.0.202410251130/tools/bin/../lib/gcc/arm-none-eabi/12.3.1/thumb/v7e-m+fp/hard\libgcc.a(_arm_truncdfsf2.o)
                0x08000b04                __truncdfsf2
                0x08000b04                __aeabi_d2f
 .text          0x08000ba4       0x28 C:/ST/STM32CubeIDE_1.17.0/STM32CubeIDE/plugins/com.st.stm32cube.ide.mcu.externaltools.gnu-tools-for-stm32.12.3.rel1.win32_1.1.0.202410251130/tools/bin/../lib/gcc/arm-none-eabi/12.3.1/thumb/v7e-m+fp/hard\libgcc.a(_fixsfdi.o)
                0x08000ba4                __fixsfdi
                0x08000ba4                __aeabi_f2lz
 .text          0x08000bcc       0x40 C:/ST/STM32CubeIDE_1.17.0/STM32CubeIDE/plugins/com.st.stm32cube.ide.mcu.externaltools.gnu-tools-for-stm32.12.3.rel1.win32_1.1.0.202410251130/tools/bin/../lib/gcc/arm-none-eabi/12.3.1/thumb/v7e-m+fp/hard\libgcc.a(_fixunssfdi.o)
                0x08000bcc                __fixunssfdi
                0x08000bcc                __aeabi_f2ulz
 *(.text*)
 .text._ZN10EEPROM_SPIC2EP19__SPI_HandleTypeDeftP12GPIO_TypeDeftS3_tS3_
                0x08000c0c       0x34 ./Core/Src/EEPROM.o
                0x08000c0c                EEPROM_SPI::EEPROM_SPI(__SPI_HandleTypeDef*, unsigned short, GPIO_TypeDef*, unsigned short, GPIO_TypeDef*, unsigned short, GPIO_TypeDef*)
                0x08000c0c                EEPROM_SPI::EEPROM_SPI(__SPI_HandleTypeDef*, unsigned short, GPIO_TypeDef*, unsigned short, GPIO_TypeDef*, unsigned short, GPIO_TypeDef*)
 .text._ZN7TMC516011accelFromHzEf.isra.0
                0x08000c40       0x60 ./Core/Src/TMC5160.o
 .text._ZN7TMC5160C2Em
                0x08000ca0       0x14 ./Core/Src/TMC5160.o
                0x08000ca0                TMC5160::TMC5160(unsigned long)
                0x08000ca0                TMC5160::TMC5160(unsigned long)
 .text._ZN7TMC516018getCurrentPositionEv
                0x08000cb4       0x20 ./Core/Src/TMC5160.o
                0x08000cb4                TMC5160::getCurrentPosition()
 .text._ZN7TMC516018getEncoderPositionEv
                0x08000cd4       0x20 ./Core/Src/TMC5160.o
                0x08000cd4                TMC5160::getEncoderPosition()
 .text._ZN7TMC516015getCurrentSpeedEv
                0x08000cf4       0x50 ./Core/Src/TMC5160.o
                0x08000cf4                TMC5160::getCurrentSpeed()
 .text._ZN7TMC516017setTargetPositionEf
                0x08000d44       0x14 ./Core/Src/TMC5160.o
                0x08000d44                TMC5160::setTargetPosition(float)
 .text._ZN7TMC516011setMaxSpeedEf
                0x08000d58       0x68 ./Core/Src/TMC5160.o
                0x08000d58                TMC5160::setMaxSpeed(float)
 .text._ZN7TMC516011setRampModeENS_8RampModeE
                0x08000dc0       0x40 ./Core/Src/TMC5160.o
                0x08000dc0                TMC5160::setRampMode(TMC5160::RampMode)
 .text._ZN7TMC516014setTargetSpeedEf
                0x08000e00       0x3c ./Core/Src/TMC5160.o
                0x08000e00                TMC5160::setTargetSpeed(float)
 .text._ZN7TMC516013setRampSpeedsEfff
                0x08000e3c       0xb0 ./Core/Src/TMC5160.o
                0x08000e3c                TMC5160::setRampSpeeds(float, float, float)
 .text._ZN7TMC516016setAccelerationsEffff
                0x08000eec       0x98 ./Core/Src/TMC5160.o
                0x08000eec                TMC5160::setAccelerations(float, float, float, float)
 .text._ZN7TMC51606enableEv
                0x08000f84       0x12 ./Core/Src/TMC5160.o
                0x08000f84                TMC5160::enable()
 .text._ZN8BitFieldILj0ELj1EEaSEb
                0x08000f96       0x34 ./Core/Src/TMC5160.o
                0x08000f96                BitField<0u, 1u>::operator=(bool)
 .text._ZN8BitFieldILj1ELj1EEaSEb
                0x08000fca       0x36 ./Core/Src/TMC5160.o
                0x08000fca                BitField<1u, 1u>::operator=(bool)
 .text._ZN7TMC516025clearEncoderDeviationFlagEv
                0x08001000       0x20 ./Core/Src/TMC5160.o
                0x08001000                TMC5160::clearEncoderDeviationFlag()
 .text._ZN7TMC516018setCurrentPositionEfb
                0x08001020       0x3c ./Core/Src/TMC5160.o
                0x08001020                TMC5160::setCurrentPosition(float, bool)
 .text._ZN8BitFieldILj2ELj1EEaSEb
                0x0800105c       0x36 ./Core/Src/TMC5160.o
                0x0800105c                BitField<2u, 1u>::operator=(bool)
 .text._ZN8BitFieldILj6ELj1EEaSEb
                0x08001092       0x36 ./Core/Src/TMC5160.o
                0x08001092                BitField<6u, 1u>::operator=(bool)
 .text._ZN8BitFieldILj7ELj1EEaSEb
                0x080010c8       0x36 ./Core/Src/TMC5160.o
                0x080010c8                BitField<7u, 1u>::operator=(bool)
 .text._ZN8BitFieldILj9ELj1EEaSEb
                0x080010fe       0x36 ./Core/Src/TMC5160.o
                0x080010fe                BitField<9u, 1u>::operator=(bool)
 .text._ZN8BitFieldILj3ELj1EEaSEb
                0x08001134       0x36 ./Core/Src/TMC5160.o
                0x08001134                BitField<3u, 1u>::operator=(bool)
 .text._ZN8BitFieldILj0ELj4EEaSIiEERS0_T_
                0x0800116a       0x38 ./Core/Src/TMC5160.o
                0x0800116a                BitField<0u, 4u>& BitField<0u, 4u>::operator=<int>(int)
 .text._ZN7TMC51607disableEv
                0x080011a2       0x20 ./Core/Src/TMC5160.o
                0x080011a2                TMC5160::disable()
 .text._ZN8BitFieldILj8ELj4EEaSIiEERS0_T_
                0x080011c2       0x3c ./Core/Src/TMC5160.o
                0x080011c2                BitField<8u, 4u>& BitField<8u, 4u>::operator=<int>(int)
 .text._ZN8BitFieldILj16ELj2EEaSIiEERS0_T_
                0x080011fe       0x2e ./Core/Src/TMC5160.o
                0x080011fe                BitField<16u, 2u>& BitField<16u, 2u>::operator=<int>(int)
 .text._ZN8BitFieldILj18ELj1EEaSEb
                0x0800122c       0x2c ./Core/Src/TMC5160.o
                0x0800122c                BitField<18u, 1u>::operator=(bool)
 .text._ZN8BitFieldILj18ELj2EEaSIiEERS0_T_
                0x08001258       0x2e ./Core/Src/TMC5160.o
                0x08001258                BitField<18u, 2u>& BitField<18u, 2u>::operator=<int>(int)
 .text._ZN8BitFieldILj0ELj5EEaSIiEERS0_T_
                0x08001286       0x38 ./Core/Src/TMC5160.o
                0x08001286                BitField<0u, 5u>& BitField<0u, 5u>::operator=<int>(int)
 .text._ZN8BitFieldILj8ELj5EEaSIiEERS0_T_
                0x080012be       0x3c ./Core/Src/TMC5160.o
                0x080012be                BitField<8u, 5u>& BitField<8u, 5u>::operator=<int>(int)
 .text._ZN8BitFieldILj16ELj4EEaSIiEERS0_T_
                0x080012fa       0x2e ./Core/Src/TMC5160.o
                0x080012fa                BitField<16u, 4u>& BitField<16u, 4u>::operator=<int>(int)
 .text._ZN8BitFieldILj8ELj8EEaSIhEERS0_T_
                0x08001328       0x34 ./Core/Src/TMC5160.o
                0x08001328                BitField<8u, 8u>& BitField<8u, 8u>::operator=<unsigned char>(unsigned char)
 .text._ZN8BitFieldILj0ELj8EEaSIhEERS0_T_
                0x0800135c       0x20 ./Core/Src/TMC5160.o
                0x0800135c                BitField<0u, 8u>& BitField<0u, 8u>::operator=<unsigned char>(unsigned char)
 .text._ZN8BitFieldILj20ELj2EEaSIN11TMC5160_Reg24PWMCONF_freewheel_ValuesEEERS0_T_
                0x0800137c       0x30 ./Core/Src/TMC5160.o
                0x0800137c                BitField<20u, 2u>& BitField<20u, 2u>::operator=<TMC5160_Reg::PWMCONF_freewheel_Values>(TMC5160_Reg::PWMCONF_freewheel_Values)
 .text._ZN8BitFieldILj19ELj1EEaSEb
                0x080013ac       0x2c ./Core/Src/TMC5160.o
                0x080013ac                BitField<19u, 1u>::operator=(bool)
 .text._ZN8BitFieldILj31ELj1EEaSEb
                0x080013d8       0x2c ./Core/Src/TMC5160.o
                0x080013d8                BitField<31u, 1u>::operator=(bool)
 .text._ZN8BitFieldILj30ELj1EEaSEb
                0x08001404       0x2c ./Core/Src/TMC5160.o
                0x08001404                BitField<30u, 1u>::operator=(bool)
 .text._ZN8BitFieldILj15ELj2EEaSIiEERS0_T_
                0x08001430       0x2e ./Core/Src/TMC5160.o
                0x08001430                BitField<15u, 2u>& BitField<15u, 2u>::operator=<int>(int)
 .text._ZN8BitFieldILj4ELj3EEaSIiEERS0_T_
                0x0800145e       0x3c ./Core/Src/TMC5160.o
                0x0800145e                BitField<4u, 3u>& BitField<4u, 3u>::operator=<int>(int)
 .text._ZN8BitFieldILj7ELj4EEaSIiEERS0_T_
                0x0800149a       0x3c ./Core/Src/TMC5160.o
                0x0800149a                BitField<7u, 4u>& BitField<7u, 4u>::operator=<int>(int)
 .text._ZN8BitFieldILj24ELj4EEaSIiEERS0_T_
                0x080014d6       0x2e ./Core/Src/TMC5160.o
                0x080014d6                BitField<24u, 4u>& BitField<24u, 4u>::operator=<int>(int)
 .text._ZN8BitFieldILj4ELj1EEaSEb
                0x08001504       0x36 ./Core/Src/TMC5160.o
                0x08001504                BitField<4u, 1u>::operator=(bool)
 .text._ZN8BitFieldILj0ELj8EEaSIiEERS0_T_
                0x0800153a       0x20 ./Core/Src/TMC5160.o
                0x0800153a                BitField<0u, 8u>& BitField<0u, 8u>::operator=<int>(int)
 .text._ZN8BitFieldILj8ELj8EEaSIiEERS0_T_
                0x0800155a       0x34 ./Core/Src/TMC5160.o
                0x0800155a                BitField<8u, 8u>& BitField<8u, 8u>::operator=<int>(int)
 .text._ZN8BitFieldILj16ELj1EEaSEb
                0x0800158e       0x2c ./Core/Src/TMC5160.o
                0x0800158e                BitField<16u, 1u>::operator=(bool)
 .text._ZN8BitFieldILj10ELj1EEaSEb
                0x080015ba       0x36 ./Core/Src/TMC5160.o
                0x080015ba                BitField<10u, 1u>::operator=(bool)
 .text._ZN7TMC516020setEncoderResolutionEllb
                0x080015f0      0x11c ./Core/Src/TMC5160.o
                0x080015f0                TMC5160::setEncoderResolution(long, long, bool)
 .text._ZN8BitFieldILj5ELj2EEaSIiEERS0_T_
                0x0800170c       0x3c ./Core/Src/TMC5160.o
                0x0800170c                BitField<5u, 2u>& BitField<5u, 2u>::operator=<int>(int)
 .text._ZN8BitFieldILj13ELj2EEaSIiEERS0_T_
                0x08001748       0x3c ./Core/Src/TMC5160.o
                0x08001748                BitField<13u, 2u>& BitField<13u, 2u>::operator=<int>(int)
 .text._ZN8BitFieldILj15ELj1EEaSEb
                0x08001784       0x36 ./Core/Src/TMC5160.o
                0x08001784                BitField<15u, 1u>::operator=(bool)
 .text._ZN8BitFieldILj16ELj7EEaSIiEERS0_T_
                0x080017ba       0x2e ./Core/Src/TMC5160.o
                0x080017ba                BitField<16u, 7u>& BitField<16u, 7u>::operator=<int>(int)
 .text._ZN8BitFieldILj24ELj1EEaSEb
                0x080017e8       0x2c ./Core/Src/TMC5160.o
                0x080017e8                BitField<24u, 1u>::operator=(bool)
 .text._ZN7TMC516024setStallProtectionLevelsEiiiii
                0x08001814       0x74 ./Core/Src/TMC5160.o
                0x08001814                TMC5160::setStallProtectionLevels(int, int, int, int, int)
 .text._ZN7TMC51605beginERKNS_20PowerStageParametersERKNS_15MotorParametersENS_14MotorDirectionENS_9MotorTypeE
                0x08001888      0x424 ./Core/Src/TMC5160.o
                0x08001888                TMC5160::begin(TMC5160::PowerStageParameters const&, TMC5160::MotorParameters const&, TMC5160::MotorDirection, TMC5160::MotorType)
 .text._ZN11TMC5160_SPIC2EP19__SPI_HandleTypeDeftP12GPIO_TypeDefmh
                0x08001cac       0x44 ./Core/Src/TMC5160_SPI.o
                0x08001cac                TMC5160_SPI::TMC5160_SPI(__SPI_HandleTypeDef*, unsigned short, GPIO_TypeDef*, unsigned long, unsigned char)
                0x08001cac                TMC5160_SPI::TMC5160_SPI(__SPI_HandleTypeDef*, unsigned short, GPIO_TypeDef*, unsigned long, unsigned char)
 .text._ZN11TMC5160_SPI12motorCommandEhf
                0x08001cf0       0xd8 ./Core/Src/TMC5160_SPI.o
                0x08001cf0                TMC5160_SPI::motorCommand(unsigned char, float)
 .text._ZN11TMC5160_SPI12translateCANEhPh
                0x08001dc8        0xc ./Core/Src/TMC5160_SPI.o
                0x08001dc8                TMC5160_SPI::translateCAN(unsigned char, unsigned char*)
 .text._ZN11TMC5160_SPI6CAN_INEP19CAN_RxHeaderTypeDefPh
                0x08001dd4       0x28 ./Core/Src/TMC5160_SPI.o
                0x08001dd4                TMC5160_SPI::CAN_IN(CAN_RxHeaderTypeDef*, unsigned char*)
 .text._ZN11TMC5160_SPI15_SPItransactionEv
                0x08001dfc       0x34 ./Core/Src/TMC5160_SPI.o
                0x08001dfc                TMC5160_SPI::_SPItransaction()
 .text._ZN11TMC5160_SPI12readRegisterEh
                0x08001e30       0x24 ./Core/Src/TMC5160_SPI.o
                0x08001e30                TMC5160_SPI::readRegister(unsigned char)
 .text._ZN11TMC5160_SPI13writeRegisterEhm
                0x08001e54       0x26 ./Core/Src/TMC5160_SPI.o
                0x08001e54                TMC5160_SPI::writeRegister(unsigned char, unsigned long)
 .text._Z18SystemClock_Configv
                0x08001e7a       0x7e ./Core/Src/main.o
                0x08001e7a                SystemClock_Config()
 .text._Z9enableAllPP11TMC5160_SPI
                0x08001ef8       0x16 ./Core/Src/main.o
                0x08001ef8                enableAll(TMC5160_SPI**)
 .text._Z10disableAllPP11TMC5160_SPI
                0x08001f0e       0x16 ./Core/Src/main.o
                0x08001f0e                disableAll(TMC5160_SPI**)
 .text._Z12CAN_TransmitPP11TMC5160_SPIP19__CAN_HandleTypeDefP19CAN_TxHeaderTypeDefPm
                0x08001f24       0x6c ./Core/Src/main.o
                0x08001f24                CAN_Transmit(TMC5160_SPI**, __CAN_HandleTypeDef*, CAN_TxHeaderTypeDef*, unsigned long*)
 .text._Z10CAN_FilterP19__CAN_HandleTypeDefP19CAN_TxHeaderTypeDef
                0x08001f90       0xcc ./Core/Src/main.o
                0x08001f90                CAN_Filter(__CAN_HandleTypeDef*, CAN_TxHeaderTypeDef*)
 .text._Z8beginAllPP11TMC5160_SPIRKN7TMC516020PowerStageParametersERKNS2_15MotorParametersENS2_14MotorDirectionE
                0x0800205c       0x94 ./Core/Src/main.o
                0x0800205c                beginAll(TMC5160_SPI**, TMC5160::PowerStageParameters const&, TMC5160::MotorParameters const&, TMC5160::MotorDirection)
 .text.startup.main
                0x080020f0      0x3d4 ./Core/Src/main.o
                0x080020f0                main
 .text.HAL_MspInit
                0x080024c4       0x30 ./Core/Src/stm32f3xx_hal_msp.o
                0x080024c4                HAL_MspInit
 .text.HAL_ADC_MspInit
                0x080024f4       0x60 ./Core/Src/stm32f3xx_hal_msp.o
                0x080024f4                HAL_ADC_MspInit
 .text.HAL_CAN_MspInit
                0x08002554       0x64 ./Core/Src/stm32f3xx_hal_msp.o
                0x08002554                HAL_CAN_MspInit
 .text.HAL_SPI_MspInit
                0x080025b8       0x64 ./Core/Src/stm32f3xx_hal_msp.o
                0x080025b8                HAL_SPI_MspInit
 .text.NMI_Handler
                0x0800261c        0x2 ./Core/Src/stm32f3xx_it.o
                0x0800261c                NMI_Handler
 .text.HardFault_Handler
                0x0800261e        0x2 ./Core/Src/stm32f3xx_it.o
                0x0800261e                HardFault_Handler
 .text.MemManage_Handler
                0x08002620        0x2 ./Core/Src/stm32f3xx_it.o
                0x08002620                MemManage_Handler
 .text.BusFault_Handler
                0x08002622        0x2 ./Core/Src/stm32f3xx_it.o
                0x08002622                BusFault_Handler
 .text.UsageFault_Handler
                0x08002624        0x2 ./Core/Src/stm32f3xx_it.o
                0x08002624                UsageFault_Handler
 .text.SVC_Handler
                0x08002626        0x2 ./Core/Src/stm32f3xx_it.o
                0x08002626                SVC_Handler
 .text.DebugMon_Handler
                0x08002628        0x2 ./Core/Src/stm32f3xx_it.o
                0x08002628                DebugMon_Handler
 .text.PendSV_Handler
                0x0800262a        0x2 ./Core/Src/stm32f3xx_it.o
                0x0800262a                PendSV_Handler
 .text.SysTick_Handler
                0x0800262c        0x4 ./Core/Src/stm32f3xx_it.o
                0x0800262c                SysTick_Handler
 .text.SystemInit
                0x08002630       0x14 ./Core/Src/system_stm32f3xx.o
                0x08002630                SystemInit
 .text.Reset_Handler
                0x08002644       0x50 ./Core/Startup/startup_stm32f303cctx.o
                0x08002644                Reset_Handler
 .text.Default_Handler
                0x08002694        0x2 ./Core/Startup/startup_stm32f303cctx.o
                0x08002694                RTC_Alarm_IRQHandler
                0x08002694                TIM8_TRG_COM_IRQHandler
                0x08002694                TIM8_CC_IRQHandler
                0x08002694                TIM1_CC_IRQHandler
                0x08002694                USB_HP_IRQHandler
                0x08002694                PVD_IRQHandler
                0x08002694                TAMP_STAMP_IRQHandler
                0x08002694                EXTI3_IRQHandler
                0x08002694                USB_HP_CAN_TX_IRQHandler
                0x08002694                EXTI0_IRQHandler
                0x08002694                I2C2_EV_IRQHandler
                0x08002694                FPU_IRQHandler
                0x08002694                TIM1_UP_TIM16_IRQHandler
                0x08002694                ADC1_2_IRQHandler
                0x08002694                SPI1_IRQHandler
                0x08002694                CAN_SCE_IRQHandler
                0x08002694                TIM6_DAC_IRQHandler
                0x08002694                TIM8_UP_IRQHandler
                0x08002694                DMA2_Channel2_IRQHandler
                0x08002694                DMA1_Channel4_IRQHandler
                0x08002694                USART3_IRQHandler
                0x08002694                DMA1_Channel7_IRQHandler
                0x08002694                UART5_IRQHandler
                0x08002694                ADC3_IRQHandler
                0x08002694                TIM4_IRQHandler
                0x08002694                CAN_RX1_IRQHandler
                0x08002694                DMA2_Channel1_IRQHandler
                0x08002694                I2C1_EV_IRQHandler
                0x08002694                DMA1_Channel6_IRQHandler
                0x08002694                UART4_IRQHandler
                0x08002694                DMA2_Channel4_IRQHandler
                0x08002694                TIM3_IRQHandler
                0x08002694                RCC_IRQHandler
                0x08002694                DMA1_Channel1_IRQHandler
                0x08002694                Default_Handler
                0x08002694                USBWakeUp_RMP_IRQHandler
                0x08002694                EXTI15_10_IRQHandler
                0x08002694                TIM7_IRQHandler
                0x08002694                EXTI9_5_IRQHandler
                0x08002694                RTC_WKUP_IRQHandler
                0x08002694                SPI2_IRQHandler
                0x08002694                USB_LP_CAN_RX0_IRQHandler
                0x08002694                DMA2_Channel5_IRQHandler
                0x08002694                DMA1_Channel5_IRQHandler
                0x08002694                USB_LP_IRQHandler
                0x08002694                EXTI4_IRQHandler
                0x08002694                TIM1_TRG_COM_TIM17_IRQHandler
                0x08002694                DMA1_Channel3_IRQHandler
                0x08002694                ADC4_IRQHandler
                0x08002694                WWDG_IRQHandler
                0x08002694                TIM2_IRQHandler
                0x08002694                COMP7_IRQHandler
                0x08002694                COMP1_2_3_IRQHandler
                0x08002694                EXTI1_IRQHandler
                0x08002694                USART2_IRQHandler
                0x08002694                COMP4_5_6_IRQHandler
                0x08002694                I2C2_ER_IRQHandler
                0x08002694                DMA1_Channel2_IRQHandler
                0x08002694                TIM8_BRK_IRQHandler
                0x08002694                FLASH_IRQHandler
                0x08002694                USART1_IRQHandler
                0x08002694                SPI3_IRQHandler
                0x08002694                I2C1_ER_IRQHandler
                0x08002694                USBWakeUp_IRQHandler
                0x08002694                DMA2_Channel3_IRQHandler
                0x08002694                EXTI2_TSC_IRQHandler
                0x08002694                TIM1_BRK_TIM15_IRQHandler
 *fill*         0x08002696        0x2 
 .text.HAL_InitTick
                0x08002698       0x48 ./Drivers/STM32F3xx_HAL_Driver/Src/stm32f3xx_hal.o
                0x08002698                HAL_InitTick
 .text.HAL_Init
                0x080026e0       0x24 ./Drivers/STM32F3xx_HAL_Driver/Src/stm32f3xx_hal.o
                0x080026e0                HAL_Init
 .text.HAL_IncTick
                0x08002704       0x18 ./Drivers/STM32F3xx_HAL_Driver/Src/stm32f3xx_hal.o
                0x08002704                HAL_IncTick
 .text.HAL_GetTick
                0x0800271c        0xc ./Drivers/STM32F3xx_HAL_Driver/Src/stm32f3xx_hal.o
                0x0800271c                HAL_GetTick
 .text.HAL_Delay
                0x08002728       0x28 ./Drivers/STM32F3xx_HAL_Driver/Src/stm32f3xx_hal.o
                0x08002728                HAL_Delay
 .text.ADC_Disable
                0x08002750       0x64 ./Drivers/STM32F3xx_HAL_Driver/Src/stm32f3xx_hal_adc_ex.o
 .text.HAL_ADC_Init
                0x080027b4      0x238 ./Drivers/STM32F3xx_HAL_Driver/Src/stm32f3xx_hal_adc_ex.o
                0x080027b4                HAL_ADC_Init
 .text.HAL_ADC_ConfigChannel
                0x080029ec      0x308 ./Drivers/STM32F3xx_HAL_Driver/Src/stm32f3xx_hal_adc_ex.o
                0x080029ec                HAL_ADC_ConfigChannel
 .text.HAL_ADCEx_MultiModeConfigChannel
                0x08002cf4      0x108 ./Drivers/STM32F3xx_HAL_Driver/Src/stm32f3xx_hal_adc_ex.o
                0x08002cf4                HAL_ADCEx_MultiModeConfigChannel
 .text.HAL_CAN_Init
                0x08002dfc       0xf6 ./Drivers/STM32F3xx_HAL_Driver/Src/stm32f3xx_hal_can.o
                0x08002dfc                HAL_CAN_Init
 .text.HAL_CAN_ConfigFilter
                0x08002ef2       0xdc ./Drivers/STM32F3xx_HAL_Driver/Src/stm32f3xx_hal_can.o
                0x08002ef2                HAL_CAN_ConfigFilter
 .text.HAL_CAN_Start
                0x08002fce       0x56 ./Drivers/STM32F3xx_HAL_Driver/Src/stm32f3xx_hal_can.o
                0x08002fce                HAL_CAN_Start
 .text.HAL_CAN_AddTxMessage
                0x08003024       0x96 ./Drivers/STM32F3xx_HAL_Driver/Src/stm32f3xx_hal_can.o
                0x08003024                HAL_CAN_AddTxMessage
 .text.HAL_CAN_GetRxMessage
                0x080030ba       0xf8 ./Drivers/STM32F3xx_HAL_Driver/Src/stm32f3xx_hal_can.o
                0x080030ba                HAL_CAN_GetRxMessage
 .text.HAL_CAN_GetRxFifoFillLevel
                0x080031b2       0x1e ./Drivers/STM32F3xx_HAL_Driver/Src/stm32f3xx_hal_can.o
                0x080031b2                HAL_CAN_GetRxFifoFillLevel
 .text.HAL_NVIC_SetPriorityGrouping
                0x080031d0       0x24 ./Drivers/STM32F3xx_HAL_Driver/Src/stm32f3xx_hal_cortex.o
                0x080031d0                HAL_NVIC_SetPriorityGrouping
 .text.HAL_NVIC_SetPriority
                0x080031f4       0x64 ./Drivers/STM32F3xx_HAL_Driver/Src/stm32f3xx_hal_cortex.o
                0x080031f4                HAL_NVIC_SetPriority
 .text.HAL_SYSTICK_Config
                0x08003258       0x28 ./Drivers/STM32F3xx_HAL_Driver/Src/stm32f3xx_hal_cortex.o
                0x08003258                HAL_SYSTICK_Config
 .text.HAL_GPIO_Init
                0x08003280      0x188 ./Drivers/STM32F3xx_HAL_Driver/Src/stm32f3xx_hal_gpio.o
                0x08003280                HAL_GPIO_Init
 .text.HAL_GPIO_ReadPin
                0x08003408        0xc ./Drivers/STM32F3xx_HAL_Driver/Src/stm32f3xx_hal_gpio.o
                0x08003408                HAL_GPIO_ReadPin
 .text.HAL_GPIO_WritePin
                0x08003414        0xa ./Drivers/STM32F3xx_HAL_Driver/Src/stm32f3xx_hal_gpio.o
                0x08003414                HAL_GPIO_WritePin
 *fill*         0x0800341e        0x2 
 .text.HAL_RCC_OscConfig
                0x08003420      0x4b8 ./Drivers/STM32F3xx_HAL_Driver/Src/stm32f3xx_hal_rcc.o
                0x08003420                HAL_RCC_OscConfig
 .text.HAL_RCC_GetSysClockFreq
                0x080038d8       0x68 ./Drivers/STM32F3xx_HAL_Driver/Src/stm32f3xx_hal_rcc.o
                0x080038d8                HAL_RCC_GetSysClockFreq
 .text.HAL_RCC_ClockConfig
                0x08003940      0x150 ./Drivers/STM32F3xx_HAL_Driver/Src/stm32f3xx_hal_rcc.o
                0x08003940                HAL_RCC_ClockConfig
 .text.HAL_RCCEx_PeriphCLKConfig
                0x08003a90      0x1fc ./Drivers/STM32F3xx_HAL_Driver/Src/stm32f3xx_hal_rcc_ex.o
                0x08003a90                HAL_RCCEx_PeriphCLKConfig
 .text.SPI_WaitFlagStateUntilTimeout.constprop.0
                0x08003c8c       0xa4 ./Drivers/STM32F3xx_HAL_Driver/Src/stm32f3xx_hal_spi.o
 .text.SPI_WaitFifoStateUntilTimeout.constprop.0
                0x08003d30       0xc8 ./Drivers/STM32F3xx_HAL_Driver/Src/stm32f3xx_hal_spi.o
 .text.SPI_EndRxTxTransaction
                0x08003df8       0x44 ./Drivers/STM32F3xx_HAL_Driver/Src/stm32f3xx_hal_spi.o
 .text.HAL_SPI_Init
                0x08003e3c       0xdc ./Drivers/STM32F3xx_HAL_Driver/Src/stm32f3xx_hal_spi.o
                0x08003e3c                HAL_SPI_Init
 .text.HAL_SPI_TransmitReceive
                0x08003f18      0x260 ./Drivers/STM32F3xx_HAL_Driver/Src/stm32f3xx_hal_spi.o
                0x08003f18                HAL_SPI_TransmitReceive
 .text.floor    0x08004178       0xf8 C:/ST/STM32CubeIDE_1.17.0/STM32CubeIDE/plugins/com.st.stm32cube.ide.mcu.externaltools.gnu-tools-for-stm32.12.3.rel1.win32_1.1.0.202410251130/tools/bin/../lib/gcc/arm-none-eabi/12.3.1/../../../../arm-none-eabi/lib/thumb/v7e-m+fp/hard\libm.a(libm_a-s_floor.o)
                0x08004178                floor
 .text.memset   0x08004270       0x10 C:/ST/STM32CubeIDE_1.17.0/STM32CubeIDE/plugins/com.st.stm32cube.ide.mcu.externaltools.gnu-tools-for-stm32.12.3.rel1.win32_1.1.0.202410251130/tools/bin/../lib/gcc/arm-none-eabi/12.3.1/../../../../arm-none-eabi/lib/thumb/v7e-m+fp/hard\libc_nano.a(libc_a-memset.o)
                0x08004270                memset
 .text.__libc_init_array
                0x08004280       0x48 C:/ST/STM32CubeIDE_1.17.0/STM32CubeIDE/plugins/com.st.stm32cube.ide.mcu.externaltools.gnu-tools-for-stm32.12.3.rel1.win32_1.1.0.202410251130/tools/bin/../lib/gcc/arm-none-eabi/12.3.1/../../../../arm-none-eabi/lib/thumb/v7e-m+fp/hard\libc_nano.a(libc_a-init.o)
                0x08004280                __libc_init_array
 *(.glue_7)
 .glue_7        0x080042c8        0x0 linker stubs
 *(.glue_7t)
 .glue_7t       0x080042c8        0x0 linker stubs
 *(.eh_frame)
 .eh_frame      0x080042c8        0x0 C:/ST/STM32CubeIDE_1.17.0/STM32CubeIDE/plugins/com.st.stm32cube.ide.mcu.externaltools.gnu-tools-for-stm32.12.3.rel1.win32_1.1.0.202410251130/tools/bin/../lib/gcc/arm-none-eabi/12.3.1/thumb/v7e-m+fp/hard/crtbegin.o
 *(.init)
 .init          0x080042c8        0x4 C:/ST/STM32CubeIDE_1.17.0/STM32CubeIDE/plugins/com.st.stm32cube.ide.mcu.externaltools.gnu-tools-for-stm32.12.3.rel1.win32_1.1.0.202410251130/tools/bin/../lib/gcc/arm-none-eabi/12.3.1/thumb/v7e-m+fp/hard/crti.o
                0x080042c8                _init
 .init          0x080042cc        0x8 C:/ST/STM32CubeIDE_1.17.0/STM32CubeIDE/plugins/com.st.stm32cube.ide.mcu.externaltools.gnu-tools-for-stm32.12.3.rel1.win32_1.1.0.202410251130/tools/bin/../lib/gcc/arm-none-eabi/12.3.1/thumb/v7e-m+fp/hard/crtn.o
 *(.fini)
 .fini          0x080042d4        0x4 C:/ST/STM32CubeIDE_1.17.0/STM32CubeIDE/plugins/com.st.stm32cube.ide.mcu.externaltools.gnu-tools-for-stm32.12.3.rel1.win32_1.1.0.202410251130/tools/bin/../lib/gcc/arm-none-eabi/12.3.1/thumb/v7e-m+fp/hard/crti.o
                0x080042d4                _fini
 .fini          0x080042d8        0x8 C:/ST/STM32CubeIDE_1.17.0/STM32CubeIDE/plugins/com.st.stm32cube.ide.mcu.externaltools.gnu-tools-for-stm32.12.3.rel1.win32_1.1.0.202410251130/tools/bin/../lib/gcc/arm-none-eabi/12.3.1/thumb/v7e-m+fp/hard/crtn.o
                0x080042e0                        . = ALIGN (0x4)
                0x080042e0                        _etext = .

.vfp11_veneer   0x080042e0        0x0
 .vfp11_veneer  0x080042e0        0x0 linker stubs

.v4_bx          0x080042e0        0x0
 .v4_bx         0x080042e0        0x0 linker stubs

.iplt           0x080042e0        0x0
 .iplt          0x080042e0        0x0 C:/ST/STM32CubeIDE_1.17.0/STM32CubeIDE/plugins/com.st.stm32cube.ide.mcu.externaltools.gnu-tools-for-stm32.12.3.rel1.win32_1.1.0.202410251130/tools/bin/../lib/gcc/arm-none-eabi/12.3.1/thumb/v7e-m+fp/hard/crtbegin.o

.rodata         0x080042e0       0x64
                0x080042e0                        . = ALIGN (0x4)
 *(.rodata)
 .rodata        0x080042e0        0xc ./Core/Src/main.o
 *(.rodata*)
 .rodata._ZTV7TMC5160
                0x080042ec       0x14 ./Core/Src/TMC5160.o
                0x080042ec                vtable for TMC5160
 .rodata._ZTV11TMC5160_SPI
                0x08004300       0x14 ./Core/Src/TMC5160_SPI.o
                0x08004300                vtable for TMC5160_SPI
 .rodata.AHBPrescTable
                0x08004314       0x10 ./Core/Src/system_stm32f3xx.o
                0x08004314                AHBPrescTable
 .rodata.aPredivFactorTable
                0x08004324       0x10 ./Drivers/STM32F3xx_HAL_Driver/Src/stm32f3xx_hal_rcc.o
 .rodata.aPLLMULFactorTable
                0x08004334       0x10 ./Drivers/STM32F3xx_HAL_Driver/Src/stm32f3xx_hal_rcc.o
                0x08004344                        . = ALIGN (0x4)

.rel.dyn        0x08004344        0x0
 .rel.iplt      0x08004344        0x0 C:/ST/STM32CubeIDE_1.17.0/STM32CubeIDE/plugins/com.st.stm32cube.ide.mcu.externaltools.gnu-tools-for-stm32.12.3.rel1.win32_1.1.0.202410251130/tools/bin/../lib/gcc/arm-none-eabi/12.3.1/thumb/v7e-m+fp/hard/crtbegin.o

.ARM.extab      0x08004344        0x0
                0x08004344                        . = ALIGN (0x4)
 *(.ARM.extab* .gnu.linkonce.armextab.*)
                0x08004344                        . = ALIGN (0x4)

.ARM            0x08004344        0x0
                0x08004344                        . = ALIGN (0x4)
                0x08004344                        __exidx_start = .
 *(.ARM.exidx*)
                0x08004344                        __exidx_end = .
                0x08004344                        . = ALIGN (0x4)

.preinit_array  0x08004344        0x0
                0x08004344                        . = ALIGN (0x4)
                0x08004344                        PROVIDE (__preinit_array_start = .)
 *(.preinit_array*)
                0x08004344                        PROVIDE (__preinit_array_end = .)
                0x08004344                        . = ALIGN (0x4)

.init_array     0x08004344        0x4
                0x08004344                        . = ALIGN (0x4)
                0x08004344                        PROVIDE (__init_array_start = .)
 *(SORT_BY_NAME(.init_array.*))
 *(.init_array*)
 .init_array    0x08004344        0x4 C:/ST/STM32CubeIDE_1.17.0/STM32CubeIDE/plugins/com.st.stm32cube.ide.mcu.externaltools.gnu-tools-for-stm32.12.3.rel1.win32_1.1.0.202410251130/tools/bin/../lib/gcc/arm-none-eabi/12.3.1/thumb/v7e-m+fp/hard/crtbegin.o
                0x08004348                        PROVIDE (__init_array_end = .)
                0x08004348                        . = ALIGN (0x4)

.fini_array     0x08004348        0x4
                0x08004348                        . = ALIGN (0x4)
                [!provide]                        PROVIDE (__fini_array_start = .)
 *(SORT_BY_NAME(.fini_array.*))
 *(.fini_array*)
 .fini_array    0x08004348        0x4 C:/ST/STM32CubeIDE_1.17.0/STM32CubeIDE/plugins/com.st.stm32cube.ide.mcu.externaltools.gnu-tools-for-stm32.12.3.rel1.win32_1.1.0.202410251130/tools/bin/../lib/gcc/arm-none-eabi/12.3.1/thumb/v7e-m+fp/hard/crtbegin.o
                [!provide]                        PROVIDE (__fini_array_end = .)
                0x0800434c                        . = ALIGN (0x4)
                0x0800434c                        _sidata = LOADADDR (.data)

.data           0x20000000        0xc load address 0x0800434c
                0x20000000                        . = ALIGN (0x4)
                0x20000000                        _sdata = .
 *(.data)
 *(.data*)
 .data.SystemCoreClock
                0x20000000        0x4 ./Core/Src/system_stm32f3xx.o
                0x20000000                SystemCoreClock
 .data.uwTickFreq
                0x20000004        0x1 ./Drivers/STM32F3xx_HAL_Driver/Src/stm32f3xx_hal.o
                0x20000004                uwTickFreq
 *fill*         0x20000005        0x3 
 .data.uwTickPrio
                0x20000008        0x4 ./Drivers/STM32F3xx_HAL_Driver/Src/stm32f3xx_hal.o
                0x20000008                uwTickPrio
 *(.RamFunc)
 *(.RamFunc*)
                0x2000000c                        . = ALIGN (0x4)
                0x2000000c                        _edata = .
                0x08004358                        _siccmram = LOADADDR (.ccmram)

.igot.plt       0x2000000c        0x0 load address 0x08004358
 .igot.plt      0x2000000c        0x0 C:/ST/STM32CubeIDE_1.17.0/STM32CubeIDE/plugins/com.st.stm32cube.ide.mcu.externaltools.gnu-tools-for-stm32.12.3.rel1.win32_1.1.0.202410251130/tools/bin/../lib/gcc/arm-none-eabi/12.3.1/thumb/v7e-m+fp/hard/crtbegin.o

.ccmram         0x10000000        0x0 load address 0x08004358
                0x10000000                        . = ALIGN (0x4)
                0x10000000                        _sccmram = .
 *(.ccmram)
 *(.ccmram*)
                0x10000000                        . = ALIGN (0x4)
                0x10000000                        _eccmram = .
                0x10000000                        . = ALIGN (0x4)

.bss            0x2000000c       0xfc
                0x2000000c                        _sbss = .
                0x2000000c                        __bss_start__ = _sbss
 *(.bss)
 .bss           0x2000000c       0x1c C:/ST/STM32CubeIDE_1.17.0/STM32CubeIDE/plugins/com.st.stm32cube.ide.mcu.externaltools.gnu-tools-for-stm32.12.3.rel1.win32_1.1.0.202410251130/tools/bin/../lib/gcc/arm-none-eabi/12.3.1/thumb/v7e-m+fp/hard/crtbegin.o
 *(.bss*)
 .bss.hspi1     0x20000028       0x64 ./Core/Src/main.o
                0x20000028                hspi1
 .bss.hcan      0x2000008c       0x28 ./Core/Src/main.o
                0x2000008c                hcan
 .bss.hadc3     0x200000b4       0x50 ./Core/Src/main.o
                0x200000b4                hadc3
 .bss.uwTick    0x20000104        0x4 ./Drivers/STM32F3xx_HAL_Driver/Src/stm32f3xx_hal.o
                0x20000104                uwTick
 *(COMMON)
                0x20000108                        . = ALIGN (0x4)
                0x20000108                        _ebss = .
                0x20000108                        __bss_end__ = _ebss

._user_heap_stack
                0x20000108      0x600
                0x20000108                        . = ALIGN (0x8)
                [!provide]                        PROVIDE (end = .)
                0x20000108                        PROVIDE (_end = .)
                0x20000308                        . = (. + _Min_Heap_Size)
 *fill*         0x20000108      0x200 
                0x20000708                        . = (. + _Min_Stack_Size)
 *fill*         0x20000308      0x400 
                0x20000708                        . = ALIGN (0x8)

/DISCARD/
 libc.a(*)
 libm.a(*)
 libgcc.a(*)

.ARM.attributes
                0x00000000       0x30
 *(.ARM.attributes)
 .ARM.attributes
                0x00000000       0x22 C:/ST/STM32CubeIDE_1.17.0/STM32CubeIDE/plugins/com.st.stm32cube.ide.mcu.externaltools.gnu-tools-for-stm32.12.3.rel1.win32_1.1.0.202410251130/tools/bin/../lib/gcc/arm-none-eabi/12.3.1/thumb/v7e-m+fp/hard/crti.o
 .ARM.attributes
                0x00000022       0x34 C:/ST/STM32CubeIDE_1.17.0/STM32CubeIDE/plugins/com.st.stm32cube.ide.mcu.externaltools.gnu-tools-for-stm32.12.3.rel1.win32_1.1.0.202410251130/tools/bin/../lib/gcc/arm-none-eabi/12.3.1/thumb/v7e-m+fp/hard/crtbegin.o
 .ARM.attributes
                0x00000056       0x34 ./Core/Src/EEPROM.o
 .ARM.attributes
                0x0000008a       0x34 ./Core/Src/TMC5160.o
 .ARM.attributes
                0x000000be       0x34 ./Core/Src/TMC5160_SPI.o
 .ARM.attributes
                0x000000f2       0x34 ./Core/Src/main.o
 .ARM.attributes
                0x00000126       0x34 ./Core/Src/stm32f3xx_hal_msp.o
 .ARM.attributes
                0x0000015a       0x34 ./Core/Src/stm32f3xx_it.o
 .ARM.attributes
                0x0000018e       0x34 ./Core/Src/system_stm32f3xx.o
 .ARM.attributes
                0x000001c2       0x21 ./Core/Startup/startup_stm32f303cctx.o
 .ARM.attributes
                0x000001e3       0x34 ./Drivers/STM32F3xx_HAL_Driver/Src/stm32f3xx_hal.o
 .ARM.attributes
                0x00000217       0x34 ./Drivers/STM32F3xx_HAL_Driver/Src/stm32f3xx_hal_adc_ex.o
 .ARM.attributes
                0x0000024b       0x34 ./Drivers/STM32F3xx_HAL_Driver/Src/stm32f3xx_hal_can.o
 .ARM.attributes
                0x0000027f       0x34 ./Drivers/STM32F3xx_HAL_Driver/Src/stm32f3xx_hal_cortex.o
 .ARM.attributes
                0x000002b3       0x34 ./Drivers/STM32F3xx_HAL_Driver/Src/stm32f3xx_hal_gpio.o
 .ARM.attributes
                0x000002e7       0x34 ./Drivers/STM32F3xx_HAL_Driver/Src/stm32f3xx_hal_rcc.o
 .ARM.attributes
                0x0000031b       0x34 ./Drivers/STM32F3xx_HAL_Driver/Src/stm32f3xx_hal_rcc_ex.o
 .ARM.attributes
                0x0000034f       0x34 ./Drivers/STM32F3xx_HAL_Driver/Src/stm32f3xx_hal_spi.o
 .ARM.attributes
                0x00000383       0x34 C:/ST/STM32CubeIDE_1.17.0/STM32CubeIDE/plugins/com.st.stm32cube.ide.mcu.externaltools.gnu-tools-for-stm32.12.3.rel1.win32_1.1.0.202410251130/tools/bin/../lib/gcc/arm-none-eabi/12.3.1/../../../../arm-none-eabi/lib/thumb/v7e-m+fp/hard\libm.a(libm_a-s_floor.o)
 .ARM.attributes
                0x000003b7       0x34 C:/ST/STM32CubeIDE_1.17.0/STM32CubeIDE/plugins/com.st.stm32cube.ide.mcu.externaltools.gnu-tools-for-stm32.12.3.rel1.win32_1.1.0.202410251130/tools/bin/../lib/gcc/arm-none-eabi/12.3.1/../../../../arm-none-eabi/lib/thumb/v7e-m+fp/hard\libc_nano.a(libc_a-memset.o)
 .ARM.attributes
                0x000003eb       0x34 C:/ST/STM32CubeIDE_1.17.0/STM32CubeIDE/plugins/com.st.stm32cube.ide.mcu.externaltools.gnu-tools-for-stm32.12.3.rel1.win32_1.1.0.202410251130/tools/bin/../lib/gcc/arm-none-eabi/12.3.1/../../../../arm-none-eabi/lib/thumb/v7e-m+fp/hard\libc_nano.a(libc_a-init.o)
 .ARM.attributes
                0x0000041f       0x22 C:/ST/STM32CubeIDE_1.17.0/STM32CubeIDE/plugins/com.st.stm32cube.ide.mcu.externaltools.gnu-tools-for-stm32.12.3.rel1.win32_1.1.0.202410251130/tools/bin/../lib/gcc/arm-none-eabi/12.3.1/thumb/v7e-m+fp/hard\libgcc.a(_arm_addsubdf3.o)
 .ARM.attributes
                0x00000441       0x22 C:/ST/STM32CubeIDE_1.17.0/STM32CubeIDE/plugins/com.st.stm32cube.ide.mcu.externaltools.gnu-tools-for-stm32.12.3.rel1.win32_1.1.0.202410251130/tools/bin/../lib/gcc/arm-none-eabi/12.3.1/thumb/v7e-m+fp/hard\libgcc.a(_arm_muldivdf3.o)
 .ARM.attributes
                0x00000463       0x22 C:/ST/STM32CubeIDE_1.17.0/STM32CubeIDE/plugins/com.st.stm32cube.ide.mcu.externaltools.gnu-tools-for-stm32.12.3.rel1.win32_1.1.0.202410251130/tools/bin/../lib/gcc/arm-none-eabi/12.3.1/thumb/v7e-m+fp/hard\libgcc.a(_arm_cmpdf2.o)
 .ARM.attributes
                0x00000485       0x22 C:/ST/STM32CubeIDE_1.17.0/STM32CubeIDE/plugins/com.st.stm32cube.ide.mcu.externaltools.gnu-tools-for-stm32.12.3.rel1.win32_1.1.0.202410251130/tools/bin/../lib/gcc/arm-none-eabi/12.3.1/thumb/v7e-m+fp/hard\libgcc.a(_arm_fixdfsi.o)
 .ARM.attributes
                0x000004a7       0x22 C:/ST/STM32CubeIDE_1.17.0/STM32CubeIDE/plugins/com.st.stm32cube.ide.mcu.externaltools.gnu-tools-for-stm32.12.3.rel1.win32_1.1.0.202410251130/tools/bin/../lib/gcc/arm-none-eabi/12.3.1/thumb/v7e-m+fp/hard\libgcc.a(_arm_fixunsdfsi.o)
 .ARM.attributes
                0x000004c9       0x22 C:/ST/STM32CubeIDE_1.17.0/STM32CubeIDE/plugins/com.st.stm32cube.ide.mcu.externaltools.gnu-tools-for-stm32.12.3.rel1.win32_1.1.0.202410251130/tools/bin/../lib/gcc/arm-none-eabi/12.3.1/thumb/v7e-m+fp/hard\libgcc.a(_arm_truncdfsf2.o)
 .ARM.attributes
                0x000004eb       0x34 C:/ST/STM32CubeIDE_1.17.0/STM32CubeIDE/plugins/com.st.stm32cube.ide.mcu.externaltools.gnu-tools-for-stm32.12.3.rel1.win32_1.1.0.202410251130/tools/bin/../lib/gcc/arm-none-eabi/12.3.1/thumb/v7e-m+fp/hard\libgcc.a(_fixsfdi.o)
 .ARM.attributes
                0x0000051f       0x34 C:/ST/STM32CubeIDE_1.17.0/STM32CubeIDE/plugins/com.st.stm32cube.ide.mcu.externaltools.gnu-tools-for-stm32.12.3.rel1.win32_1.1.0.202410251130/tools/bin/../lib/gcc/arm-none-eabi/12.3.1/thumb/v7e-m+fp/hard\libgcc.a(_fixunssfdi.o)
 .ARM.attributes
                0x00000553       0x22 C:/ST/STM32CubeIDE_1.17.0/STM32CubeIDE/plugins/com.st.stm32cube.ide.mcu.externaltools.gnu-tools-for-stm32.12.3.rel1.win32_1.1.0.202410251130/tools/bin/../lib/gcc/arm-none-eabi/12.3.1/thumb/v7e-m+fp/hard/crtn.o
OUTPUT(SUPER_SPEEDY.elf elf32-littlearm)
LOAD linker stubs
LOAD C:/ST/STM32CubeIDE_1.17.0/STM32CubeIDE/plugins/com.st.stm32cube.ide.mcu.externaltools.gnu-tools-for-stm32.12.3.rel1.win32_1.1.0.202410251130/tools/bin/../lib/gcc/arm-none-eabi/12.3.1/../../../../arm-none-eabi/lib/thumb/v7e-m+fp/hard\libc.a
LOAD C:/ST/STM32CubeIDE_1.17.0/STM32CubeIDE/plugins/com.st.stm32cube.ide.mcu.externaltools.gnu-tools-for-stm32.12.3.rel1.win32_1.1.0.202410251130/tools/bin/../lib/gcc/arm-none-eabi/12.3.1/../../../../arm-none-eabi/lib/thumb/v7e-m+fp/hard\libm.a
LOAD C:/ST/STM32CubeIDE_1.17.0/STM32CubeIDE/plugins/com.st.stm32cube.ide.mcu.externaltools.gnu-tools-for-stm32.12.3.rel1.win32_1.1.0.202410251130/tools/bin/../lib/gcc/arm-none-eabi/12.3.1/thumb/v7e-m+fp/hard\libgcc.a

.comment        0x00000000       0x43
 .comment       0x00000000       0x43 ./Core/Src/EEPROM.o
                                 0x44 (size before relaxing)
 .comment       0x00000043       0x44 ./Core/Src/TMC5160.o
 .comment       0x00000043       0x44 ./Core/Src/TMC5160_SPI.o
 .comment       0x00000043       0x44 ./Core/Src/main.o
 .comment       0x00000043       0x44 ./Core/Src/stm32f3xx_hal_msp.o
 .comment       0x00000043       0x44 ./Core/Src/stm32f3xx_it.o
 .comment       0x00000043       0x44 ./Core/Src/system_stm32f3xx.o
 .comment       0x00000043       0x44 ./Drivers/STM32F3xx_HAL_Driver/Src/stm32f3xx_hal.o
 .comment       0x00000043       0x44 ./Drivers/STM32F3xx_HAL_Driver/Src/stm32f3xx_hal_adc_ex.o
 .comment       0x00000043       0x44 ./Drivers/STM32F3xx_HAL_Driver/Src/stm32f3xx_hal_can.o
 .comment       0x00000043       0x44 ./Drivers/STM32F3xx_HAL_Driver/Src/stm32f3xx_hal_cortex.o
 .comment       0x00000043       0x44 ./Drivers/STM32F3xx_HAL_Driver/Src/stm32f3xx_hal_gpio.o
 .comment       0x00000043       0x44 ./Drivers/STM32F3xx_HAL_Driver/Src/stm32f3xx_hal_rcc.o
 .comment       0x00000043       0x44 ./Drivers/STM32F3xx_HAL_Driver/Src/stm32f3xx_hal_rcc_ex.o
 .comment       0x00000043       0x44 ./Drivers/STM32F3xx_HAL_Driver/Src/stm32f3xx_hal_spi.o

.debug_frame    0x00000000      0x2fc
 .debug_frame   0x00000000       0x30 C:/ST/STM32CubeIDE_1.17.0/STM32CubeIDE/plugins/com.st.stm32cube.ide.mcu.externaltools.gnu-tools-for-stm32.12.3.rel1.win32_1.1.0.202410251130/tools/bin/../lib/gcc/arm-none-eabi/12.3.1/../../../../arm-none-eabi/lib/thumb/v7e-m+fp/hard\libm.a(libm_a-s_floor.o)
 .debug_frame   0x00000030       0x20 C:/ST/STM32CubeIDE_1.17.0/STM32CubeIDE/plugins/com.st.stm32cube.ide.mcu.externaltools.gnu-tools-for-stm32.12.3.rel1.win32_1.1.0.202410251130/tools/bin/../lib/gcc/arm-none-eabi/12.3.1/../../../../arm-none-eabi/lib/thumb/v7e-m+fp/hard\libc_nano.a(libc_a-memset.o)
 .debug_frame   0x00000050       0x2c C:/ST/STM32CubeIDE_1.17.0/STM32CubeIDE/plugins/com.st.stm32cube.ide.mcu.externaltools.gnu-tools-for-stm32.12.3.rel1.win32_1.1.0.202410251130/tools/bin/../lib/gcc/arm-none-eabi/12.3.1/../../../../arm-none-eabi/lib/thumb/v7e-m+fp/hard\libc_nano.a(libc_a-init.o)
 .debug_frame   0x0000007c       0xac C:/ST/STM32CubeIDE_1.17.0/STM32CubeIDE/plugins/com.st.stm32cube.ide.mcu.externaltools.gnu-tools-for-stm32.12.3.rel1.win32_1.1.0.202410251130/tools/bin/../lib/gcc/arm-none-eabi/12.3.1/thumb/v7e-m+fp/hard\libgcc.a(_arm_addsubdf3.o)
 .debug_frame   0x00000128       0x50 C:/ST/STM32CubeIDE_1.17.0/STM32CubeIDE/plugins/com.st.stm32cube.ide.mcu.externaltools.gnu-tools-for-stm32.12.3.rel1.win32_1.1.0.202410251130/tools/bin/../lib/gcc/arm-none-eabi/12.3.1/thumb/v7e-m+fp/hard\libgcc.a(_arm_muldivdf3.o)
 .debug_frame   0x00000178       0xc4 C:/ST/STM32CubeIDE_1.17.0/STM32CubeIDE/plugins/com.st.stm32cube.ide.mcu.externaltools.gnu-tools-for-stm32.12.3.rel1.win32_1.1.0.202410251130/tools/bin/../lib/gcc/arm-none-eabi/12.3.1/thumb/v7e-m+fp/hard\libgcc.a(_arm_cmpdf2.o)
 .debug_frame   0x0000023c       0x24 C:/ST/STM32CubeIDE_1.17.0/STM32CubeIDE/plugins/com.st.stm32cube.ide.mcu.externaltools.gnu-tools-for-stm32.12.3.rel1.win32_1.1.0.202410251130/tools/bin/../lib/gcc/arm-none-eabi/12.3.1/thumb/v7e-m+fp/hard\libgcc.a(_arm_fixdfsi.o)
 .debug_frame   0x00000260       0x24 C:/ST/STM32CubeIDE_1.17.0/STM32CubeIDE/plugins/com.st.stm32cube.ide.mcu.externaltools.gnu-tools-for-stm32.12.3.rel1.win32_1.1.0.202410251130/tools/bin/../lib/gcc/arm-none-eabi/12.3.1/thumb/v7e-m+fp/hard\libgcc.a(_arm_fixunsdfsi.o)
 .debug_frame   0x00000284       0x24 C:/ST/STM32CubeIDE_1.17.0/STM32CubeIDE/plugins/com.st.stm32cube.ide.mcu.externaltools.gnu-tools-for-stm32.12.3.rel1.win32_1.1.0.202410251130/tools/bin/../lib/gcc/arm-none-eabi/12.3.1/thumb/v7e-m+fp/hard\libgcc.a(_arm_truncdfsf2.o)
 .debug_frame   0x000002a8       0x28 C:/ST/STM32CubeIDE_1.17.0/STM32CubeIDE/plugins/com.st.stm32cube.ide.mcu.externaltools.gnu-tools-for-stm32.12.3.rel1.win32_1.1.0.202410251130/tools/bin/../lib/gcc/arm-none-eabi/12.3.1/thumb/v7e-m+fp/hard\libgcc.a(_fixsfdi.o)
 .debug_frame   0x000002d0       0x2c C:/ST/STM32CubeIDE_1.17.0/STM32CubeIDE/plugins/com.st.stm32cube.ide.mcu.externaltools.gnu-tools-for-stm32.12.3.rel1.win32_1.1.0.202410251130/tools/bin/../lib/gcc/arm-none-eabi/12.3.1/thumb/v7e-m+fp/hard\libgcc.a(_fixunssfdi.o)
